Component: ARM Compiler 5.06 update 7 (build 960) Tool: armlink [4d3601]

==============================================================================

Section Cross References

    startup_stm32f10x_hd.o(RESET) refers to startup_stm32f10x_hd.o(STACK) for __initial_sp
    startup_stm32f10x_hd.o(RESET) refers to startup_stm32f10x_hd.o(.text) for Reset_Handler
    startup_stm32f10x_hd.o(RESET) refers to stm32f10x_it.o(i.NMI_Handler) for NMI_Handler
    startup_stm32f10x_hd.o(RESET) refers to stm32f10x_it.o(i.HardFault_Handler) for HardFault_Handler
    startup_stm32f10x_hd.o(RESET) refers to stm32f10x_it.o(i.MemManage_Handler) for MemManage_Handler
    startup_stm32f10x_hd.o(RESET) refers to stm32f10x_it.o(i.BusFault_Handler) for BusFault_Handler
    startup_stm32f10x_hd.o(RESET) refers to stm32f10x_it.o(i.UsageFault_Handler) for UsageFault_Handler
    startup_stm32f10x_hd.o(RESET) refers to stm32f10x_it.o(i.SVC_Handler) for SVC_Handler
    startup_stm32f10x_hd.o(RESET) refers to stm32f10x_it.o(i.DebugMon_Handler) for DebugMon_Handler
    startup_stm32f10x_hd.o(RESET) refers to stm32f10x_it.o(i.PendSV_Handler) for PendSV_Handler
    startup_stm32f10x_hd.o(RESET) refers to stm32f10x_it.o(i.SysTick_Handler) for SysTick_Handler
    startup_stm32f10x_hd.o(RESET) refers to stm32f10x_it.o(i.EXTI2_IRQHandler) for EXTI2_IRQHandler
    startup_stm32f10x_hd.o(RESET) refers to stm32f10x_it.o(i.EXTI3_IRQHandler) for EXTI3_IRQHandler
    startup_stm32f10x_hd.o(RESET) refers to stm32f10x_it.o(i.ADC1_2_IRQHandler) for ADC1_2_IRQHandler
    startup_stm32f10x_hd.o(RESET) refers to stm32f10x_it.o(i.TIM6_IRQHandler) for TIM6_IRQHandler
    startup_stm32f10x_hd.o(RESET) refers to stm32f10x_it.o(i.TIM7_IRQHandler) for TIM7_IRQHandler
    startup_stm32f10x_hd.o(.text) refers to system_stm32f10x.o(i.SystemInit) for SystemInit
    startup_stm32f10x_hd.o(.text) refers to entry.o(.ARM.Collect$$$$00000000) for __main
    system_stm32f10x.o(i.SetSysClock) refers to system_stm32f10x.o(i.SetSysClockTo72) for SetSysClockTo72
    system_stm32f10x.o(i.SystemCoreClockUpdate) refers to system_stm32f10x.o(.data) for SystemCoreClock
    system_stm32f10x.o(i.SystemInit) refers to system_stm32f10x.o(i.SetSysClock) for SetSysClock
    stm32f10x_rcc.o(i.RCC_GetClocksFreq) refers to stm32f10x_rcc.o(.data) for APBAHBPrescTable
    stm32f10x_rcc.o(i.RCC_WaitForHSEStartUp) refers to stm32f10x_rcc.o(i.RCC_GetFlagStatus) for RCC_GetFlagStatus
    stm32f10x_gpio.o(i.GPIO_AFIODeInit) refers to stm32f10x_rcc.o(i.RCC_APB2PeriphResetCmd) for RCC_APB2PeriphResetCmd
    stm32f10x_gpio.o(i.GPIO_DeInit) refers to stm32f10x_rcc.o(i.RCC_APB2PeriphResetCmd) for RCC_APB2PeriphResetCmd
    stm32f10x_usart.o(i.USART_DeInit) refers to stm32f10x_rcc.o(i.RCC_APB2PeriphResetCmd) for RCC_APB2PeriphResetCmd
    stm32f10x_usart.o(i.USART_DeInit) refers to stm32f10x_rcc.o(i.RCC_APB1PeriphResetCmd) for RCC_APB1PeriphResetCmd
    stm32f10x_usart.o(i.USART_Init) refers to stm32f10x_rcc.o(i.RCC_GetClocksFreq) for RCC_GetClocksFreq
    stm32f10x_tim.o(i.TIM_DeInit) refers to stm32f10x_rcc.o(i.RCC_APB2PeriphResetCmd) for RCC_APB2PeriphResetCmd
    stm32f10x_tim.o(i.TIM_DeInit) refers to stm32f10x_rcc.o(i.RCC_APB1PeriphResetCmd) for RCC_APB1PeriphResetCmd
    stm32f10x_tim.o(i.TIM_ETRClockMode1Config) refers to stm32f10x_tim.o(i.TIM_ETRConfig) for TIM_ETRConfig
    stm32f10x_tim.o(i.TIM_ETRClockMode2Config) refers to stm32f10x_tim.o(i.TIM_ETRConfig) for TIM_ETRConfig
    stm32f10x_tim.o(i.TIM_ICInit) refers to stm32f10x_tim.o(i.TI1_Config) for TI1_Config
    stm32f10x_tim.o(i.TIM_ICInit) refers to stm32f10x_tim.o(i.TIM_SetIC1Prescaler) for TIM_SetIC1Prescaler
    stm32f10x_tim.o(i.TIM_ICInit) refers to stm32f10x_tim.o(i.TI2_Config) for TI2_Config
    stm32f10x_tim.o(i.TIM_ICInit) refers to stm32f10x_tim.o(i.TIM_SetIC2Prescaler) for TIM_SetIC2Prescaler
    stm32f10x_tim.o(i.TIM_ICInit) refers to stm32f10x_tim.o(i.TI3_Config) for TI3_Config
    stm32f10x_tim.o(i.TIM_ICInit) refers to stm32f10x_tim.o(i.TIM_SetIC3Prescaler) for TIM_SetIC3Prescaler
    stm32f10x_tim.o(i.TIM_ICInit) refers to stm32f10x_tim.o(i.TI4_Config) for TI4_Config
    stm32f10x_tim.o(i.TIM_ICInit) refers to stm32f10x_tim.o(i.TIM_SetIC4Prescaler) for TIM_SetIC4Prescaler
    stm32f10x_tim.o(i.TIM_ITRxExternalClockConfig) refers to stm32f10x_tim.o(i.TIM_SelectInputTrigger) for TIM_SelectInputTrigger
    stm32f10x_tim.o(i.TIM_PWMIConfig) refers to stm32f10x_tim.o(i.TI1_Config) for TI1_Config
    stm32f10x_tim.o(i.TIM_PWMIConfig) refers to stm32f10x_tim.o(i.TIM_SetIC1Prescaler) for TIM_SetIC1Prescaler
    stm32f10x_tim.o(i.TIM_PWMIConfig) refers to stm32f10x_tim.o(i.TI2_Config) for TI2_Config
    stm32f10x_tim.o(i.TIM_PWMIConfig) refers to stm32f10x_tim.o(i.TIM_SetIC2Prescaler) for TIM_SetIC2Prescaler
    stm32f10x_tim.o(i.TIM_TIxExternalClockConfig) refers to stm32f10x_tim.o(i.TI2_Config) for TI2_Config
    stm32f10x_tim.o(i.TIM_TIxExternalClockConfig) refers to stm32f10x_tim.o(i.TI1_Config) for TI1_Config
[...]
    i.HBD_AutoLEDBGProcess                   0x080018cc   Section        0  hbd_ctrl.o(i.HBD_AutoLEDBGProcess)
    HBD_AutoLEDBGProcess                     0x080018cd   Thumb Code   882  hbd_ctrl.o(i.HBD_AutoLEDBGProcess)
    i.HBD_AutoLedAdjustRawdataToIdeal        0x08001c5c   Section        0  hbd_ctrl.o(i.HBD_AutoLedAdjustRawdataToIdeal)
    HBD_AutoLedAdjustRawdataToIdeal          0x08001c5d   Thumb Code   468  hbd_ctrl.o(i.HBD_AutoLedAdjustRawdataToIdeal)
    i.HBD_AutoLedBGBufferRecursionCalc       0x08001e38   Section        0  hbd_ctrl.o(i.HBD_AutoLedBGBufferRecursionCalc)
    HBD_AutoLedBGBufferRecursionCalc         0x08001e39   Thumb Code    50  hbd_ctrl.o(i.HBD_AutoLedBGBufferRecursionCalc)
    i.HBD_AutoLedCalcGainCurrent             0x08001e70   Section        0  hbd_ctrl.o(i.HBD_AutoLedCalcGainCurrent)
    i.HBD_AutoLedCalcTrigerFlag              0x080020a8   Section        0  hbd_ctrl.o(i.HBD_AutoLedCalcTrigerFlag)
    HBD_AutoLedCalcTrigerFlag                0x080020a9   Thumb Code   132  hbd_ctrl.o(i.HBD_AutoLedCalcTrigerFlag)
    i.HBD_AutoLedCompatibleMode              0x08002134   Section        0  hbd_ctrl.o(i.HBD_AutoLedCompatibleMode)
    HBD_AutoLedCompatibleMode                0x08002135   Thumb Code   256  hbd_ctrl.o(i.HBD_AutoLedCompatibleMode)
    i.HBD_AutoLedDirectCalculate             0x08002248   Section        0  hbd_ctrl.o(i.HBD_AutoLedDirectCalculate)
    HBD_AutoLedDirectCalculate               0x08002249   Thumb Code    86  hbd_ctrl.o(i.HBD_AutoLedDirectCalculate)
    i.HBD_AutoLedDirectCalculateJudge        0x080022a4   Section        0  hbd_ctrl.o(i.HBD_AutoLedDirectCalculateJudge)
    HBD_AutoLedDirectCalculateJudge          0x080022a5   Thumb Code   124  hbd_ctrl.o(i.HBD_AutoLedDirectCalculateJudge)
    i.HBD_AutoLedGetCurrentAndGain           0x08002320   Section        0  hbd_ctrl.o(i.HBD_AutoLedGetCurrentAndGain)
    i.HBD_AutoLedMotionLevelDetection        0x080023d8   Section        0  hbd_ctrl.o(i.HBD_AutoLedMotionLevelDetection)
    i.HBD_AutoLedMotionLevelProcess          0x08002434   Section        0  hbd_ctrl.o(i.HBD_AutoLedMotionLevelProcess)
    HBD_AutoLedMotionLevelProcess            0x08002435   Thumb Code   164  hbd_ctrl.o(i.HBD_AutoLedMotionLevelProcess)
    i.HBD_AutoLedRawdataAvgDeal              0x080024dc   Section        0  hbd_ctrl.o(i.HBD_AutoLedRawdataAvgDeal)
    HBD_AutoLedRawdataAvgDeal                0x080024dd   Thumb Code   164  hbd_ctrl.o(i.HBD_AutoLedRawdataAvgDeal)
    i.HBD_AutoLedRecursionCalc               0x08002588   Section        0  hbd_ctrl.o(i.HBD_AutoLedRecursionCalc)
    HBD_AutoLedRecursionCalc                 0x08002589   Thumb Code   176  hbd_ctrl.o(i.HBD_AutoLedRecursionCalc)
    i.HBD_AutoLedRecursionCalcNoSTD          0x08002638   Section        0  hbd_ctrl.o(i.HBD_AutoLedRecursionCalcNoSTD)
    HBD_AutoLedRecursionCalcNoSTD            0x08002639   Thumb Code   122  hbd_ctrl.o(i.HBD_AutoLedRecursionCalcNoSTD)
    i.HBD_AutoLedReset                       0x080026b4   Section        0  hbd_ctrl.o(i.HBD_AutoLedReset)
    HBD_AutoLedReset                         0x080026b5   Thumb Code   320  hbd_ctrl.o(i.HBD_AutoLedReset)
    i.HBD_AutoLedTrigRecursionCalc           0x08002808   Section        0  hbd_ctrl.o(i.HBD_AutoLedTrigRecursionCalc)
    HBD_AutoLedTrigRecursionCalc             0x08002809   Thumb Code    50  hbd_ctrl.o(i.HBD_AutoLedTrigRecursionCalc)
    i.HBD_AutoLedWriteReg                    0x08002840   Section        0  hbd_ctrl.o(i.HBD_AutoLedWriteReg)
    HBD_AutoLedWriteReg                      0x08002841   Thumb Code    68  hbd_ctrl.o(i.HBD_AutoLedWriteReg)
    i.HBD_AutoLedWriteRegConfirm             0x08002884   Section        0  hbd_ctrl.o(i.HBD_AutoLedWriteRegConfirm)
    HBD_AutoLedWriteRegConfirm               0x08002885   Thumb Code   218  hbd_ctrl.o(i.HBD_AutoLedWriteRegConfirm)
    i.HBD_AutoLedbyFifoInt                   0x08002974   Section        0  hbd_ctrl.o(i.HBD_AutoLedbyFifoInt)
    i.HBD_AutoLedbyNewDataInt                0x08002b64   Section        0  hbd_ctrl.o(i.HBD_AutoLedbyNewDataInt)
    i.HBD_AutoLedfIpdSaturation              0x08002d18   Section        0  hbd_ctrl.o(i.HBD_AutoLedfIpdSaturation)
    HBD_AutoLedfIpdSaturation                0x08002d19   Thumb Code   124  hbd_ctrl.o(i.HBD_AutoLedfIpdSaturation)
    i.HBD_CalcRawdataCount                   0x08002d9c   Section        0  hbd_ctrl.o(i.HBD_CalcRawdataCount)
    HBD_CalcRawdataCount                     0x08002d9d   Thumb Code    78  hbd_ctrl.o(i.HBD_CalcRawdataCount)
    i.HBD_ChangeToAdtModeRegVal              0x08002df0   Section        0  hbd_ctrl.o(i.HBD_ChangeToAdtModeRegVal)
    i.HBD_ChangeToHbModeRegVal               0x08002e44   Section        0  hbd_ctrl.o(i.HBD_ChangeToHbModeRegVal)
    i.HBD_CheckChipInited                    0x08002e94   Section        0  hbd_ctrl.o(i.HBD_CheckChipInited)
    i.HBD_ChipReset                          0x08002eb0   Section        0  hbd_ctrl.o(i.HBD_ChipReset)
    i.HBD_CommunicateConfirm                 0x08002edc   Section        0  hbd_ctrl.o(i.HBD_CommunicateConfirm)
    i.HBD_CommunicationInterfaceConfirm      0x08002f18   Section        0  hbd_ctrl.o(i.HBD_CommunicationInterfaceConfirm)
    i.HBD_DelayUs                            0x08002f54   Section        0  hbd_ctrl.o(i.HBD_DelayUs)
    i.HBD_GetIntStatus                       0x08002f8c   Section        0  hbd_ctrl.o(i.HBD_GetIntStatus)
    i.HBD_GetRawdataByFifoInt                0x08003020   Section        0  hbd_ctrl.o(i.HBD_GetRawdataByFifoInt)
    i.HBD_GetRawdataByNewDataInt             0x080030e4   Section        0  hbd_ctrl.o(i.HBD_GetRawdataByNewDataInt)
    i.HBD_GetRawdataHasDone                  0x08003120   Section        0  hbd_ctrl.o(i.HBD_GetRawdataHasDone)
    i.HBD_I2cReadFifo                        0x08003140   Section        0  hbd_ctrl.o(i.HBD_I2cReadFifo)
    i.HBD_I2cReadRawdataReg                  0x080031ac   Section        0  hbd_ctrl.o(i.HBD_I2cReadRawdataReg)
    i.HBD_I2cReadReg                         0x080031ec   Section        0  hbd_ctrl.o(i.HBD_I2cReadReg)
    i.HBD_I2cSendCmd                         0x08003220   Section        0  hbd_ctrl.o(i.HBD_I2cSendCmd)
    i.HBD_I2cWriteRawdataReg                 0x0800324c   Section        0  hbd_ctrl.o(i.HBD_I2cWriteRawdataReg)
    i.HBD_I2cWriteReg                        0x0800328c   Section        0  hbd_ctrl.o(i.HBD_I2cWriteReg)
    i.HBD_IsAdtWearDetectHasStarted          0x080032bc   Section        0  hbd_ctrl.o(i.HBD_IsAdtWearDetectHasStarted)
    i.HBD_LoadNewRegConfigArr                0x080032d4   Section        0  hbd_ctrl.o(i.HBD_LoadNewRegConfigArr)
    i.HBD_SetDelayUsCallback                 0x08003350   Section        0  hbd_ctrl.o(i.HBD_SetDelayUsCallback)
    i.HBD_SetI2cRW                           0x0800335c   Section        0  hbd_ctrl.o(i.HBD_SetI2cRW)
    i.HBD_SetIrqPluseWidth                   0x08003384   Section        0  hbd_ctrl.o(i.HBD_SetIrqPluseWidth)
    i.HBD_SimpleInit                         0x0800339c   Section        0  hbd_ctrl.o(i.HBD_SimpleInit)
    i.HBD_StartHBDOnly                       0x080035a0   Section        0  hbd_ctrl.o(i.HBD_StartHBDOnly)
    i.HBD_Stop                               0x08003658   Section        0  hbd_ctrl.o(i.HBD_Stop)
    i.HBD_StoreHbModeRegVal                  0x08003698   Section        0  hbd_ctrl.o(i.HBD_StoreHbModeRegVal)
    i.HBD_VirtualConfig                      0x080036ec   Section        0  hbd_ctrl.o(i.HBD_VirtualConfig)
    HBD_VirtualConfig                        0x080036ed   Thumb Code   892  hbd_ctrl.o(i.HBD_VirtualConfig)
    i.HardFault_Handler                      0x08003a7c   Section        0  stm32f10x_it.o(i.HardFault_Handler)
    i.I2C_Cmd                                0x08003a80   Section        0  stm32f10x_i2c.o(i.I2C_Cmd)
    i.I2C_DeInit                             0x08003a98   Section        0  stm32f10x_i2c.o(i.I2C_DeInit)
    i.I2C_Function_Init                      0x08003ad0   Section        0  systeminit.o(i.I2C_Function_Init)
    I2C_Function_Init                        0x08003ad1   Thumb Code   136  systeminit.o(i.I2C_Function_Init)
    i.I2C_Init                               0x08003b68   Section        0  stm32f10x_i2c.o(i.I2C_Init)
    i.I2C_StructInit                         0x08003c54   Section        0  stm32f10x_i2c.o(i.I2C_StructInit)
    i.MemManage_Handler                      0x08003c72   Section        0  stm32f10x_it.o(i.MemManage_Handler)
    i.NMI_Handler                            0x08003c76   Section        0  stm32f10x_it.o(i.NMI_Handler)
    i.NVIC_Function_Init                     0x08003c78   Section        0  systeminit.o(i.NVIC_Function_Init)
    NVIC_Function_Init                       0x08003c79   Thumb Code   226  systeminit.o(i.NVIC_Function_Init)
    i.NVIC_Init                              0x08003d5c   Section        0  misc.o(i.NVIC_Init)
    i.NVIC_PriorityGroupConfig               0x08003dcc   Section        0  misc.o(i.NVIC_PriorityGroupConfig)
    i.PendSV_Handler                         0x08003de0   Section        0  stm32f10x_it.o(i.PendSV_Handler)
    i.RCC_ADCCLKConfig                       0x08003de4   Section        0  stm32f10x_rcc.o(i.RCC_ADCCLKConfig)
    i.RCC_APB1PeriphClockCmd                 0x08003dfc   Section        0  stm32f10x_rcc.o(i.RCC_APB1PeriphClockCmd)
    i.RCC_APB1PeriphResetCmd                 0x08003e1c   Section        0  stm32f10x_rcc.o(i.RCC_APB1PeriphResetCmd)
    i.RCC_APB2PeriphClockCmd                 0x08003e3c   Section        0  stm32f10x_rcc.o(i.RCC_APB2PeriphClockCmd)
    i.RCC_APB2PeriphResetCmd                 0x08003e5c   Section        0  stm32f10x_rcc.o(i.RCC_APB2PeriphResetCmd)
    i.RCC_AdjustHSICalibrationValue          0x08003e7c   Section        0  stm32f10x_rcc.o(i.RCC_AdjustHSICalibrationValue)
    i.RCC_ClockSecuritySystemCmd             0x08003e94   Section        0  stm32f10x_rcc.o(i.RCC_ClockSecuritySystemCmd)
    i.RCC_DeInit                             0x08003ea0   Section        0  stm32f10x_rcc.o(i.RCC_DeInit)
    i.RCC_GetClocksFreq                      0x08003eec   Section        0  stm32f10x_rcc.o(i.RCC_GetClocksFreq)
    i.RCC_GetSYSCLKSource                    0x08003fc0   Section        0  stm32f10x_rcc.o(i.RCC_GetSYSCLKSource)
    i.RCC_HCLKConfig                         0x08003fd0   Section        0  stm32f10x_rcc.o(i.RCC_HCLKConfig)
    i.RCC_HSEConfig                          0x08003fe8   Section        0  stm32f10x_rcc.o(i.RCC_HSEConfig)
    i.RCC_HSICmd                             0x08004034   Section        0  stm32f10x_rcc.o(i.RCC_HSICmd)
    i.RCC_ITConfig                           0x08004040   Section        0  stm32f10x_rcc.o(i.RCC_ITConfig)
    i.RCC_LSEConfig                          0x08004060   Section        0  stm32f10x_rcc.o(i.RCC_LSEConfig)
    i.RCC_LSICmd                             0x08004094   Section        0  stm32f10x_rcc.o(i.RCC_LSICmd)
    i.RCC_MCOConfig                          0x080040a0   Section        0  stm32f10x_rcc.o(i.RCC_MCOConfig)
    i.RCC_PCLK1Config                        0x080040ac   Section        0  stm32f10x_rcc.o(i.RCC_PCLK1Config)
    i.RCC_PCLK2Config                        0x080040c4   Section        0  stm32f10x_rcc.o(i.RCC_PCLK2Config)
    i.RCC_PLLCmd                             0x080040dc   Section        0  stm32f10x_rcc.o(i.RCC_PLLCmd)
    i.RCC_PLLConfig                          0x080040e8   Section        0  stm32f10x_rcc.o(i.RCC_PLLConfig)
    i.RCC_SYSCLKConfig                       0x08004104   Section        0  stm32f10x_rcc.o(i.RCC_SYSCLKConfig)
    i.SPI_CS_Control                         0x0800411c   Section        0  spi.o(i.SPI_CS_Control)
    i.SPI_Cmd                                0x08004164   Section        0  stm32f10x_spi.o(i.SPI_Cmd)
    i.SPI_Function_Init                      0x0800417c   Section        0  systeminit.o(i.SPI_Function_Init)
    SPI_Function_Init                        0x0800417d   Thumb Code   188  systeminit.o(i.SPI_Function_Init)
    i.SPI_I2S_DeInit                         0x08004244   Section        0  stm32f10x_spi.o(i.SPI_I2S_DeInit)
    i.SPI_I2S_GetFlagStatus                  0x0800429c   Section        0  stm32f10x_spi.o(i.SPI_I2S_GetFlagStatus)
    i.SPI_I2S_ReceiveData                    0x080042ae   Section        0  stm32f10x_spi.o(i.SPI_I2S_ReceiveData)
    i.SPI_I2S_SendData                       0x080042b4   Section        0  stm32f10x_spi.o(i.SPI_I2S_SendData)
    i.SPI_Init                               0x080042b8   Section        0  stm32f10x_spi.o(i.SPI_Init)
    i.SPI_ReadData                           0x080042f4   Section        0  spi.o(i.SPI_ReadData)
    i.SPI_StructInit                         0x08004370   Section        0  stm32f10x_spi.o(i.SPI_StructInit)
    i.SPI_TimeOverFlow_UserCallBack          0x08004388   Section        0  spi.o(i.SPI_TimeOverFlow_UserCallBack)
    SPI_TimeOverFlow_UserCallBack            0x08004389   Thumb Code    16  spi.o(i.SPI_TimeOverFlow_UserCallBack)
    i.SPI_WriteData                          0x080043c8   Section        0  spi.o(i.SPI_WriteData)
    i.SVC_Handler                            0x08004444   Section        0  stm32f10x_it.o(i.SVC_Handler)
    i.SetSysClock                            0x08004446   Section        0  system_stm32f10x.o(i.SetSysClock)
    SetSysClock                              0x08004447   Thumb Code     8  system_stm32f10x.o(i.SetSysClock)
    i.SetSysClockTo72                        0x08004450   Section        0  system_stm32f10x.o(i.SetSysClockTo72)
    SetSysClockTo72                          0x08004451   Thumb Code   214  system_stm32f10x.o(i.SetSysClockTo72)
    i.SysTick_Delay_us                       0x08004530   Section        0  systick.o(i.SysTick_Delay_us)
    i.SysTick_Handler                        0x0800457c   Section        0  stm32f10x_it.o(i.SysTick_Handler)
    i.SystemCoreClockUpdate                  0x080045a4   Section        0  system_stm32f10x.o(i.SystemCoreClockUpdate)
    i.SystemInit                             0x08004648   Section        0  system_stm32f10x.o(i.SystemInit)
    i.System_Clock_Init                      0x080046a8   Section        0  systeminit.o(i.System_Clock_Init)
    System_Clock_Init                        0x080046a9   Thumb Code   180  systeminit.o(i.System_Clock_Init)
    i.System_TickTimer_Init                  0x08004764   Section        0  systick.o(i.System_TickTimer_Init)
    i.TIM6_IRQHandler                        0x080047d0   Section        0  stm32f10x_it.o(i.TIM6_IRQHandler)
    i.TIM7_IRQHandler                        0x08004818   Section        0  stm32f10x_it.o(i.TIM7_IRQHandler)
    i.TIM_ClearFlag                          0x08004850   Section        0  stm32f10x_tim.o(i.TIM_ClearFlag)
    i.TIM_ClearITPendingBit                  0x08004856   Section        0  stm32f10x_tim.o(i.TIM_ClearITPendingBit)
    i.TIM_Cmd                                0x0800485c   Section        0  stm32f10x_tim.o(i.TIM_Cmd)
    i.TIM_DeInit                             0x08004874   Section        0  stm32f10x_tim.o(i.TIM_DeInit)
    i.TIM_GetITStatus                        0x08004a5c   Section        0  stm32f10x_tim.o(i.TIM_GetITStatus)
    i.TIM_ITConfig                           0x08004a7e   Section        0  stm32f10x_tim.o(i.TIM_ITConfig)
    i.TIM_TimeBaseInit                       0x08004a90   Section        0  stm32f10x_tim.o(i.TIM_TimeBaseInit)
    i.TIM_TimeBaseStructInit                 0x08004b34   Section        0  stm32f10x_tim.o(i.TIM_TimeBaseStructInit)
    i.UART1_SendByte                         0x08004b48   Section        0  uart.o(i.UART1_SendByte)
    i.USART_Cmd                              0x08004b84   Section        0  stm32f10x_usart.o(i.USART_Cmd)
    i.USART_DeInit                           0x08004b9c   Section        0  stm32f10x_usart.o(i.USART_DeInit)
    i.USART_Function_Init                    0x08004c38   Section        0  systeminit.o(i.USART_Function_Init)
    USART_Function_Init                      0x08004c39   Thumb Code   120  systeminit.o(i.USART_Function_Init)
    i.USART_GetFlagStatus                    0x08004cbc   Section        0  stm32f10x_usart.o(i.USART_GetFlagStatus)
    i.USART_Init                             0x08004cd8   Section        0  stm32f10x_usart.o(i.USART_Init)
    i.USART_SendData                         0x08004db0   Section        0  stm32f10x_usart.o(i.USART_SendData)
    i.UsageFault_Handler                     0x08004db8   Section        0  stm32f10x_it.o(i.UsageFault_Handler)
    i.__0printf$5                            0x08004dbc   Section        0  printf5.o(i.__0printf$5)
    i.__scatterload_copy                     0x08004ddc   Section       14  handlers.o(i.__scatterload_copy)
    i.__scatterload_null                     0x08004dea   Section        2  handlers.o(i.__scatterload_null)
    i.__scatterload_zeroinit                 0x08004dec   Section       14  handlers.o(i.__scatterload_zeroinit)
    i.__set_errno                            0x08004dfc   Section        0  errno.o(i.__set_errno)
    i._printf_core                           0x08004e08   Section        0  printf5.o(i._printf_core)
    _printf_core                             0x08004e09   Thumb Code   660  printf5.o(i._printf_core)
    i.fputc                                  0x080050c8   Section        0  uart.o(i.fputc)
    i.gh30x_fifo_evt_handler                 0x080050d8   Section        0  gh3011_isr.o(i.gh30x_fifo_evt_handler)
    gh30x_fifo_evt_handler                   0x080050d9   Thumb Code   130  gh3011_isr.o(i.gh30x_fifo_evt_handler)
    i.gh30x_fifo_full_evt_handler            0x080051c8   Section        0  gh3011_isr.o(i.gh30x_fifo_full_evt_handler)
    gh30x_fifo_full_evt_handler              0x080051c9   Thumb Code    18  gh3011_isr.o(i.gh30x_fifo_full_evt_handler)
    i.gh30x_int_msg_handler                  0x08005210   Section        0  gh3011_isr.o(i.gh30x_int_msg_handler)
    i.gh30x_new_data_evt_handler             0x08005270   Section        0  gh3011_isr.o(i.gh30x_new_data_evt_handler)
    gh30x_new_data_evt_handler               0x08005271   Thumb Code    32  gh3011_isr.o(i.gh30x_new_data_evt_handler)
    i.gh30x_reset_evt_handler                0x080052d4   Section        0  gh3011_isr.o(i.gh30x_reset_evt_handler)
    gh30x_reset_evt_handler                  0x080052d5   Thumb Code    64  gh3011_isr.o(i.gh30x_reset_evt_handler)
    i.gh30x_unwear_evt_handler               0x08005374   Section        0  gh3011_isr.o(i.gh30x_unwear_evt_handler)
    gh30x_unwear_evt_handler                 0x08005375   Thumb Code    52  gh3011_isr.o(i.gh30x_unwear_evt_handler)
    i.gh30x_wear_evt_handler                 0x08005410   Section        0  gh3011_isr.o(i.gh30x_wear_evt_handler)
    gh30x_wear_evt_handler                   0x08005411   Thumb Code    16  gh3011_isr.o(i.gh30x_wear_evt_handler)
    i.main                                   0x08005450   Section        0  main.o(i.main)
    i.sqrt                                   0x08005518   Section        0  sqrt.o(i.sqrt)
    i.sqrtf                                  0x08005564   Section        0  sqrtf.o(i.sqrtf)
    .constdata                               0x08005590   Section      773  configarr.o(.constdata)
    .constdata                               0x08005896   Section      319  hbd_ctrl.o(.constdata)
    g_szHbdCtrlVersionStrArr                 0x08005896   Data          21  hbd_ctrl.o(.constdata)
    g_uchOtpTrimCrc8TabArr                   0x080058d5   Data         256  hbd_ctrl.o(.constdata)
    .data                                    0x20000000   Section       20  system_stm32f10x.o(.data)
    .data                                    0x20000014   Section       20  stm32f10x_rcc.o(.data)
    APBAHBPrescTable                         0x20000014   Data          16  stm32f10x_rcc.o(.data)
    ADCPrescTable                            0x20000024   Data           4  stm32f10x_rcc.o(.data)
    .data                                    0x20000028   Section        5  stm32f10x_it.o(.data)
    TIM6_500ms_Counter                       0x2000002c   Data           1  stm32f10x_it.o(.data)
    .data                                    0x2000002d   Section        1  gh3011_isr.o(.data)
    GH3011_Unwear_Counter                    0x2000002d   Data           1  gh3011_isr.o(.data)
    .data                                    0x2000002e   Section        2  systeminit.o(.data)
    .data                                    0x20000030   Section      190  hbd_ctrl.o(.data)
    tmph                                     0x20000042   Data           2  hbd_ctrl.o(.data)
    g_uchLastReadFifoCnt                     0x20000048   Data           4  hbd_ctrl.o(.data)
    g_pI2cWriteFunc                          0x20000050   Data           4  hbd_ctrl.o(.data)
    g_pI2cReadFunc                           0x20000054   Data           4  hbd_ctrl.o(.data)
    g_pDelayUsFunc                           0x20000058   Data           4  hbd_ctrl.o(.data)
    .data                                    0x200000f0   Section        4  stdout.o(.data)
    .data                                    0x200000f4   Section        4  errno.o(.data)
    _errno                                   0x200000f4   Data           4  errno.o(.data)
    .bss                                     0x200000f8   Section       28  gh3011.o(.bss)
    .bss                                     0x20000114   Section      916  hbd_ctrl.o(.bss)
    g_uchReadFifoBuffArr                     0x20000114   Data         768  hbd_ctrl.o(.bss)
    STACK                                    0x200004a8   Section     1024  startup_stm32f10x_hd.o(STACK)

    Global Symbols

    Symbol Name                              Value     Ov Type        Size  Object(Section)

    BuildAttributes$$THM_ISAv4$P$D$K$B$S$PE$A:L22UL41UL21$X:L11$S22US41US21$IEEE1$IW$USESV6$~STKCKD$USESV7$~SHL$OTIME$ROPI$IEEEJ$EBA8$MICROLIB$REQ8$PRES8$EABIv2 0x00000000   Number         0  anon$$obj.o ABSOLUTE
    __ARM_use_no_argv                        0x00000000   Number         0  main.o ABSOLUTE
    _printf_a                                0x00000000   Number         0  stubs.o ABSOLUTE
    _printf_c                                0x00000000   Number         0  stubs.o ABSOLUTE
    _printf_charcount                        0x00000000   Number         0  stubs.o ABSOLUTE
    _printf_d                                0x00000000   Number         0  stubs.o ABSOLUTE
    _printf_e                                0x00000000   Number         0  stubs.o ABSOLUTE
    _printf_f                                0x00000000   Number         0  stubs.o ABSOLUTE
    _printf_flags                            0x00000000   Number         0  stubs.o ABSOLUTE
    _printf_fp_dec                           0x00000000   Number         0  stubs.o ABSOLUTE
    _printf_fp_hex                           0x00000000   Number         0  stubs.o ABSOLUTE
    _printf_g                                0x00000000   Number         0  stubs.o ABSOLUTE
    _printf_i                                0x00000000   Number         0  stubs.o ABSOLUTE
    _printf_int_dec                          0x00000000   Number         0  stubs.o ABSOLUTE
    _printf_l                                0x00000000   Number         0  stubs.o ABSOLUTE
    _printf_lc                               0x00000000   Number         0  stubs.o ABSOLUTE
    _printf_ll                               0x00000000   Number         0  stubs.o ABSOLUTE
    _printf_lld                              0x00000000   Number         0  stubs.o ABSOLUTE
    _printf_lli                              0x00000000   Number         0  stubs.o ABSOLUTE
    _printf_llo                              0x00000000   Number         0  stubs.o ABSOLUTE
    _printf_llu                              0x00000000   Number         0  stubs.o ABSOLUTE
    _printf_llx                              0x00000000   Number         0  stubs.o ABSOLUTE
    _printf_longlong_dec                     0x00000000   Number         0  stubs.o ABSOLUTE
    _printf_longlong_hex                     0x00000000   Number         0  stubs.o ABSOLUTE
    _printf_longlong_oct                     0x00000000   Number         0  stubs.o ABSOLUTE
    _printf_ls                               0x00000000   Number         0  stubs.o ABSOLUTE
    _printf_mbtowc                           0x00000000   Number         0  stubs.o ABSOLUTE
    _printf_n                                0x00000000   Number         0  stubs.o ABSOLUTE
    _printf_o                                0x00000000   Number         0  stubs.o ABSOLUTE
    _printf_p                                0x00000000   Number         0  stubs.o ABSOLUTE
    _printf_percent                          0x00000000   Number         0  stubs.o ABSOLUTE
    _printf_pre_padding                      0x00000000   Number         0  stubs.o ABSOLUTE
    _printf_return_value                     0x00000000   Number         0  stubs.o ABSOLUTE
    _printf_s                                0x00000000   Number         0  stubs.o ABSOLUTE
    _printf_sizespec                         0x00000000   Number         0  stubs.o ABSOLUTE
    _printf_str                              0x00000000   Number         0  stubs.o ABSOLUTE
    _printf_truncate_signed                  0x00000000   Number         0  stubs.o ABSOLUTE
    _printf_truncate_unsigned                0x00000000   Number         0  stubs.o ABSOLUTE
    _printf_u                                0x00000000   Number         0  stubs.o ABSOLUTE
    _printf_wc                               0x00000000   Number         0  stubs.o ABSOLUTE
    _printf_wctomb                           0x00000000   Number         0  stubs.o ABSOLUTE
    _printf_widthprec                        0x00000000   Number         0  stubs.o ABSOLUTE
    _printf_x                                0x00000000   Number         0  stubs.o ABSOLUTE
    __arm_fini_                               - Undefined Weak Reference
    __cpp_initialize__aeabi_                  - Undefined Weak Reference
    __cxa_finalize                            - Undefined Weak Reference
    __decompress                              - Undefined Weak Reference
    _clock_init                               - Undefined Weak Reference
    _microlib_exit                            - Undefined Weak Reference
    __Vectors_Size                           0x00000130   Number         0  startup_stm32f10x_hd.o ABSOLUTE
    __Vectors                                0x08000000   Data           4  startup_stm32f10x_hd.o(RESET)
    __Vectors_End                            0x08000130   Data           0  startup_stm32f10x_hd.o(RESET)
    __main                                   0x08000131   Thumb Code     0  entry.o(.ARM.Collect$$$$00000000)
    _main_stk                                0x08000131   Thumb Code     0  entry2.o(.ARM.Collect$$$$00000001)
    _main_scatterload                        0x08000135   Thumb Code     0  entry5.o(.ARM.Collect$$$$00000004)
    __main_after_scatterload                 0x08000139   Thumb Code     0  entry5.o(.ARM.Collect$$$$00000004)
    _main_clock                              0x08000139   Thumb Code     0  entry7b.o(.ARM.Collect$$$$00000008)
    _main_cpp_init                           0x08000139   Thumb Code     0  entry8b.o(.ARM.Collect$$$$0000000A)
    _main_init                               0x08000139   Thumb Code     0  entry9a.o(.ARM.Collect$$$$0000000B)
    __rt_lib_shutdown_fini                   0x08000141   Thumb Code     0  entry12b.o(.ARM.Collect$$$$0000000E)
    __rt_final_cpp                           0x08000145   Thumb Code     0  entry10a.o(.ARM.Collect$$$$0000000F)
    __rt_final_exit                          0x08000145   Thumb Code     0  entry11a.o(.ARM.Collect$$$$00000011)
    Reset_Handler                            0x08000149   Thumb Code     8  startup_stm32f10x_hd.o(.text)
    ADC3_IRQHandler                          0x08000163   Thumb Code     0  startup_stm32f10x_hd.o(.text)
    CAN1_RX1_IRQHandler                      0x08000163   Thumb Code     0  startup_stm32f10x_hd.o(.text)
    CAN1_SCE_IRQHandler                      0x08000163   Thumb Code     0  startup_stm32f10x_hd.o(.text)
    DMA1_Channel1_IRQHandler                 0x08000163   Thumb Code     0  startup_stm32f10x_hd.o(.text)
    DMA1_Channel2_IRQHandler                 0x08000163   Thumb Code     0  startup_stm32f10x_hd.o(.text)
    DMA1_Channel3_IRQHandler                 0x08000163   Thumb Code     0  startup_stm32f10x_hd.o(.text)
    DMA1_Channel4_IRQHandler                 0x08000163   Thumb Code     0  startup_stm32f10x_hd.o(.text)
    DMA1_Channel5_IRQHandler                 0x08000163   Thumb Code     0  startup_stm32f10x_hd.o(.text)
    DMA1_Channel6_IRQHandler                 0x08000163   Thumb Code     0  startup_stm32f10x_hd.o(.text)
    DMA1_Channel7_IRQHandler                 0x08000163   Thumb Code     0  startup_stm32f10x_hd.o(.text)
    DMA2_Channel1_IRQHandler                 0x08000163   Thumb Code     0  startup_stm32f10x_hd.o(.text)
    DMA2_Channel2_IRQHandler                 0x08000163   Thumb Code     0  startup_stm32f10x_hd.o(.text)
    DMA2_Channel3_IRQHandler                 0x08000163   Thumb Code     0  startup_stm32f10x_hd.o(.text)
    DMA2_Channel4_5_IRQHandler               0x08000163   Thumb Code     0  startup_stm32f10x_hd.o(.text)
    EXTI0_IRQHandler                         0x08000163   Thumb Code     0  startup_stm32f10x_hd.o(.text)
    EXTI15_10_IRQHandler                     0x08000163   Thumb Code     0  startup_stm32f10x_hd.o(.text)
    EXTI1_IRQHandler                         0x08000163   Thumb Code     0  startup_stm32f10x_hd.o(.text)
    EXTI4_IRQHandler                         0x08000163   Thumb Code     0  startup_stm32f10x_hd.o(.text)
    EXTI9_5_IRQHandler                       0x08000163   Thumb Code     0  startup_stm32f10x_hd.o(.text)
    FLASH_IRQHandler                         0x08000163   Thumb Code     0  startup_stm32f10x_hd.o(.text)
    FSMC_IRQHandler                          0x08000163   Thumb Code     0  startup_stm32f10x_hd.o(.text)
    I2C1_ER_IRQHandler                       0x08000163   Thumb Code     0  startup_stm32f10x_hd.o(.text)
    I2C1_EV_IRQHandler                       0x08000163   Thumb Code     0  startup_stm32f10x_hd.o(.text)
    I2C2_ER_IRQHandler                       0x08000163   Thumb Code     0  startup_stm32f10x_hd.o(.text)
    I2C2_EV_IRQHandler                       0x08000163   Thumb Code     0  startup_stm32f10x_hd.o(.text)
    PVD_IRQHandler                           0x08000163   Thumb Code     0  startup_stm32f10x_hd.o(.text)
    RCC_IRQHandler                           0x08000163   Thumb Code     0  startup_stm32f10x_hd.o(.text)
    RTCAlarm_IRQHandler                      0x08000163   Thumb Code     0  startup_stm32f10x_hd.o(.text)
    RTC_IRQHandler                           0x08000163   Thumb Code     0  startup_stm32f10x_hd.o(.text)
    SDIO_IRQHandler                          0x08000163   Thumb Code     0  startup_stm32f10x_hd.o(.text)
    SPI1_IRQHandler                          0x08000163   Thumb Code     0  startup_stm32f10x_hd.o(.text)
    SPI2_IRQHandler                          0x08000163   Thumb Code     0  startup_stm32f10x_hd.o(.text)
    SPI3_IRQHandler                          0x08000163   Thumb Code     0  startup_stm32f10x_hd.o(.text)
    TAMPER_IRQHandler                        0x08000163   Thumb Code     0  startup_stm32f10x_hd.o(.text)
    TIM1_BRK_IRQHandler                      0x08000163   Thumb Code     0  startup_stm32f10x_hd.o(.text)
    TIM1_CC_IRQHandler                       0x08000163   Thumb Code     0  startup_stm32f10x_hd.o(.text)
    TIM1_TRG_COM_IRQHandler                  0x08000163   Thumb Code     0  startup_stm32f10x_hd.o(.text)
    TIM1_UP_IRQHandler                       0x08000163   Thumb Code     0  startup_stm32f10x_hd.o(.text)
    TIM2_IRQHandler                          0x08000163   Thumb Code     0  startup_stm32f10x_hd.o(.text)
    TIM3_IRQHandler                          0x08000163   Thumb Code     0  startup_stm32f10x_hd.o(.text)
    TIM4_IRQHandler                          0x08000163   Thumb Code     0  startup_stm32f10x_hd.o(.text)
    TIM5_IRQHandler                          0x08000163   Thumb Code     0  startup_stm32f10x_hd.o(.text)
    TIM8_BRK_IRQHandler                      0x08000163   Thumb Code     0  startup_stm32f10x_hd.o(.text)
    TIM8_CC_IRQHandler                       0x08000163   Thumb Code     0  startup_stm32f10x_hd.o(.text)
    TIM8_TRG_COM_IRQHandler                  0x08000163   Thumb Code     0  startup_stm32f10x_hd.o(.text)
    TIM8_UP_IRQHandler                       0x08000163   Thumb Code     0  startup_stm32f10x_hd.o(.text)
    UART4_IRQHandler                         0x08000163   Thumb Code     0  startup_stm32f10x_hd.o(.text)
    UART5_IRQHandler                         0x08000163   Thumb Code     0  startup_stm32f10x_hd.o(.text)
    USART1_IRQHandler                        0x08000163   Thumb Code     0  startup_stm32f10x_hd.o(.text)
    USART2_IRQHandler                        0x08000163   Thumb Code     0  startup_stm32f10x_hd.o(.text)
    USART3_IRQHandler                        0x08000163   Thumb Code     0  startup_stm32f10x_hd.o(.text)
    USBWakeUp_IRQHandler                     0x08000163   Thumb Code     0  startup_stm32f10x_hd.o(.text)
    USB_HP_CAN1_TX_IRQHandler                0x08000163   Thumb Code     0  startup_stm32f10x_hd.o(.text)
    USB_LP_CAN1_RX0_IRQHandler               0x08000163   Thumb Code     0  startup_stm32f10x_hd.o(.text)
    WWDG_IRQHandler                          0x08000163   Thumb Code     0  startup_stm32f10x_hd.o(.text)
    __aeabi_memset                           0x0800016d   Thumb Code    14  memseta.o(.text)
    __aeabi_memset4                          0x0800016d   Thumb Code     0  memseta.o(.text)
    __aeabi_memset8                          0x0800016d   Thumb Code     0  memseta.o(.text)
    __aeabi_memclr                           0x0800017b   Thumb Code     4  memseta.o(.text)
    __aeabi_memclr4                          0x0800017b   Thumb Code     0  memseta.o(.text)
    __aeabi_memclr8                          0x0800017b   Thumb Code     0  memseta.o(.text)
    _memset$wrapper                          0x0800017f   Thumb Code    18  memseta.o(.text)
    __aeabi_fadd                             0x08000191   Thumb Code   164  fadd.o(.text)
    __aeabi_fsub                             0x08000235   Thumb Code     6  fadd.o(.text)
    __aeabi_frsub                            0x0800023b   Thumb Code     6  fadd.o(.text)
    __aeabi_fmul                             0x08000241   Thumb Code   100  fmul.o(.text)
    __aeabi_fdiv                             0x080002a5   Thumb Code   124  fdiv.o(.text)
    __aeabi_dadd                             0x08000321   Thumb Code   322  dadd.o(.text)
    __aeabi_dsub                             0x08000463   Thumb Code     6  dadd.o(.text)
    __aeabi_drsub                            0x08000469   Thumb Code     6  dadd.o(.text)
    __aeabi_dmul                             0x0800046f   Thumb Code   228  dmul.o(.text)
    __aeabi_ddiv                             0x08000553   Thumb Code   222  ddiv.o(.text)
    __aeabi_i2f                              0x08000631   Thumb Code    18  fflti.o(.text)
    __aeabi_ui2f                             0x08000643   Thumb Code    10  ffltui.o(.text)
    __aeabi_ui2d                             0x0800064d   Thumb Code    26  dfltui.o(.text)
    __aeabi_f2uiz                            0x08000667   Thumb Code    40  ffixui.o(.text)
    __aeabi_d2uiz                            0x0800068f   Thumb Code    50  dfixui.o(.text)
    __aeabi_f2d                              0x080006c1   Thumb Code    38  f2d.o(.text)
    __aeabi_cdcmpeq                          0x080006e9   Thumb Code     0  cdcmple.o(.text)
    __aeabi_cdcmple                          0x080006e9   Thumb Code    48  cdcmple.o(.text)
    __aeabi_d2f                              0x08000719   Thumb Code    56  d2f.o(.text)
    __aeabi_cfcmpeq                          0x08000751   Thumb Code     0  cfcmple.o(.text)
    __aeabi_cfcmple                          0x08000751   Thumb Code    20  cfcmple.o(.text)
    __aeabi_cfrcmple                         0x08000765   Thumb Code    20  cfrcmple.o(.text)
    __aeabi_uldivmod                         0x08000779   Thumb Code    98  uldiv.o(.text)
    __aeabi_llsl                             0x080007db   Thumb Code    30  llshl.o(.text)
    _ll_shift_l                              0x080007db   Thumb Code     0  llshl.o(.text)
    __aeabi_llsr                             0x080007f9   Thumb Code    32  llushr.o(.text)
    _ll_ushift_r                             0x080007f9   Thumb Code     0  llushr.o(.text)
    __aeabi_lasr                             0x08000819   Thumb Code    36  llsshr.o(.text)
    _ll_sshift_r                             0x08000819   Thumb Code     0  llsshr.o(.text)
    __I$use$fp                               0x0800083d   Thumb Code     0  iusefp.o(.text)
    _float_round                             0x0800083d   Thumb Code    18  fepilogue.o(.text)
    _float_epilogue                          0x0800084f   Thumb Code    92  fepilogue.o(.text)
    _fsqrt                                   0x080008ab   Thumb Code    94  fsqrt.o(.text)
    _double_round                            0x08000909   Thumb Code    30  depilogue.o(.text)
    _double_epilogue                         0x08000927   Thumb Code   156  depilogue.o(.text)
    _dsqrt                                   0x080009c3   Thumb Code   162  dsqrt.o(.text)
    __scatterload                            0x08000a65   Thumb Code    28  init.o(.text)
    __scatterload_rt2                        0x08000a65   Thumb Code     0  init.o(.text)
    ADC1_2_IRQHandler                        0x08000a89   Thumb Code    36  stm32f10x_it.o(i.ADC1_2_IRQHandler)
    ADC_ClearFlag                            0x08000ab5   Thumb Code     6  stm32f10x_adc.o(i.ADC_ClearFlag)
    ADC_ClearITPendingBit                    0x08000abb   Thumb Code    10  stm32f10x_adc.o(i.ADC_ClearITPendingBit)
    ADC_Cmd                                  0x08000ac5   Thumb Code    22  stm32f10x_adc.o(i.ADC_Cmd)
    ADC_DeInit                               0x08000add   Thumb Code    78  stm32f10x_adc.o(i.ADC_DeInit)
    ADC_ExternalTrigConvCmd                  0x08000b39   Thumb Code    22  stm32f10x_adc.o(i.ADC_ExternalTrigConvCmd)
    ADC_GetCalibrationStatus                 0x08000bf5   Thumb Code    20  stm32f10x_adc.o(i.ADC_GetCalibrationStatus)
    ADC_GetConversionValue                   0x08000c09   Thumb Code     8  stm32f10x_adc.o(i.ADC_GetConversionValue)
    ADC_GetITStatus                          0x08000c11   Thumb Code    36  stm32f10x_adc.o(i.ADC_GetITStatus)
    ADC_GetResetCalibrationStatus            0x08000c35   Thumb Code    20  stm32f10x_adc.o(i.ADC_GetResetCalibrationStatus)
    ADC_ITConfig                             0x08000c49   Thumb Code    24  stm32f10x_adc.o(i.ADC_ITConfig)
    ADC_Init                                 0x08000c61   Thumb Code    70  stm32f10x_adc.o(i.ADC_Init)
    ADC_RegularChannelConfig                 0x08000cb1   Thumb Code   184  stm32f10x_adc.o(i.ADC_RegularChannelConfig)
    ADC_ResetCalibration                     0x08000d69   Thumb Code    10  stm32f10x_adc.o(i.ADC_ResetCalibration)
    ADC_SoftwareStartConvCmd                 0x08000d73   Thumb Code    22  stm32f10x_adc.o(i.ADC_SoftwareStartConvCmd)
    ADC_StartCalibration                     0x08000d89   Thumb Code    10  stm32f10x_adc.o(i.ADC_StartCalibration)
    ADC_StructInit                           0x08000d93   Thumb Code    18  stm32f10x_adc.o(i.ADC_StructInit)
    ADC_TempSensorVrefintCmd                 0x08000da5   Thumb Code    30  stm32f10x_adc.o(i.ADC_TempSensorVrefintCmd)
    ALL_System_Driver_Init                   0x08000dc9   Thumb Code    54  systeminit.o(i.ALL_System_Driver_Init)
    BusFault_Handler                         0x08000ec5   Thumb Code     4  stm32f10x_it.o(i.BusFault_Handler)
    DebugMon_Handler                         0x08000ec9   Thumb Code     2  stm32f10x_it.o(i.DebugMon_Handler)
    EXTI2_IRQHandler                         0x08000ecd   Thumb Code    32  stm32f10x_it.o(i.EXTI2_IRQHandler)
    EXTI3_IRQHandler                         0x08000ef5   Thumb Code    30  stm32f10x_it.o(i.EXTI3_IRQHandler)
    EXTI_ClearFlag                           0x08000f19   Thumb Code     6  stm32f10x_exti.o(i.EXTI_ClearFlag)
    EXTI_ClearITPendingBit                   0x08000f25   Thumb Code     6  stm32f10x_exti.o(i.EXTI_ClearITPendingBit)
    EXTI_DeInit                              0x08000f31   Thumb Code    28  stm32f10x_exti.o(i.EXTI_DeInit)
    EXTI_GetITStatus                         0x08001025   Thumb Code    34  stm32f10x_exti.o(i.EXTI_GetITStatus)
    EXTI_Init                                0x0800104d   Thumb Code   142  stm32f10x_exti.o(i.EXTI_Init)
    EXTI_StructInit                          0x080010e1   Thumb Code    16  stm32f10x_exti.o(i.EXTI_StructInit)
    GH3011_ADT_WeraDetect_Start              0x080010f1   Thumb Code   130  gh3011.o(i.GH3011_ADT_WeraDetect_Start)
    GH3011_GetRawData_Start                  0x08001215   Thumb Code    98  gh3011.o(i.GH3011_GetRawData_Start)
    GH3011_Init                              0x08001409   Thumb Code   130  gh3011.o(i.GH3011_Init)
    GH3011_Load_New_Config                   0x080014f9   Thumb Code    80  gh3011.o(i.GH3011_Load_New_Config)
    GPIO_AFIODeInit                          0x080015b1   Thumb Code    20  stm32f10x_gpio.o(i.GPIO_AFIODeInit)
    GPIO_DeInit                              0x080015c5   Thumb Code   172  stm32f10x_gpio.o(i.GPIO_DeInit)
    GPIO_EXTILineConfig                      0x0800168d   Thumb Code    60  stm32f10x_gpio.o(i.GPIO_EXTILineConfig)
    GPIO_Init                                0x08001739   Thumb Code   278  stm32f10x_gpio.o(i.GPIO_Init)
    GPIO_SetBits                             0x0800184f   Thumb Code     4  stm32f10x_gpio.o(i.GPIO_SetBits)
    GPIO_StructInit                          0x08001853   Thumb Code    16  stm32f10x_gpio.o(i.GPIO_StructInit)
    HBD_AdtWearDetectStart                   0x08001865   Thumb Code   100  hbd_ctrl.o(i.HBD_AdtWearDetectStart)
    HBD_AutoLedCalcGainCurrent               0x08001e71   Thumb Code   564  hbd_ctrl.o(i.HBD_AutoLedCalcGainCurrent)
    HBD_AutoLedGetCurrentAndGain             0x08002321   Thumb Code   178  hbd_ctrl.o(i.HBD_AutoLedGetCurrentAndGain)
    HBD_AutoLedMotionLevelDetection          0x080023d9   Thumb Code    82  hbd_ctrl.o(i.HBD_AutoLedMotionLevelDetection)
    HBD_AutoLedbyFifoInt                     0x08002975   Thumb Code   490  hbd_ctrl.o(i.HBD_AutoLedbyFifoInt)
    HBD_AutoLedbyNewDataInt                  0x08002b65   Thumb Code   426  hbd_ctrl.o(i.HBD_AutoLedbyNewDataInt)
    HBD_ChangeToAdtModeRegVal                0x08002df1   Thumb Code    76  hbd_ctrl.o(i.HBD_ChangeToAdtModeRegVal)
    HBD_ChangeToHbModeRegVal                 0x08002e45   Thumb Code    72  hbd_ctrl.o(i.HBD_ChangeToHbModeRegVal)
    HBD_CheckChipInited                      0x08002e95   Thumb Code    28  hbd_ctrl.o(i.HBD_CheckChipInited)
    HBD_ChipReset                            0x08002eb1   Thumb Code    38  hbd_ctrl.o(i.HBD_ChipReset)
    HBD_CommunicateConfirm                   0x08002edd   Thumb Code    58  hbd_ctrl.o(i.HBD_CommunicateConfirm)
    HBD_CommunicationInterfaceConfirm        0x08002f19   Thumb Code    54  hbd_ctrl.o(i.HBD_CommunicationInterfaceConfirm)
    HBD_DelayUs                              0x08002f55   Thumb Code    50  hbd_ctrl.o(i.HBD_DelayUs)
    HBD_GetIntStatus                         0x08002f8d   Thumb Code   142  hbd_ctrl.o(i.HBD_GetIntStatus)
    HBD_GetRawdataByFifoInt                  0x08003021   Thumb Code   188  hbd_ctrl.o(i.HBD_GetRawdataByFifoInt)
    HBD_GetRawdataByNewDataInt               0x080030e5   Thumb Code    56  hbd_ctrl.o(i.HBD_GetRawdataByNewDataInt)
    HBD_GetRawdataHasDone                    0x08003121   Thumb Code    28  hbd_ctrl.o(i.HBD_GetRawdataHasDone)
    HBD_I2cReadFifo                          0x08003141   Thumb Code   104  hbd_ctrl.o(i.HBD_I2cReadFifo)
    HBD_I2cReadRawdataReg                    0x080031ad   Thumb Code    60  hbd_ctrl.o(i.HBD_I2cReadRawdataReg)
    HBD_I2cReadReg                           0x080031ed   Thumb Code    46  hbd_ctrl.o(i.HBD_I2cReadReg)
    HBD_I2cSendCmd                           0x08003221   Thumb Code    38  hbd_ctrl.o(i.HBD_I2cSendCmd)
    HBD_I2cWriteRawdataReg                   0x0800324d   Thumb Code    58  hbd_ctrl.o(i.HBD_I2cWriteRawdataReg)
    HBD_I2cWriteReg                          0x0800328d   Thumb Code    44  hbd_ctrl.o(i.HBD_I2cWriteReg)
    HBD_IsAdtWearDetectHasStarted            0x080032bd   Thumb Code    18  hbd_ctrl.o(i.HBD_IsAdtWearDetectHasStarted)
    HBD_LoadNewRegConfigArr                  0x080032d5   Thumb Code   124  hbd_ctrl.o(i.HBD_LoadNewRegConfigArr)
    HBD_SetDelayUsCallback                   0x08003351   Thumb Code     6  hbd_ctrl.o(i.HBD_SetDelayUsCallback)
    HBD_SetI2cRW                             0x0800335d   Thumb Code    36  hbd_ctrl.o(i.HBD_SetI2cRW)
    HBD_SetIrqPluseWidth                     0x08003385   Thumb Code    18  hbd_ctrl.o(i.HBD_SetIrqPluseWidth)
    HBD_SimpleInit                           0x0800339d   Thumb Code   504  hbd_ctrl.o(i.HBD_SimpleInit)
    HBD_StartHBDOnly                         0x080035a1   Thumb Code   180  hbd_ctrl.o(i.HBD_StartHBDOnly)
    HBD_Stop                                 0x08003659   Thumb Code    58  hbd_ctrl.o(i.HBD_Stop)
    HBD_StoreHbModeRegVal                    0x08003699   Thumb Code    74  hbd_ctrl.o(i.HBD_StoreHbModeRegVal)
    HardFault_Handler                        0x08003a7d   Thumb Code     4  stm32f10x_it.o(i.HardFault_Handler)
    I2C_Cmd                                  0x08003a81   Thumb Code    24  stm32f10x_i2c.o(i.I2C_Cmd)
    I2C_DeInit                               0x08003a99   Thumb Code    50  stm32f10x_i2c.o(i.I2C_DeInit)
    I2C_Init                                 0x08003b69   Thumb Code   222  stm32f10x_i2c.o(i.I2C_Init)
    I2C_StructInit                           0x08003c55   Thumb Code    30  stm32f10x_i2c.o(i.I2C_StructInit)
    MemManage_Handler                        0x08003c73   Thumb Code     4  stm32f10x_it.o(i.MemManage_Handler)
    NMI_Handler                              0x08003c77   Thumb Code     2  stm32f10x_it.o(i.NMI_Handler)
    NVIC_Init                                0x08003d5d   Thumb Code   100  misc.o(i.NVIC_Init)
    NVIC_PriorityGroupConfig                 0x08003dcd   Thumb Code    10  misc.o(i.NVIC_PriorityGroupConfig)
    PendSV_Handler                           0x08003de1   Thumb Code     2  stm32f10x_it.o(i.PendSV_Handler)
    RCC_ADCCLKConfig                         0x08003de5   Thumb Code    18  stm32f10x_rcc.o(i.RCC_ADCCLKConfig)
    RCC_APB1PeriphClockCmd                   0x08003dfd   Thumb Code    26  stm32f10x_rcc.o(i.RCC_APB1PeriphClockCmd)
    RCC_APB1PeriphResetCmd                   0x08003e1d   Thumb Code    26  stm32f10x_rcc.o(i.RCC_APB1PeriphResetCmd)
    RCC_APB2PeriphClockCmd                   0x08003e3d   Thumb Code    26  stm32f10x_rcc.o(i.RCC_APB2PeriphClockCmd)
    RCC_APB2PeriphResetCmd                   0x08003e5d   Thumb Code    26  stm32f10x_rcc.o(i.RCC_APB2PeriphResetCmd)
    RCC_AdjustHSICalibrationValue            0x08003e7d   Thumb Code    20  stm32f10x_rcc.o(i.RCC_AdjustHSICalibrationValue)
    RCC_ClockSecuritySystemCmd               0x08003e95   Thumb Code     6  stm32f10x_rcc.o(i.RCC_ClockSecuritySystemCmd)
    RCC_DeInit                               0x08003ea1   Thumb Code    64  stm32f10x_rcc.o(i.RCC_DeInit)
    RCC_GetClocksFreq                        0x08003eed   Thumb Code   192  stm32f10x_rcc.o(i.RCC_GetClocksFreq)
    RCC_GetSYSCLKSource                      0x08003fc1   Thumb Code    10  stm32f10x_rcc.o(i.RCC_GetSYSCLKSource)
    RCC_HCLKConfig                           0x08003fd1   Thumb Code    18  stm32f10x_rcc.o(i.RCC_HCLKConfig)
    RCC_HSEConfig                            0x08003fe9   Thumb Code    70  stm32f10x_rcc.o(i.RCC_HSEConfig)
    RCC_HSICmd                               0x08004035   Thumb Code     6  stm32f10x_rcc.o(i.RCC_HSICmd)
    RCC_ITConfig                             0x08004041   Thumb Code    26  stm32f10x_rcc.o(i.RCC_ITConfig)
    RCC_LSEConfig                            0x08004061   Thumb Code    46  stm32f10x_rcc.o(i.RCC_LSEConfig)
    RCC_LSICmd                               0x08004095   Thumb Code     6  stm32f10x_rcc.o(i.RCC_LSICmd)
    RCC_MCOConfig                            0x080040a1   Thumb Code     6  stm32f10x_rcc.o(i.RCC_MCOConfig)
    RCC_PCLK1Config                          0x080040ad   Thumb Code    18  stm32f10x_rcc.o(i.RCC_PCLK1Config)
    RCC_PCLK2Config                          0x080040c5   Thumb Code    20  stm32f10x_rcc.o(i.RCC_PCLK2Config)
    RCC_PLLCmd                               0x080040dd   Thumb Code     6  stm32f10x_rcc.o(i.RCC_PLLCmd)
    RCC_PLLConfig                            0x080040e9   Thumb Code    24  stm32f10x_rcc.o(i.RCC_PLLConfig)
    RCC_SYSCLKConfig                         0x08004105   Thumb Code    18  stm32f10x_rcc.o(i.RCC_SYSCLKConfig)
    SPI_CS_Control                           0x0800411d   Thumb Code    64  spi.o(i.SPI_CS_Control)
    SPI_Cmd                                  0x08004165   Thumb Code    24  stm32f10x_spi.o(i.SPI_Cmd)
    SPI_I2S_DeInit                           0x08004245   Thumb Code    76  stm32f10x_spi.o(i.SPI_I2S_DeInit)
    SPI_I2S_GetFlagStatus                    0x0800429d   Thumb Code    18  stm32f10x_spi.o(i.SPI_I2S_GetFlagStatus)
    SPI_I2S_ReceiveData                      0x080042af   Thumb Code     6  stm32f10x_spi.o(i.SPI_I2S_ReceiveData)
    SPI_I2S_SendData                         0x080042b5   Thumb Code     4  stm32f10x_spi.o(i.SPI_I2S_SendData)
    SPI_Init                                 0x080042b9   Thumb Code    60  stm32f10x_spi.o(i.SPI_Init)
    SPI_ReadData                             0x080042f5   Thumb Code   120  spi.o(i.SPI_ReadData)
    SPI_StructInit                           0x08004371   Thumb Code    24  stm32f10x_spi.o(i.SPI_StructInit)
    SPI_WriteData                            0x080043c9   Thumb Code   118  spi.o(i.SPI_WriteData)
    SVC_Handler                              0x08004445   Thumb Code     2  stm32f10x_it.o(i.SVC_Handler)
    SysTick_Delay_us                         0x08004531   Thumb Code    66  systick.o(i.SysTick_Delay_us)
    SysTick_Handler                          0x0800457d   Thumb Code    10  stm32f10x_it.o(i.SysTick_Handler)
    SystemCoreClockUpdate                    0x080045a5   Thumb Code   142  system_stm32f10x.o(i.SystemCoreClockUpdate)
    SystemInit                               0x08004649   Thumb Code    78  system_stm32f10x.o(i.SystemInit)
    System_TickTimer_Init                    0x08004765   Thumb Code   100  systick.o(i.System_TickTimer_Init)
    TIM6_IRQHandler                          0x080047d1   Thumb Code    56  stm32f10x_it.o(i.TIM6_IRQHandler)
    TIM7_IRQHandler                          0x08004819   Thumb Code    42  stm32f10x_it.o(i.TIM7_IRQHandler)
    TIM_ClearFlag                            0x08004851   Thumb Code     6  stm32f10x_tim.o(i.TIM_ClearFlag)
    TIM_ClearITPendingBit                    0x08004857   Thumb Code     6  stm32f10x_tim.o(i.TIM_ClearITPendingBit)
    TIM_Cmd                                  0x0800485d   Thumb Code    24  stm32f10x_tim.o(i.TIM_Cmd)
    TIM_DeInit                               0x08004875   Thumb Code   424  stm32f10x_tim.o(i.TIM_DeInit)
    TIM_GetITStatus                          0x08004a5d   Thumb Code    34  stm32f10x_tim.o(i.TIM_GetITStatus)
    TIM_ITConfig                             0x08004a7f   Thumb Code    18  stm32f10x_tim.o(i.TIM_ITConfig)
    TIM_TimeBaseInit                         0x08004a91   Thumb Code   122  stm32f10x_tim.o(i.TIM_TimeBaseInit)
    TIM_TimeBaseStructInit                   0x08004b35   Thumb Code    18  stm32f10x_tim.o(i.TIM_TimeBaseStructInit)
    UART1_SendByte                           0x08004b49   Thumb Code    56  uart.o(i.UART1_SendByte)
    USART_Cmd                                0x08004b85   Thumb Code    24  stm32f10x_usart.o(i.USART_Cmd)
    USART_DeInit                             0x08004b9d   Thumb Code   134  stm32f10x_usart.o(i.USART_DeInit)
    USART_GetFlagStatus                      0x08004cbd   Thumb Code    26  stm32f10x_usart.o(i.USART_GetFlagStatus)
    USART_Init                               0x08004cd9   Thumb Code   210  stm32f10x_usart.o(i.USART_Init)
    USART_SendData                           0x08004db1   Thumb Code     8  stm32f10x_usart.o(i.USART_SendData)
    UsageFault_Handler                       0x08004db9   Thumb Code     4  stm32f10x_it.o(i.UsageFault_Handler)
    __0printf$5                              0x08004dbd   Thumb Code    22  printf5.o(i.__0printf$5)
    __1printf$5                              0x08004dbd   Thumb Code     0  printf5.o(i.__0printf$5)
    __2printf                                0x08004dbd   Thumb Code     0  printf5.o(i.__0printf$5)
    __scatterload_copy                       0x08004ddd   Thumb Code    14  handlers.o(i.__scatterload_copy)
    __scatterload_null                       0x08004deb   Thumb Code     2  handlers.o(i.__scatterload_null)
    __scatterload_zeroinit                   0x08004ded   Thumb Code    14  handlers.o(i.__scatterload_zeroinit)
    __set_errno                              0x08004dfd   Thumb Code     6  errno.o(i.__set_errno)
    fputc                                    0x080050c9   Thumb Code    16  uart.o(i.fputc)
    gh30x_int_msg_handler                    0x08005211   Thumb Code    90  gh3011_isr.o(i.gh30x_int_msg_handler)
    main                                     0x08005451   Thumb Code   146  main.o(i.main)
    sqrt                                     0x08005519   Thumb Code    76  sqrt.o(i.sqrt)
    sqrtf                                    0x08005565   Thumb Code    44  sqrtf.o(i.sqrtf)
    hb_reg_config_array                      0x08005590   Data         280  configarr.o(.constdata)
    hb_reg_config_array_len                  0x080056a8   Data           2  configarr.o(.constdata)
    getrawdata_reg_config_array              0x080056aa   Data         280  configarr.o(.constdata)
    getrawdata_reg_config_array_len          0x080057c2   Data           1  configarr.o(.constdata)
    systemtest_led0_reg_config_array         0x080057c4   Data          68  configarr.o(.constdata)
    systemtest_led0_reg_config_array_len     0x08005808   Data           1  configarr.o(.constdata)
    systemtest_led1_reg_config_array         0x0800580a   Data          68  configarr.o(.constdata)
    systemtest_led1_reg_config_array_len     0x0800584e   Data           1  configarr.o(.constdata)
    systemtest_led2_reg_config_array         0x08005850   Data          68  configarr.o(.constdata)
    systemtest_led2_reg_config_array_len     0x08005894   Data           1  configarr.o(.constdata)
    g_usGainArrEnum                          0x080058ac   Data          16  hbd_ctrl.o(.constdata)
    uchConfigArrKeyCode                      0x080058bc   Data          25  hbd_ctrl.o(.constdata)
    Region$$Table$$Base                      0x080059d8   Number         0  anon$$obj.o(Region$$Table)
    Region$$Table$$Limit                     0x080059f8   Number         0  anon$$obj.o(Region$$Table)
    SystemCoreClock                          0x20000000   Data           4  system_stm32f10x.o(.data)
    AHBPrescTable                            0x20000004   Data          16  system_stm32f10x.o(.data)
    TIM6_500ms_Flag                          0x20000028   Data           1  stm32f10x_it.o(.data)
    TIM6_1s_Flag                             0x20000029   Data           1  stm32f10x_it.o(.data)
    ADC1_Channel16_Value                     0x2000002a   Data           2  stm32f10x_it.o(.data)
    System_Init_Flag                         0x2000002e   Data           2  systeminit.o(.data)
    g_uchNeedReadRawdataCount                0x20000030   Data           1  hbd_ctrl.o(.data)
    g_uchPackageSN                           0x20000031   Data           1  hbd_ctrl.o(.data)
    g_uchHbdStarted                          0x20000032   Data           1  hbd_ctrl.o(.data)
    g_uchHbdInited                           0x20000033   Data           1  hbd_ctrl.o(.data)
    g_uchI2cDeviceId                         0x20000034   Data           1  hbd_ctrl.o(.data)
    g_uchAdtHasStarted                       0x20000035   Data           1  hbd_ctrl.o(.data)
    g_uchWrRegflag                           0x20000036   Data           1  hbd_ctrl.o(.data)
    g_uchKeepLedWorking                      0x20000037   Data           1  hbd_ctrl.o(.data)
    g_uchAutoLedErrorFlag                    0x20000038   Data           1  hbd_ctrl.o(.data)
    g_uchAutoLedLastFlag                     0x20000039   Data           1  hbd_ctrl.o(.data)
    g_uchAutoLedGainStartVal                 0x2000003a   Data           1  hbd_ctrl.o(.data)
    g_uchAdtContinuousMode                   0x2000003b   Data           1  hbd_ctrl.o(.data)
    g_usIrqPluseWidth                        0x2000003c   Data           2  hbd_ctrl.o(.data)
    g_uchIpdAmpFactor                        0x2000003e   Data           2  hbd_ctrl.o(.data)
    g_uchSoftLEDNewdataModeCNT               0x20000040   Data           2  hbd_ctrl.o(.data)
    g_usReadRawdataRegList                   0x20000044   Data           4  hbd_ctrl.o(.data)
    g_stMotionProcFlag                       0x2000004c   Data           4  hbd_ctrl.o(.data)
    g_stAutoledWrtRegCheck                   0x2000005c   Data           6  hbd_ctrl.o(.data)
    g_unIdealTargetValueArr                  0x20000064   Data           8  hbd_ctrl.o(.data)
    g_fTriggerIdealAdjustRatio               0x2000006c   Data           8  hbd_ctrl.o(.data)
    g_fMotionTrgIdealExtraRatio              0x20000074   Data           8  hbd_ctrl.o(.data)
    g_CalcAvgRatioInMotion                   0x2000007c   Data           8  hbd_ctrl.o(.data)
    gfMotionTrigRatio                        0x20000084   Data           8  hbd_ctrl.o(.data)
    g_stSampleInfo                           0x2000008c   Data           8  hbd_ctrl.o(.data)
    g_stAutoLedConfig                        0x20000094   Data          52  hbd_ctrl.o(.data)
    g_stIdealAdjust                          0x200000c8   Data          14  hbd_ctrl.o(.data)
    g_stBGAdj                                0x200000d6   Data          12  hbd_ctrl.o(.data)
    g_stMotionThold                          0x200000e2   Data          12  hbd_ctrl.o(.data)
    __stdout                                 0x200000f0   Data           4  stdout.o(.data)
    GH3011                                   0x200000f8   Data          28  gh3011.o(.bss)
    g_cCompileTime                           0x20000414   Data          40  hbd_ctrl.o(.bss)
    g_stHbRegList                            0x2000043c   Data          12  hbd_ctrl.o(.bss)
    g_stAdtRegList                           0x20000448   Data          12  hbd_ctrl.o(.bss)
    g_stAutoLedAccInfo                       0x20000454   Data          20  hbd_ctrl.o(.bss)
    g_stTrigCalcInfo                         0x20000468   Data          32  hbd_ctrl.o(.bss)
    g_stBufferBGInfo                         0x20000488   Data          32  hbd_ctrl.o(.bss)
    __initial_sp                             0x200008a8   Data           0  startup_stm32f10x_hd.o(STACK)



==============================================================================

Memory Map of the image

  Image Entry point : 0x08000131

  Load Region LR_IROM1 (Base: 0x08000000, Size: 0x00005af0, Max: 0x00040000, ABSOLUTE)

    Execution Region ER_IROM1 (Exec base: 0x08000000, Load base: 0x08000000, Size: 0x000059f8, Max: 0x00040000, ABSOLUTE)

    Exec Addr    Load Addr    Size         Type   Attr      Idx    E Section Name        Object

    0x08000000   0x08000000   0x00000130   Data   RO            3    RESET               startup_stm32f10x_hd.o
    0x08000130   0x08000130   0x00000000   Code   RO         2436  * .ARM.Collect$$$$00000000  mc_w.l(entry.o)
    0x08000130   0x08000130   0x00000004   Code   RO         2734    .ARM.Collect$$$$00000001  mc_w.l(entry2.o)
    0x08000134   0x08000134   0x00000004   Code   RO         2737    .ARM.Collect$$$$00000004  mc_w.l(entry5.o)
    0x08000138   0x08000138   0x00000000   Code   RO         2739    .ARM.Collect$$$$00000008  mc_w.l(entry7b.o)
    0x08000138   0x08000138   0x00000000   Code   RO         2741    .ARM.Collect$$$$0000000A  mc_w.l(entry8b.o)
    0x08000138   0x08000138   0x00000008   Code   RO         2742    .ARM.Collect$$$$0000000B  mc_w.l(entry9a.o)
    0x08000140   0x08000140   0x00000004   Code   RO         2749    .ARM.Collect$$$$0000000E  mc_w.l(entry12b.o)
    0x08000144   0x08000144   0x00000000   Code   RO         2744    .ARM.Collect$$$$0000000F  mc_w.l(entry10a.o)
    0x08000144   0x08000144   0x00000000   Code   RO         2746    .ARM.Collect$$$$00000011  mc_w.l(entry11a.o)
    0x08000144   0x08000144   0x00000004   Code   RO         2735    .ARM.Collect$$$$00002712  mc_w.l(entry2.o)
    0x08000148   0x08000148   0x00000024   Code   RO            4    .text               startup_stm32f10x_hd.o
    0x0800016c   0x0800016c   0x00000024   Code   RO         2439    .text               mc_w.l(memseta.o)
    0x08000190   0x08000190   0x000000b0   Code   RO         2702    .text               mf_w.l(fadd.o)
    0x08000240   0x08000240   0x00000064   Code   RO         2704    .text               mf_w.l(fmul.o)
    0x080002a4   0x080002a4   0x0000007c   Code   RO         2706    .text               mf_w.l(fdiv.o)
    0x08000320   0x08000320   0x0000014e   Code   RO         2708    .text               mf_w.l(dadd.o)
    0x0800046e   0x0800046e   0x000000e4   Code   RO         2710    .text               mf_w.l(dmul.o)
    0x08000552   0x08000552   0x000000de   Code   RO         2712    .text               mf_w.l(ddiv.o)
    0x08000630   0x08000630   0x00000012   Code   RO         2714    .text               mf_w.l(fflti.o)
    0x08000642   0x08000642   0x0000000a   Code   RO         2716    .text               mf_w.l(ffltui.o)
    0x0800064c   0x0800064c   0x0000001a   Code   RO         2718    .text               mf_w.l(dfltui.o)
    0x08000666   0x08000666   0x00000028   Code   RO         2720    .text               mf_w.l(ffixui.o)
    0x0800068e   0x0800068e   0x00000032   Code   RO         2722    .text               mf_w.l(dfixui.o)
    0x080006c0   0x080006c0   0x00000026   Code   RO         2724    .text               mf_w.l(f2d.o)
    0x080006e6   0x080006e6   0x00000002   PAD
    0x080006e8   0x080006e8   0x00000030   Code   RO         2726    .text               mf_w.l(cdcmple.o)
    0x08000718   0x08000718   0x00000038   Code   RO         2728    .text               mf_w.l(d2f.o)
    0x08000750   0x08000750   0x00000014   Code   RO         2730    .text               mf_w.l(cfcmple.o)
    0x08000764   0x08000764   0x00000014   Code   RO         2732    .text               mf_w.l(cfrcmple.o)
    0x08000778   0x08000778   0x00000062   Code   RO         2753    .text               mc_w.l(uldiv.o)
    0x080007da   0x080007da   0x0000001e   Code   RO         2755    .text               mc_w.l(llshl.o)
    0x080007f8   0x080007f8   0x00000020   Code   RO         2757    .text               mc_w.l(llushr.o)
    0x08000818   0x08000818   0x00000024   Code   RO         2759    .text               mc_w.l(llsshr.o)
    0x0800083c   0x0800083c   0x00000000   Code   RO         2768    .text               mc_w.l(iusefp.o)
    0x0800083c   0x0800083c   0x0000006e   Code   RO         2769    .text               mf_w.l(fepilogue.o)
    0x080008aa   0x080008aa   0x0000005e   Code   RO         2771    .text               mf_w.l(fsqrt.o)
    0x08000908   0x08000908   0x000000ba   Code   RO         2773    .text               mf_w.l(depilogue.o)
    0x080009c2   0x080009c2   0x000000a2   Code   RO         2775    .text               mf_w.l(dsqrt.o)
    0x08000a64   0x08000a64   0x00000024   Code   RO         2781    .text               mc_w.l(init.o)
    0x08000a88   0x08000a88   0x0000002c   Code   RO         1865    i.ADC1_2_IRQHandler  stm32f10x_it.o
    0x08000ab4   0x08000ab4   0x00000006   Code   RO         1245    i.ADC_ClearFlag     stm32f10x_adc.o
    0x08000aba   0x08000aba   0x0000000a   Code   RO         1246    i.ADC_ClearITPendingBit  stm32f10x_adc.o
    0x08000ac4   0x08000ac4   0x00000016   Code   RO         1247    i.ADC_Cmd           stm32f10x_adc.o
    0x08000ada   0x08000ada   0x00000002   PAD
    0x08000adc   0x08000adc   0x0000005c   Code   RO         1249    i.ADC_DeInit        stm32f10x_adc.o
    0x08000b38   0x08000b38   0x00000016   Code   RO         1252    i.ADC_ExternalTrigConvCmd  stm32f10x_adc.o
    0x08000b4e   0x08000b4e   0x00000002   PAD
    0x08000b50   0x08000b50   0x000000a4   Code   RO         2236    i.ADC_Function_Init  systeminit.o
    0x08000bf4   0x08000bf4   0x00000014   Code   RO         1255    i.ADC_GetCalibrationStatus  stm32f10x_adc.o
    0x08000c08   0x08000c08   0x00000008   Code   RO         1256    i.ADC_GetConversionValue  stm32f10x_adc.o
    0x08000c10   0x08000c10   0x00000024   Code   RO         1259    i.ADC_GetITStatus   stm32f10x_adc.o
    0x08000c34   0x08000c34   0x00000014   Code   RO         1261    i.ADC_GetResetCalibrationStatus  stm32f10x_adc.o
    0x08000c48   0x08000c48   0x00000018   Code   RO         1264    i.ADC_ITConfig      stm32f10x_adc.o
    0x08000c60   0x08000c60   0x00000050   Code   RO         1265    i.ADC_Init          stm32f10x_adc.o
    0x08000cb0   0x08000cb0   0x000000b8   Code   RO         1269    i.ADC_RegularChannelConfig  stm32f10x_adc.o
    0x08000d68   0x08000d68   0x0000000a   Code   RO         1270    i.ADC_ResetCalibration  stm32f10x_adc.o
    0x08000d72   0x08000d72   0x00000016   Code   RO         1272    i.ADC_SoftwareStartConvCmd  stm32f10x_adc.o
    0x08000d88   0x08000d88   0x0000000a   Code   RO         1274    i.ADC_StartCalibration  stm32f10x_adc.o
    0x08000d92   0x08000d92   0x00000012   Code   RO         1275    i.ADC_StructInit    stm32f10x_adc.o
    0x08000da4   0x08000da4   0x00000024   Code   RO         1276    i.ADC_TempSensorVrefintCmd  stm32f10x_adc.o
    0x08000dc8   0x08000dc8   0x0000003c   Code   RO         2237    i.ALL_System_Driver_Init  systeminit.o
    0x08000e04   0x08000e04   0x000000c0   Code   RO         2238    i.BasicTimer_Function_Init  systeminit.o
    0x08000ec4   0x08000ec4   0x00000004   Code   RO         1866    i.BusFault_Handler  stm32f10x_it.o
    0x08000ec8   0x08000ec8   0x00000002   Code   RO         1867    i.DebugMon_Handler  stm32f10x_it.o
    0x08000eca   0x08000eca   0x00000002   PAD
    0x08000ecc   0x08000ecc   0x00000028   Code   RO         1868    i.EXTI2_IRQHandler  stm32f10x_it.o
    0x08000ef4   0x08000ef4   0x00000024   Code   RO         1869    i.EXTI3_IRQHandler  stm32f10x_it.o
    0x08000f18   0x08000f18   0x0000000c   Code   RO         1811    i.EXTI_ClearFlag    stm32f10x_exti.o
    0x08000f24   0x08000f24   0x0000000c   Code   RO         1812    i.EXTI_ClearITPendingBit  stm32f10x_exti.o
    0x08000f30   0x08000f30   0x00000024   Code   RO         1813    i.EXTI_DeInit       stm32f10x_exti.o
    0x08000f54   0x08000f54   0x000000d0   Code   RO         2239    i.EXTI_Function_Init  systeminit.o
    0x08001024   0x08001024   0x00000028   Code   RO         1816    i.EXTI_GetITStatus  stm32f10x_exti.o
    0x0800104c   0x0800104c   0x00000094   Code   RO         1817    i.EXTI_Init         stm32f10x_exti.o
    0x080010e0   0x080010e0   0x00000010   Code   RO         1818    i.EXTI_StructInit   stm32f10x_exti.o
    0x080010f0   0x080010f0   0x00000124   Code   RO         2027    i.GH3011_ADT_WeraDetect_Start  gh3011.o
    0x08001214   0x08001214   0x000000e4   Code   RO         2028    i.GH3011_GetRawData_Start  gh3011.o
    0x080012f8   0x080012f8   0x00000080   Code   RO         2029    i.GH3011_I2C_Read_Exchange_To_SPI  gh3011.o
    0x08001378   0x08001378   0x00000090   Code   RO         2030    i.GH3011_I2C_Write_Exchange_To_SPI  gh3011.o
    0x08001408   0x08001408   0x000000f0   Code   RO         2031    i.GH3011_Init       gh3011.o
    0x080014f8   0x080014f8   0x000000b8   Code   RO         2032    i.GH3011_Load_New_Config  gh3011.o
    0x080015b0   0x080015b0   0x00000014   Code   RO          399    i.GPIO_AFIODeInit   stm32f10x_gpio.o
    0x080015c4   0x080015c4   0x000000c8   Code   RO          400    i.GPIO_DeInit       stm32f10x_gpio.o
    0x0800168c   0x0800168c   0x00000040   Code   RO          402    i.GPIO_EXTILineConfig  stm32f10x_gpio.o
    0x080016cc   0x080016cc   0x0000006c   Code   RO         2240    i.GPIO_Function_Init  systeminit.o
    0x08001738   0x08001738   0x00000116   Code   RO          405    i.GPIO_Init         stm32f10x_gpio.o
    0x0800184e   0x0800184e   0x00000004   Code   RO          413    i.GPIO_SetBits      stm32f10x_gpio.o
    0x08001852   0x08001852   0x00000010   Code   RO          414    i.GPIO_StructInit   stm32f10x_gpio.o
    0x08001862   0x08001862   0x00000002   PAD
    0x08001864   0x08001864   0x00000068   Code   RO         2297    i.HBD_AdtWearDetectStart  hbd_ctrl_KEIL5_M3.lib(hbd_ctrl.o)
    0x080018cc   0x080018cc   0x00000390   Code   RO         2298    i.HBD_AutoLEDBGProcess  hbd_ctrl_KEIL5_M3.lib(hbd_ctrl.o)
    0x08001c5c   0x08001c5c   0x000001dc   Code   RO         2299    i.HBD_AutoLedAdjustRawdataToIdeal  hbd_ctrl_KEIL5_M3.lib(hbd_ctrl.o)
    0x08001e38   0x08001e38   0x00000038   Code   RO         2300    i.HBD_AutoLedBGBufferRecursionCalc  hbd_ctrl_KEIL5_M3.lib(hbd_ctrl.o)
    0x08001e70   0x08001e70   0x00000238   Code   RO         2302    i.HBD_AutoLedCalcGainCurrent  hbd_ctrl_KEIL5_M3.lib(hbd_ctrl.o)
    0x080020a8   0x080020a8   0x0000008c   Code   RO         2303    i.HBD_AutoLedCalcTrigerFlag  hbd_ctrl_KEIL5_M3.lib(hbd_ctrl.o)
    0x08002134   0x08002134   0x00000114   Code   RO         2304    i.HBD_AutoLedCompatibleMode  hbd_ctrl_KEIL5_M3.lib(hbd_ctrl.o)
    0x08002248   0x08002248   0x0000005c   Code   RO         2305    i.HBD_AutoLedDirectCalculate  hbd_ctrl_KEIL5_M3.lib(hbd_ctrl.o)
    0x080022a4   0x080022a4   0x0000007c   Code   RO         2306    i.HBD_AutoLedDirectCalculateJudge  hbd_ctrl_KEIL5_M3.lib(hbd_ctrl.o)
    0x08002320   0x08002320   0x000000b8   Code   RO         2307    i.HBD_AutoLedGetCurrentAndGain  hbd_ctrl_KEIL5_M3.lib(hbd_ctrl.o)
    0x080023d8   0x080023d8   0x0000005c   Code   RO         2308    i.HBD_AutoLedMotionLevelDetection  hbd_ctrl_KEIL5_M3.lib(hbd_ctrl.o)
    0x08002434   0x08002434   0x000000a8   Code   RO         2309    i.HBD_AutoLedMotionLevelProcess  hbd_ctrl_KEIL5_M3.lib(hbd_ctrl.o)
    0x080024dc   0x080024dc   0x000000ac   Code   RO         2310    i.HBD_AutoLedRawdataAvgDeal  hbd_ctrl_KEIL5_M3.lib(hbd_ctrl.o)
    0x08002588   0x08002588   0x000000b0   Code   RO         2311    i.HBD_AutoLedRecursionCalc  hbd_ctrl_KEIL5_M3.lib(hbd_ctrl.o)
    0x08002638   0x08002638   0x0000007a   Code   RO         2312    i.HBD_AutoLedRecursionCalcNoSTD  hbd_ctrl_KEIL5_M3.lib(hbd_ctrl.o)
    0x080026b2   0x080026b2   0x00000002   PAD
    0x080026b4   0x080026b4   0x00000154   Code   RO         2313    i.HBD_AutoLedReset  hbd_ctrl_KEIL5_M3.lib(hbd_ctrl.o)
    0x08002808   0x08002808   0x00000038   Code   RO         2314    i.HBD_AutoLedTrigRecursionCalc  hbd_ctrl_KEIL5_M3.lib(hbd_ctrl.o)
    0x08002840   0x08002840   0x00000044   Code   RO         2315    i.HBD_AutoLedWriteReg  hbd_ctrl_KEIL5_M3.lib(hbd_ctrl.o)
    0x08002884   0x08002884   0x000000f0   Code   RO         2316    i.HBD_AutoLedWriteRegConfirm  hbd_ctrl_KEIL5_M3.lib(hbd_ctrl.o)
    0x08002974   0x08002974   0x000001f0   Code   RO         2317    i.HBD_AutoLedbyFifoInt  hbd_ctrl_KEIL5_M3.lib(hbd_ctrl.o)
    0x08002b64   0x08002b64   0x000001b4   Code   RO         2318    i.HBD_AutoLedbyNewDataInt  hbd_ctrl_KEIL5_M3.lib(hbd_ctrl.o)
    0x08002d18   0x08002d18   0x00000084   Code   RO         2319    i.HBD_AutoLedfIpdSaturation  hbd_ctrl_KEIL5_M3.lib(hbd_ctrl.o)
    0x08002d9c   0x08002d9c   0x00000054   Code   RO         2320    i.HBD_CalcRawdataCount  hbd_ctrl_KEIL5_M3.lib(hbd_ctrl.o)
    0x08002df0   0x08002df0   0x00000054   Code   RO         2321    i.HBD_ChangeToAdtModeRegVal  hbd_ctrl_KEIL5_M3.lib(hbd_ctrl.o)
    0x08002e44   0x08002e44   0x00000050   Code   RO         2322    i.HBD_ChangeToHbModeRegVal  hbd_ctrl_KEIL5_M3.lib(hbd_ctrl.o)
    0x08002e94   0x08002e94   0x0000001c   Code   RO         2323    i.HBD_CheckChipInited  hbd_ctrl_KEIL5_M3.lib(hbd_ctrl.o)
    0x08002eb0   0x08002eb0   0x0000002c   Code   RO         2324    i.HBD_ChipReset     hbd_ctrl_KEIL5_M3.lib(hbd_ctrl.o)
    0x08002edc   0x08002edc   0x0000003a   Code   RO         2325    i.HBD_CommunicateConfirm  hbd_ctrl_KEIL5_M3.lib(hbd_ctrl.o)
    0x08002f16   0x08002f16   0x00000002   PAD
    0x08002f18   0x08002f18   0x0000003c   Code   RO         2326    i.HBD_CommunicationInterfaceConfirm  hbd_ctrl_KEIL5_M3.lib(hbd_ctrl.o)
    0x08002f54   0x08002f54   0x00000038   Code   RO         2328    i.HBD_DelayUs       hbd_ctrl_KEIL5_M3.lib(hbd_ctrl.o)
    0x08002f8c   0x08002f8c   0x00000094   Code   RO         2332    i.HBD_GetIntStatus  hbd_ctrl_KEIL5_M3.lib(hbd_ctrl.o)
    0x08003020   0x08003020   0x000000c4   Code   RO         2334    i.HBD_GetRawdataByFifoInt  hbd_ctrl_KEIL5_M3.lib(hbd_ctrl.o)
    0x080030e4   0x080030e4   0x0000003c   Code   RO         2335    i.HBD_GetRawdataByNewDataInt  hbd_ctrl_KEIL5_M3.lib(hbd_ctrl.o)
    0x08003120   0x08003120   0x00000020   Code   RO         2336    i.HBD_GetRawdataHasDone  hbd_ctrl_KEIL5_M3.lib(hbd_ctrl.o)
    0x08003140   0x08003140   0x0000006c   Code   RO         2337    i.HBD_I2cReadFifo   hbd_ctrl_KEIL5_M3.lib(hbd_ctrl.o)
    0x080031ac   0x080031ac   0x00000040   Code   RO         2338    i.HBD_I2cReadRawdataReg  hbd_ctrl_KEIL5_M3.lib(hbd_ctrl.o)
    0x080031ec   0x080031ec   0x00000034   Code   RO         2339    i.HBD_I2cReadReg    hbd_ctrl_KEIL5_M3.lib(hbd_ctrl.o)
    0x08003220   0x08003220   0x0000002c   Code   RO         2340    i.HBD_I2cSendCmd    hbd_ctrl_KEIL5_M3.lib(hbd_ctrl.o)
    0x0800324c   0x0800324c   0x00000040   Code   RO         2341    i.HBD_I2cWriteRawdataReg  hbd_ctrl_KEIL5_M3.lib(hbd_ctrl.o)
    0x0800328c   0x0800328c   0x00000030   Code   RO         2342    i.HBD_I2cWriteReg   hbd_ctrl_KEIL5_M3.lib(hbd_ctrl.o)
    0x080032bc   0x080032bc   0x00000018   Code   RO         2343    i.HBD_IsAdtWearDetectHasStarted  hbd_ctrl_KEIL5_M3.lib(hbd_ctrl.o)
    0x080032d4   0x080032d4   0x0000007c   Code   RO         2345    i.HBD_LoadNewRegConfigArr  hbd_ctrl_KEIL5_M3.lib(hbd_ctrl.o)
    0x08003350   0x08003350   0x0000000c   Code   RO         2346    i.HBD_SetDelayUsCallback  hbd_ctrl_KEIL5_M3.lib(hbd_ctrl.o)
    0x0800335c   0x0800335c   0x00000028   Code   RO         2347    i.HBD_SetI2cRW      hbd_ctrl_KEIL5_M3.lib(hbd_ctrl.o)
    0x08003384   0x08003384   0x00000018   Code   RO         2348    i.HBD_SetIrqPluseWidth  hbd_ctrl_KEIL5_M3.lib(hbd_ctrl.o)
    0x0800339c   0x0800339c   0x00000204   Code   RO         2350    i.HBD_SimpleInit    hbd_ctrl_KEIL5_M3.lib(hbd_ctrl.o)
    0x080035a0   0x080035a0   0x000000b8   Code   RO         2351    i.HBD_StartHBDOnly  hbd_ctrl_KEIL5_M3.lib(hbd_ctrl.o)
    0x08003658   0x08003658   0x00000040   Code   RO         2352    i.HBD_Stop          hbd_ctrl_KEIL5_M3.lib(hbd_ctrl.o)
    0x08003698   0x08003698   0x00000054   Code   RO         2353    i.HBD_StoreHbModeRegVal  hbd_ctrl_KEIL5_M3.lib(hbd_ctrl.o)
    0x080036ec   0x080036ec   0x00000390   Code   RO         2354    i.HBD_VirtualConfig  hbd_ctrl_KEIL5_M3.lib(hbd_ctrl.o)
    0x08003a7c   0x08003a7c   0x00000004   Code   RO         1870    i.HardFault_Handler  stm32f10x_it.o
    0x08003a80   0x08003a80   0x00000018   Code   RO         1469    i.I2C_Cmd           stm32f10x_i2c.o
    0x08003a98   0x08003a98   0x00000038   Code   RO         1472    i.I2C_DeInit        stm32f10x_i2c.o
    0x08003ad0   0x08003ad0   0x00000098   Code   RO         2241    i.I2C_Function_Init  systeminit.o
    0x08003b68   0x08003b68   0x000000ec   Code   RO         1483    i.I2C_Init          stm32f10x_i2c.o
    0x08003c54   0x08003c54   0x0000001e   Code   RO         1494    i.I2C_StructInit    stm32f10x_i2c.o
    0x08003c72   0x08003c72   0x00000004   Code   RO         1871    i.MemManage_Handler  stm32f10x_it.o
    0x08003c76   0x08003c76   0x00000002   Code   RO         1872    i.NMI_Handler       stm32f10x_it.o
    0x08003c78   0x08003c78   0x000000e2   Code   RO         2242    i.NVIC_Function_Init  systeminit.o
    0x08003d5a   0x08003d5a   0x00000002   PAD
    0x08003d5c   0x08003d5c   0x00000070   Code   RO          137    i.NVIC_Init         misc.o
    0x08003dcc   0x08003dcc   0x00000014   Code   RO          138    i.NVIC_PriorityGroupConfig  misc.o
    0x08003de0   0x08003de0   0x00000002   Code   RO         1873    i.PendSV_Handler    stm32f10x_it.o
    0x08003de2   0x08003de2   0x00000002   PAD
    0x08003de4   0x08003de4   0x00000018   Code   RO          199    i.RCC_ADCCLKConfig  stm32f10x_rcc.o
    0x08003dfc   0x08003dfc   0x00000020   Code   RO          201    i.RCC_APB1PeriphClockCmd  stm32f10x_rcc.o
    0x08003e1c   0x08003e1c   0x00000020   Code   RO          202    i.RCC_APB1PeriphResetCmd  stm32f10x_rcc.o
    0x08003e3c   0x08003e3c   0x00000020   Code   RO          203    i.RCC_APB2PeriphClockCmd  stm32f10x_rcc.o
    0x08003e5c   0x08003e5c   0x00000020   Code   RO          204    i.RCC_APB2PeriphResetCmd  stm32f10x_rcc.o
    0x08003e7c   0x08003e7c   0x00000018   Code   RO          205    i.RCC_AdjustHSICalibrationValue  stm32f10x_rcc.o
    0x08003e94   0x08003e94   0x0000000c   Code   RO          209    i.RCC_ClockSecuritySystemCmd  stm32f10x_rcc.o
    0x08003ea0   0x08003ea0   0x0000004c   Code   RO          210    i.RCC_DeInit        stm32f10x_rcc.o
    0x08003eec   0x08003eec   0x000000d4   Code   RO          211    i.RCC_GetClocksFreq  stm32f10x_rcc.o
    0x08003fc0   0x08003fc0   0x00000010   Code   RO          214    i.RCC_GetSYSCLKSource  stm32f10x_rcc.o
    0x08003fd0   0x08003fd0   0x00000018   Code   RO          215    i.RCC_HCLKConfig    stm32f10x_rcc.o
    0x08003fe8   0x08003fe8   0x0000004c   Code   RO          216    i.RCC_HSEConfig     stm32f10x_rcc.o
    0x08004034   0x08004034   0x0000000c   Code   RO          217    i.RCC_HSICmd        stm32f10x_rcc.o
    0x08004040   0x08004040   0x00000020   Code   RO          218    i.RCC_ITConfig      stm32f10x_rcc.o
    0x08004060   0x08004060   0x00000034   Code   RO          219    i.RCC_LSEConfig     stm32f10x_rcc.o
    0x08004094   0x08004094   0x0000000c   Code   RO          220    i.RCC_LSICmd        stm32f10x_rcc.o
    0x080040a0   0x080040a0   0x0000000c   Code   RO          221    i.RCC_MCOConfig     stm32f10x_rcc.o
    0x080040ac   0x080040ac   0x00000018   Code   RO          222    i.RCC_PCLK1Config   stm32f10x_rcc.o
    0x080040c4   0x080040c4   0x00000018   Code   RO          223    i.RCC_PCLK2Config   stm32f10x_rcc.o
    0x080040dc   0x080040dc   0x0000000c   Code   RO          224    i.RCC_PLLCmd        stm32f10x_rcc.o
    0x080040e8   0x080040e8   0x0000001c   Code   RO          225    i.RCC_PLLConfig     stm32f10x_rcc.o
    0x08004104   0x08004104   0x00000018   Code   RO          228    i.RCC_SYSCLKConfig  stm32f10x_rcc.o
    0x0800411c   0x0800411c   0x00000048   Code   RO         2176    i.SPI_CS_Control    spi.o
    0x08004164   0x08004164   0x00000018   Code   RO         1672    i.SPI_Cmd           stm32f10x_spi.o
    0x0800417c   0x0800417c   0x000000c8   Code   RO         2243    i.SPI_Function_Init  systeminit.o
    0x08004244   0x08004244   0x00000058   Code   RO         1679    i.SPI_I2S_DeInit    stm32f10x_spi.o
    0x0800429c   0x0800429c   0x00000012   Code   RO         1680    i.SPI_I2S_GetFlagStatus  stm32f10x_spi.o
    0x080042ae   0x080042ae   0x00000006   Code   RO         1683    i.SPI_I2S_ReceiveData  stm32f10x_spi.o
    0x080042b4   0x080042b4   0x00000004   Code   RO         1684    i.SPI_I2S_SendData  stm32f10x_spi.o
    0x080042b8   0x080042b8   0x0000003c   Code   RO         1685    i.SPI_Init          stm32f10x_spi.o
    0x080042f4   0x080042f4   0x0000007c   Code   RO         2177    i.SPI_ReadData      spi.o
    0x08004370   0x08004370   0x00000018   Code   RO         1688    i.SPI_StructInit    stm32f10x_spi.o
    0x08004388   0x08004388   0x00000040   Code   RO         2178    i.SPI_TimeOverFlow_UserCallBack  spi.o
    0x080043c8   0x080043c8   0x0000007c   Code   RO         2179    i.SPI_WriteData     spi.o
    0x08004444   0x08004444   0x00000002   Code   RO         1874    i.SVC_Handler       stm32f10x_it.o
    0x08004446   0x08004446   0x00000008   Code   RO           10    i.SetSysClock       system_stm32f10x.o
    0x0800444e   0x0800444e   0x00000002   PAD
    0x08004450   0x08004450   0x000000e0   Code   RO           11    i.SetSysClockTo72   system_stm32f10x.o
    0x08004530   0x08004530   0x0000004c   Code   RO         2093    i.SysTick_Delay_us  systick.o
    0x0800457c   0x0800457c   0x00000028   Code   RO         1875    i.SysTick_Handler   stm32f10x_it.o
    0x080045a4   0x080045a4   0x000000a4   Code   RO           12    i.SystemCoreClockUpdate  system_stm32f10x.o
    0x08004648   0x08004648   0x00000060   Code   RO           13    i.SystemInit        system_stm32f10x.o
    0x080046a8   0x080046a8   0x000000bc   Code   RO         2244    i.System_Clock_Init  systeminit.o
    0x08004764   0x08004764   0x0000006c   Code   RO         2094    i.System_TickTimer_Init  systick.o
    0x080047d0   0x080047d0   0x00000048   Code   RO         1876    i.TIM6_IRQHandler   stm32f10x_it.o
    0x08004818   0x08004818   0x00000038   Code   RO         1877    i.TIM7_IRQHandler   stm32f10x_it.o
    0x08004850   0x08004850   0x00000006   Code   RO          703    i.TIM_ClearFlag     stm32f10x_tim.o
    0x08004856   0x08004856   0x00000006   Code   RO          704    i.TIM_ClearITPendingBit  stm32f10x_tim.o
    0x0800485c   0x0800485c   0x00000018   Code   RO          709    i.TIM_Cmd           stm32f10x_tim.o
    0x08004874   0x08004874   0x000001e8   Code   RO          714    i.TIM_DeInit        stm32f10x_tim.o
    0x08004a5c   0x08004a5c   0x00000022   Code   RO          730    i.TIM_GetITStatus   stm32f10x_tim.o
    0x08004a7e   0x08004a7e   0x00000012   Code   RO          734    i.TIM_ITConfig      stm32f10x_tim.o
    0x08004a90   0x08004a90   0x000000a4   Code   RO          780    i.TIM_TimeBaseInit  stm32f10x_tim.o
    0x08004b34   0x08004b34   0x00000012   Code   RO          781    i.TIM_TimeBaseStructInit  stm32f10x_tim.o
    0x08004b46   0x08004b46   0x00000002   PAD
    0x08004b48   0x08004b48   0x0000003c   Code   RO         2123    i.UART1_SendByte    uart.o
    0x08004b84   0x08004b84   0x00000018   Code   RO          517    i.USART_Cmd         stm32f10x_usart.o
    0x08004b9c   0x08004b9c   0x0000009c   Code   RO          519    i.USART_DeInit      stm32f10x_usart.o
    0x08004c38   0x08004c38   0x00000084   Code   RO         2245    i.USART_Function_Init  systeminit.o
    0x08004cbc   0x08004cbc   0x0000001a   Code   RO          520    i.USART_GetFlagStatus  stm32f10x_usart.o
    0x08004cd6   0x08004cd6   0x00000002   PAD
    0x08004cd8   0x08004cd8   0x000000d8   Code   RO          524    i.USART_Init        stm32f10x_usart.o
    0x08004db0   0x08004db0   0x00000008   Code   RO          534    i.USART_SendData    stm32f10x_usart.o
    0x08004db8   0x08004db8   0x00000004   Code   RO         1878    i.UsageFault_Handler  stm32f10x_it.o
    0x08004dbc   0x08004dbc   0x00000020   Code   RO         2574    i.__0printf$5       mc_w.l(printf5.o)
    0x08004ddc   0x08004ddc   0x0000000e   Code   RO         2785    i.__scatterload_copy  mc_w.l(handlers.o)
    0x08004dea   0x08004dea   0x00000002   Code   RO         2786    i.__scatterload_null  mc_w.l(handlers.o)
    0x08004dec   0x08004dec   0x0000000e   Code   RO         2787    i.__scatterload_zeroinit  mc_w.l(handlers.o)
    0x08004dfa   0x08004dfa   0x00000002   PAD
    0x08004dfc   0x08004dfc   0x0000000c   Code   RO         2763    i.__set_errno       mc_w.l(errno.o)
    0x08004e08   0x08004e08   0x000002c0   Code   RO         2581    i._printf_core      mc_w.l(printf5.o)
    0x080050c8   0x080050c8   0x00000010   Code   RO         2125    i.fputc             uart.o
    0x080050d8   0x080050d8   0x000000f0   Code   RO         1984    i.gh30x_fifo_evt_handler  gh3011_isr.o
    0x080051c8   0x080051c8   0x00000048   Code   RO         1985    i.gh30x_fifo_full_evt_handler  gh3011_isr.o
    0x08005210   0x08005210   0x00000060   Code   RO         1986    i.gh30x_int_msg_handler  gh3011_isr.o
    0x08005270   0x08005270   0x00000064   Code   RO         1987    i.gh30x_new_data_evt_handler  gh3011_isr.o
    0x080052d4   0x080052d4   0x000000a0   Code   RO         1988    i.gh30x_reset_evt_handler  gh3011_isr.o
    0x08005374   0x08005374   0x0000009c   Code   RO         1989    i.gh30x_unwear_evt_handler  gh3011_isr.o
    0x08005410   0x08005410   0x00000040   Code   RO         1990    i.gh30x_wear_evt_handler  gh3011_isr.o
    0x08005450   0x08005450   0x000000c8   Code   RO         2211    i.main              main.o
    0x08005518   0x08005518   0x0000004c   Code   RO         2421    i.sqrt              m_ws.l(sqrt.o)
    0x08005564   0x08005564   0x0000002c   Code   RO         2429    i.sqrtf             m_ws.l(sqrtf.o)
    0x08005590   0x08005590   0x00000305   Data   RO         2080    .constdata          configarr.o
    0x08005895   0x08005895   0x00000001   PAD
    0x08005896   0x08005896   0x0000013f   Data   RO         2356    .constdata          hbd_ctrl_KEIL5_M3.lib(hbd_ctrl.o)
    0x080059d5   0x080059d5   0x00000003   PAD
    0x080059d8   0x080059d8   0x00000020   Data   RO         2783    Region$$Table       anon$$obj.o


    Execution Region RW_IRAM1 (Exec base: 0x20000000, Load base: 0x080059f8, Size: 0x000008a8, Max: 0x0000c000, ABSOLUTE)

    Exec Addr    Load Addr    Size         Type   Attr      Idx    E Section Name        Object

    0x20000000   0x080059f8   0x00000014   Data   RW           14    .data               system_stm32f10x.o
    0x20000014   0x08005a0c   0x00000014   Data   RW          231    .data               stm32f10x_rcc.o
    0x20000028   0x08005a20   0x00000005   Data   RW         1879    .data               stm32f10x_it.o
    0x2000002d   0x08005a25   0x00000001   Data   RW         1991    .data               gh3011_isr.o
    0x2000002e   0x08005a26   0x00000002   Data   RW         2246    .data               systeminit.o
    0x20000030   0x08005a28   0x000000be   Data   RW         2358    .data               hbd_ctrl_KEIL5_M3.lib(hbd_ctrl.o)
    0x200000ee   0x08005ae6   0x00000002   PAD
    0x200000f0   0x08005ae8   0x00000004   Data   RW         2750    .data               mc_w.l(stdout.o)
    0x200000f4   0x08005aec   0x00000004   Data   RW         2764    .data               mc_w.l(errno.o)
    0x200000f8        -       0x0000001c   Zero   RW         2033    .bss                gh3011.o
    0x20000114        -       0x00000394   Zero   RW         2355    .bss                hbd_ctrl_KEIL5_M3.lib(hbd_ctrl.o)
    0x200004a8        -       0x00000400   Zero   RW            1    STACK               startup_stm32f10x_hd.o


==============================================================================

Image component sizes


      Code (inc. data)   RO Data    RW Data    ZI Data      Debug   Object Name

         0          0        773          0          0       1328   configarr.o
      1216        506          0          0         28       8432   gh3011.o
       888        486          0          1          0       3632   gh3011_isr.o
       200         54          0          0          0       1307   main.o
       132         22          0          0          0     217499   misc.o
       384         66          0          0          0       2984   spi.o
        36          8        304          0       1024        836   startup_stm32f10x_hd.o
       620         30          0          0          0      11913   stm32f10x_adc.o
       264         32          0          0          0       3561   stm32f10x_exti.o
       582         32          0          0          0       4723   stm32f10x_gpio.o
       346         20          0          0          0       4023   stm32f10x_i2c.o
       312         82          0          5          0      10252   stm32f10x_it.o
       824        146          0         20          0      14425   stm32f10x_rcc.o
       224         12          0          0          0       4884   stm32f10x_spi.o
       758        106          0          0          0       5368   stm32f10x_tim.o
       430         28          0          0          0       4587   stm32f10x_usart.o
       492         50          0         20          0      65581   system_stm32f10x.o
      1630        116          0          2          0       5976   systeminit.o
       184         18          0          0          0      16550   systick.o
        76          4          0          0          0       1017   uart.o

    ----------------------------------------------------------------------
      9616       1818       1110         48       1052     388878   Object Totals
         0          0         32          0          0          0   (incl. Generated)
        18          0          1          0          0          0   (incl. Padding)

    ----------------------------------------------------------------------

      Code (inc. data)   RO Data    RW Data    ZI Data      Debug   Library Member Name

      8724        444        319        190        916       4244   hbd_ctrl.o
        76          0          0          0          0         84   sqrt.o
        44          0          0          0          0         80   sqrtf.o
         0          0          0          0          0          0   entry.o
         0          0          0          0          0          0   entry10a.o
         0          0          0          0          0          0   entry11a.o
         4          0          0          0          0          0   entry12b.o
         8          4          0          0          0          0   entry2.o
         4          0          0          0          0          0   entry5.o
         0          0          0          0          0          0   entry7b.o
         0          0          0          0          0          0   entry8b.o
         8          4          0          0          0          0   entry9a.o
        12          6          0          4          0         68   errno.o
        30          0          0          0          0          0   handlers.o
        36          8          0          0          0         68   init.o
         0          0          0          0          0          0   iusefp.o
        30          0          0          0          0         68   llshl.o
        36          0          0          0          0         68   llsshr.o
        32          0          0          0          0         68   llushr.o
        36          0          0          0          0        108   memseta.o
       736         54          0          0          0        184   printf5.o
         0          0          0          4          0          0   stdout.o
        98          0          0          0          0         92   uldiv.o
        48          0          0          0          0         68   cdcmple.o
        20          0          0          0          0         68   cfcmple.o
        20          0          0          0          0         68   cfrcmple.o
        56          0          0          0          0         88   d2f.o
       334          0          0          0          0        148   dadd.o
       222          0          0          0          0        100   ddiv.o
       186          0          0          0          0        176   depilogue.o
        50          0          0          0          0         76   dfixui.o
        26          0          0          0          0         76   dfltui.o
       228          0          0          0          0         96   dmul.o
       162          0          0          0          0        100   dsqrt.o
        38          0          0          0          0         68   f2d.o
       176          0          0          0          0        140   fadd.o
       124          0          0          0          0         88   fdiv.o
       110          0          0          0          0        168   fepilogue.o
        40          0          0          0          0         68   ffixui.o
        18          0          0          0          0         68   fflti.o
        10          0          0          0          0         68   ffltui.o
       100          0          0          0          0         76   fmul.o
        94          0          0          0          0         96   fsqrt.o

    ----------------------------------------------------------------------
     11984        520        322        200        916       7036   Library Totals
         8          0          3          2          0          0   (incl. Padding)

    ----------------------------------------------------------------------

      Code (inc. data)   RO Data    RW Data    ZI Data      Debug   Library Name

      8724        444        319        190        916       4244   hbd_ctrl_KEIL5_M3.lib
       120          0          0          0          0        164   m_ws.l
      1070         76          0          8          0        724   mc_w.l
      2062          0          0          0          0       1904   mf_w.l

    ----------------------------------------------------------------------
     11984        520        322        200        916       7036   Library Totals

    ----------------------------------------------------------------------

==============================================================================


      Code (inc. data)   RO Data    RW Data    ZI Data      Debug   

     21600       2338       1432        248       1968     385614   Grand Totals
     21600       2338       1432        248       1968     385614   ELF Image Totals
     21600       2338       1432        248          0          0   ROM Totals

==============================================================================

    Total RO  Size (Code + RO Data)                23032 (  22.49kB)
    Total RW  Size (RW Data + ZI Data)              2216 (   2.16kB)
    Total ROM Size (Code + RO Data + RW Data)      23280 (  22.73kB)

==============================================================================

