Component: ARM Compiler 5.06 update 6 (build 750) Tool: armlink [4d35ed]

==============================================================================

Section Cross References

    startup_gr55xx.o(RESET) refers to startup_gr55xx.o(.text) for Reset_Handler
    startup_gr55xx.o(RESET) refers to interrupt_gr55xx.o(.emb_text) for HardFault_Handler
    startup_gr55xx.o(RESET) refers to interrupt_gr55xx.o(i.MemManage_Handler) for MemManage_Handler
    startup_gr55xx.o(RESET) refers to interrupt_gr55xx.o(i.BusFault_Handler) for BusFault_Handler
    startup_gr55xx.o(RESET) refers to interrupt_gr55xx.o(i.UsageFault_Handler) for UsageFault_Handler
    startup_gr55xx.o(RESET) refers to interrupt_gr55xx.o(i.SysTick_Handler) for SysTick_Handler
    startup_gr55xx.o(RESET) refers to app_dma.o(RAM_CODE) for DMA_IRQHandler
    startup_gr55xx.o(RESET) refers to app_gpiote.o(RAM_CODE) for EXT0_IRQHandler
    startup_gr55xx.o(RESET) refers to app_uart.o(RAM_CODE) for UART0_IRQHandler
    startup_gr55xx.o(RESET) refers to interrupt_gr55xx.o(i.SLPTIMER_IRQHandler) for SLPTIMER_IRQHandler
    startup_gr55xx.o(.text) refers to system_gr55xx.o(i.set_msp) for set_msp
    startup_gr55xx.o(.text) refers to system_gr55xx.o(i.SystemInit) for SystemInit
    startup_gr55xx.o(.text) refers to system_gr55xx.o(i.main_init) for main_init
    interrupt_gr55xx.o(.emb_text) refers to interrupt_gr55xx.o(i.cortex_backtrace_fault_handler) for cortex_backtrace_fault_handler
    system_gr55xx.o(i.SystemCoreSetClock) refers to system_gr55xx.o(.constdata) for .constdata
    system_gr55xx.o(i.SystemCoreSetClock) refers to system_gr55xx.o(.data) for .data
    system_gr55xx.o(i.SystemCoreUpdateClock) refers to system_gr55xx.o(.constdata) for .constdata
    system_gr55xx.o(i.SystemCoreUpdateClock) refers to system_gr55xx.o(.data) for .data
    system_gr55xx.o(i.SystemInit) refers to sdk_ram_init_patch.o(i.sdk_init) for sdk_init
    system_gr55xx.o(i.main_init) refers to platform_sdk.o(RAM_CODE) for warm_boot
    system_gr55xx.o(i.main_init) refers to __main.o(!!!main) for __main
    system_gr55xx.o(i.system_platform_init) refers to platform_gr55xx.o(i.platform_init) for platform_init
    system_gr55xx.o(i.system_platform_init) refers to system_gr55xx.o(.data) for .data
    platform_gr55xx.o(i.$Sub$$main) refers to system_gr55xx.o(i.system_platform_init) for system_platform_init
    platform_gr55xx.o(i.$Sub$$main) refers to main.o(i.main) for $Super$$main
    platform_gr55xx.o(i.platform_init) refers to platform_sdk.o(i.platform_init_push) for platform_init_push
    platform_gr55xx.o(i.platform_init) refers to platform_sram.o(i.mem_pwr_mgmt_init) for mem_pwr_mgmt_init
    platform_gr55xx.o(i.platform_init) refers to platform_exflash.o(i.platform_flash_enable_quad) for platform_flash_enable_quad
    platform_gr55xx.o(i.platform_init) refers to platform_exflash.o(i.platform_flash_protection) for platform_flash_protection
    platform_gr55xx.o(i.platform_init) refers to platform_gr55xx.o(i.nvds_setup) for nvds_setup
    platform_gr55xx.o(i.platform_init) refers to platform_sdk.o(i.system_io_leakage_protect) for system_io_leakage_protect
    platform_gr55xx.o(i.platform_init) refers to platform_clock.o(i.platform_clock_init) for platform_clock_init
    platform_gr55xx.o(i.platform_init) refers to platform_sdk.o(i.platform_sdk_init) for platform_sdk_init
    platform_gr55xx.o(i.platform_init) refers to pmu_calibration.o(i.system_pmu_calibration_init) for system_pmu_calibration_init
    platform_gr55xx.o(i.platform_init) refers to platform_sdk.o(i.system_pmu_deinit) for system_pmu_deinit
    platform_gr55xx.o(i.platform_init) refers to system_gr55xx.o(i.SystemCoreSetClock) for SystemCoreSetClock
    platform_gr55xx.o(i.platform_init) refers to platform_sdk.o(i.system_pmu_init) for system_pmu_init
    platform_gr55xx.o(i.platform_init) refers to platform_sdk.o(i.pmu_calibration_handler) for pmu_calibration_handler
    platform_gr55xx.o(i.platform_init) refers to platform_sdk.o(i.rtc_calibration) for rtc_calibration
    platform_gr55xx.o(i.platform_init) refers to platform_sdk.o(i.platform_init_pop) for platform_init_pop
    platform_gr55xx.o(i.platform_init) refers to platform_gr55xx.o(.data) for .data
    platform_gr55xx.o(i.platform_init) refers to platform_gr55xx.o(SVC_TABLE) for SVC_TABLE
    gr55xx_hal_uart.o(i.hal_uart_deinit) refers to gr55xx_hal_uart.o(.data) for .data
    gr55xx_hal_uart.o(i.hal_uart_init) refers to gr55xx_hal_uart.o(.data) for .data
    gr55xx_hal_uart.o(.data) refers to gr55xx_hal_uart.o(i.hal_uart_msp_init) for hal_uart_msp_init
    gr55xx_hal_uart.o(.data) refers to gr55xx_hal_uart.o(i.hal_uart_msp_deinit) for hal_uart_msp_deinit
    gr55xx_hal_uart.o(.data) refers to app_uart.o(i.hal_uart_tx_cplt_callback) for hal_uart_tx_cplt_callback
    gr55xx_hal_uart.o(.data) refers to app_uart.o(i.hal_uart_rx_cplt_callback) for hal_uart_rx_cplt_callback
[...]
    _get_lc_ctype                            0x0100b065   Thumb Code    44  lc_ctype_c.o(locale$$code)
    __aeabi_dadd                             0x0100b091   Thumb Code     0  daddsub_clz.o(x$fpl$dadd)
    _dadd                                    0x0100b091   Thumb Code   332  daddsub_clz.o(x$fpl$dadd)
    __fpl_dcheck_NaN1                        0x0100b1e1   Thumb Code    10  dcheck1.o(x$fpl$dcheck1)
    __fpl_dcmp_Inf                           0x0100b1f1   Thumb Code    24  dcmpi.o(x$fpl$dcmpinf)
    __aeabi_ddiv                             0x0100b209   Thumb Code     0  ddiv.o(x$fpl$ddiv)
    _ddiv                                    0x0100b209   Thumb Code   552  ddiv.o(x$fpl$ddiv)
    __aeabi_d2iz                             0x0100b4b9   Thumb Code     0  dfix.o(x$fpl$dfix)
    _dfix                                    0x0100b4b9   Thumb Code    94  dfix.o(x$fpl$dfix)
    __aeabi_d2uiz                            0x0100b519   Thumb Code     0  dfixu.o(x$fpl$dfixu)
    _dfixu                                   0x0100b519   Thumb Code    90  dfixu.o(x$fpl$dfixu)
    __aeabi_ui2d                             0x0100b573   Thumb Code     0  dflt_clz.o(x$fpl$dfltu)
    _dfltu                                   0x0100b573   Thumb Code    38  dflt_clz.o(x$fpl$dfltu)
    __aeabi_cdcmple                          0x0100b599   Thumb Code     0  dleqf.o(x$fpl$dleqf)
    _dcmple                                  0x0100b599   Thumb Code   120  dleqf.o(x$fpl$dleqf)
    __fpl_dcmple_InfNaN                      0x0100b5fb   Thumb Code     0  dleqf.o(x$fpl$dleqf)
    __aeabi_dmul                             0x0100b611   Thumb Code     0  dmul.o(x$fpl$dmul)
    _dmul                                    0x0100b611   Thumb Code   332  dmul.o(x$fpl$dmul)
    __fpl_dnaninf                            0x0100b765   Thumb Code   156  dnaninf.o(x$fpl$dnaninf)
    __fpl_dretinf                            0x0100b801   Thumb Code    12  dretinf.o(x$fpl$dretinf)
    __aeabi_cdrcmple                         0x0100b80d   Thumb Code     0  drleqf.o(x$fpl$drleqf)
    _drcmple                                 0x0100b80d   Thumb Code   108  drleqf.o(x$fpl$drleqf)
    __aeabi_drsub                            0x0100b879   Thumb Code     0  daddsub_clz.o(x$fpl$drsb)
    _drsb                                    0x0100b879   Thumb Code    22  daddsub_clz.o(x$fpl$drsb)
    __aeabi_dsub                             0x0100b891   Thumb Code     0  daddsub_clz.o(x$fpl$dsub)
    _dsub                                    0x0100b891   Thumb Code   464  daddsub_clz.o(x$fpl$dsub)
    __aeabi_f2d                              0x0100ba65   Thumb Code     0  f2d.o(x$fpl$f2d)
    _f2d                                     0x0100ba65   Thumb Code    86  f2d.o(x$fpl$f2d)
    __aeabi_fadd                             0x0100babb   Thumb Code     0  faddsub_clz.o(x$fpl$fadd)
    _fadd                                    0x0100babb   Thumb Code    18  faddsub_clz.o(x$fpl$fadd)
    __aeabi_fdiv                             0x0100bacd   Thumb Code     0  fdiv.o(x$fpl$fdiv)
    _fdiv                                    0x0100bacd   Thumb Code    18  fdiv.o(x$fpl$fdiv)
    __aeabi_f2uiz                            0x0100badf   Thumb Code     0  ffixu.o(x$fpl$ffixu)
    _ffixu                                   0x0100badf   Thumb Code    14  ffixu.o(x$fpl$ffixu)
    __aeabi_ui2f                             0x0100baed   Thumb Code     0  fflt_clz.o(x$fpl$ffltu)
    _ffltu                                   0x0100baed   Thumb Code    14  fflt_clz.o(x$fpl$ffltu)
    __aeabi_fmul                             0x0100bafb   Thumb Code     0  fmul.o(x$fpl$fmul)
    _fmul                                    0x0100bafb   Thumb Code    18  fmul.o(x$fpl$fmul)
    __fpl_fnaninf                            0x0100bb0d   Thumb Code   140  fnaninf.o(x$fpl$fnaninf)
    _fp_init                                 0x0100bb99   Thumb Code    10  fpinit.o(x$fpl$fpinit)
    __fplib_config_fpu_vfp                   0x0100bba1   Thumb Code     0  fpinit.o(x$fpl$fpinit)
    __fplib_config_pureend_doubles           0x0100bba1   Thumb Code     0  fpinit.o(x$fpl$fpinit)
    _printf_fp_dec                           0x0100bba3   Thumb Code     4  printf1.o(x$fpl$printf1)
    _printf_fp_hex                           0x0100bba7   Thumb Code     4  printf2.o(x$fpl$printf2)
    __fpl_return_NaN                         0x0100bbab   Thumb Code   100  retnan.o(x$fpl$retnan)
    __ARM_scalbn                             0x0100bc0f   Thumb Code    92  scalbn.o(x$fpl$scalbn)
    __fpl_cmpreturn                          0x0100bc6b   Thumb Code    48  trapv.o(x$fpl$trapveneer)
    __I$use$fp                               0x0100bc9a   Number         0  usenofp.o(x$fpl$usenofp)
    mcu_clk_2_qspi_clk                       0x0100bcb4   Data          24  system_gr55xx.o(.constdata)
    app_gap_callbacks                        0x0100be5c   Data         100  user_gap_callback.o(.constdata)
    app_gatt_common_callback                 0x0100bf00   Data           8  user_gatt_common_callback.o(.constdata)
    RF_25OHM_LP_TX_PW_CONV_TBL_PATCH         0x0100c09c   Data         116  rf_gdx_patch.o(.constdata)
    atts_handlers_patch                      0x0100c120   Data         104  atts_patch.o(.constdata)
    Region$$Table$$Base                      0x0100c8a0   Number         0  anon$$obj.o(Region$$Table)
    Region$$Table$$Limit                     0x0100c8e0   Number         0  anon$$obj.o(Region$$Table)
    __ctype                                  0x0100c909   Data           0  lc_ctype_c.o(locale$$data)
    Image$$FLASH_CODE$$Limit                 0x0100ca0c   Number         0  anon$$obj.o ABSOLUTE
    patch_value                              0x30004000   Data          32  platform_patch.o(FPB)



==============================================================================

Memory Map of the image

  Image Entry point : 0x010020c9

  Load Region LR_FLASH (Base: 0x01002000, Size: 0x0000d398, Max: 0x00800000, ABSOLUTE, COMPRESSED[0x0000d194])

    Execution Region RAM_TINY_RW (Exec base: 0x00802000, Load base: 0x0100ca2c, Size: 0x00000000, Max: 0x00001e00, ABSOLUTE)

    **** No section assigned to this execution region ****


    Execution Region RAM_RW (Exec base: 0x00804020, Load base: 0x0100ca2c, Size: 0x000003dc, Max: 0x00030000, ABSOLUTE, COMPRESSED[0x000001d8])

    Exec Addr    Load Addr    Size         Type   Attr      Idx    E Section Name        Object

    0x00804020   COMPRESSED   0x00000008   Data   RW          350    .data               system_gr55xx.o
    0x00804028   COMPRESSED   0x00000008   Data   RW          419    .data               platform_gr55xx.o
    0x00804030   COMPRESSED   0x00000020   Data   RW          482    .data               gr55xx_hal_uart.o
    0x00804050   COMPRESSED   0x00000008   Data   RW          560    .data               gr55xx_hal.o
    0x00804058   COMPRESSED   0x00000004   Data   RW          603    .data               gr55xx_hal_gpio.o
    0x0080405c   COMPRESSED   0x00000004   Data   RW          729    .data               gr55xx_hal_aon_gpio.o
    0x00804060   COMPRESSED   0x00000004   Data   RW          805    .data               app_dma.o
    0x00804064   COMPRESSED   0x00000004   Data   RW         1074    .data               app_uart.o
    0x00804068   COMPRESSED   0x00000002   Data   RW         1207    .data               app_systick.o
    0x0080406a   COMPRESSED   0x00000002   PAD
    0x0080406c   COMPRESSED   0x00000004   Data   RW         1637    .data               pmu_calibration.o
    0x00804070   COMPRESSED   0x0000000c   Data   RW         1778    .data               app_assert.o
    0x0080407c   COMPRESSED   0x00000158   Data   RW         1838    .data               app_error.o
    0x008041d4   COMPRESSED   0x00000010   Data   RW         1887    .data               app_log.o
    0x008041e4   COMPRESSED   0x0000000c   Data   RW         2054    .data               gus.o
    0x008041f0   COMPRESSED   0x00000014   Data   RW         2055    .data               gus.o
    0x00804204   COMPRESSED   0x00000008   Data   RW         2368    .data               user_periph_setup.o
    0x0080420c   COMPRESSED   0x00000044   Data   RW         2425    .data               main.o
    0x00804250   COMPRESSED   0x00000004   Data   RW         2473    .data               user_app.o
    0x00804254   COMPRESSED   0x00000009   Data   RW         2536    .data               transport_scheduler.o
    0x0080425d   COMPRESSED   0x00000001   Data   RW         2617    .data               ble_sdk_gr551x_d.lib(gr55xx_hal_aon_gpio_patch.o)
    0x0080425e   COMPRESSED   0x00000002   PAD
    0x00804260   COMPRESSED   0x00000128   Data   RW         3644    .data               ble_sdk_gr551x_d.lib(platform_sdk.o)
    0x00804388   COMPRESSED   0x00000001   Data   RW         4104    .data               ble_sdk_gr551x_d.lib(platform_clock.o)
    0x00804389   COMPRESSED   0x00000001   Data   RW         4563    .data               ble_sdk_gr551x_d.lib(cold_patch.o)
    0x0080438a   COMPRESSED   0x00000002   PAD
    0x0080438c   COMPRESSED   0x0000001c   Data   RW         4663    .data               ble_sdk_gr551x_d.lib(fpb_patch_init.o)
    0x008043a8   COMPRESSED   0x00000008   Data   RW         4696    .data               ble_sdk_gr551x_d.lib(rwble_patch.o)
    0x008043b0   COMPRESSED   0x00000001   Data   RW         4896    .data               ble_sdk_gr551x_d.lib(gr55xx_hal_comp_patch.o)
    0x008043b1   COMPRESSED   0x00000003   PAD
    0x008043b4   COMPRESSED   0x00000020   Data   RW         5031    .data               ble_sdk_gr551x_d.lib(rwip_sleep_patch.o)
    0x008043d4   COMPRESSED   0x00000004   Data   RW         5165    .data               ble_sdk_gr551x_d.lib(gr55xx_hal_exflash_patch.o)
    0x008043d8   COMPRESSED   0x0000000c   Data   RW         5255    .data               ble_sdk_gr551x_d.lib(sch_prog_patch.o)
    0x008043e4   COMPRESSED   0x00000001   Data   RW         5882    .data               ble_sdk_gr551x_d.lib(hci_patch.o)
    0x008043e5   COMPRESSED   0x00000003   PAD
    0x008043e8   COMPRESSED   0x00000004   Data   RW         6472    .data               ble_sdk_gr551x_d.lib(sdk_pwr_mgmt_patch.o)
    0x008043ec   COMPRESSED   0x00000010   Data   RW          420    SVC_TABLE           platform_gr55xx.o


    Execution Region RAM_ZI (Exec base: 0x008043fc, Load base: 0x0100cc04, Size: 0x000104c4, Max: 0x00030000, ABSOLUTE)

    Exec Addr    Load Addr    Size         Type   Attr      Idx    E Section Name        Object

    0x008043fc        -       0x00000300   Zero   RW          803    .bss                app_dma.o
    0x008046fc        -       0x00000204   Zero   RW          891    .bss                app_gpiote.o
    0x00804900        -       0x00000054   Zero   RW         1011    .bss                app_pwr_mgmt.o
    0x00804954        -       0x000001e8   Zero   RW         1072    .bss                app_uart.o
    0x00804b3c        -       0x000001a4   Zero   RW         1680    .bss                app_timer.o
    0x00804ce0        -       0x0000009c   Zero   RW         1777    .bss                app_assert.o
    0x00804d7c        -       0x00000400   Zero   RW         1836    .bss                app_error.o
    0x0080517c        -       0x00000124   Zero   RW         1885    .bss                app_log.o
    0x008052a0        -       0x00000030   Zero   RW         2052    .bss                gus.o
    0x008052d0        -       0x00002144   Zero   RW         2366    .bss                user_periph_setup.o
    0x00807414   0x0100cc04   0x0000000c   PAD
    0x00807420        -       0x00000398   Zero   RW         2418    .bss                main.o
    0x008077b8   0x0100cc04   0x00000008   PAD
    0x008077c0        -       0x00000020   Zero   RW         2419    .bss                main.o
    0x008077e0        -       0x00000e88   Zero   RW         2420    .bss                main.o
    0x00808668   0x0100cc04   0x00000018   PAD
    0x00808680        -       0x00002480   Zero   RW         2421    .bss                main.o
    0x0080ab00        -       0x00000c0c   Zero   RW         2422    .bss                main.o
    0x0080b70c   0x0100cc04   0x00000014   PAD
    0x0080b720        -       0x000048bc   Zero   RW         2423    .bss                main.o
    0x0080ffdc   0x0100cc04   0x00000004   PAD
    0x0080ffe0        -       0x0000029c   Zero   RW         2424    .bss                main.o
    0x0081027c        -       0x00000012   Zero   RW         2467    .bss                user_app.o
    0x0081028e   0x0100cc04   0x00000002   PAD
    0x00810290        -       0x00002a08   Zero   RW         2535    .bss                transport_scheduler.o
    0x00812c98        -       0x00001000   Zero   RW         2955    .bss                ble_sdk_gr551x_d.lib(sdk_nvds_patch.o)
    0x00813c98        -       0x00000034   Zero   RW         3642    .bss                ble_sdk_gr551x_d.lib(platform_sdk.o)
    0x00813ccc        -       0x00000024   Zero   RW         4103    .bss                ble_sdk_gr551x_d.lib(platform_clock.o)
    0x00813cf0        -       0x00000280   Zero   RW         5390    .bss                ble_sdk_gr551x_d.lib(llm_hci_patch.o)
    0x00813f70        -       0x000001a4   Zero   RW         5680    .bss                ble_sdk_gr551x_d.lib(llc_llcp_patch.o)
    0x00814114        -       0x000000e0   Zero   RW         5761    .bss                ble_sdk_gr551x_d.lib(gattc_task_patch.o)
    0x008141f4        -       0x00000280   Zero   RW         5932    .bss                ble_sdk_gr551x_d.lib(llc_task_patch.o)
    0x00814474        -       0x000001f8   Zero   RW         6039    .bss                ble_sdk_gr551x_d.lib(gapc_hci_patch.o)
    0x0081466c        -       0x000000b8   Zero   RW         6566    .bss                ble_sdk_gr551x_d.lib(ble_sdk_gapc_patch.o)
    0x00814724        -       0x00000058   Zero   RW         6631    .bss                ble_sdk_gr551x_d.lib(ble_sdk_gatt_task_patch.o)
    0x0081477c        -       0x000000e4   Zero   RW         6975    .bss                c_w.l(rand.o)
    0x00814860        -       0x00000060   Zero   RW         7273    .bss                c_w.l(libspace.o)


    Execution Region RAM_CODE (Exec base: 0x008148c0, Load base: 0x0100cc04, Size: 0x00002590, Max: 0x00010000, ABSOLUTE)

    Exec Addr    Load Addr    Size         Type   Attr      Idx    E Section Name        Object

    0x008148c0   0x0100cc04   0x00000064   Code   RO          794    RAM_CODE            app_dma.o
    0x00814924   0x0100cc68   0x00000064   Code   RO          883    RAM_CODE            app_gpiote.o
    0x00814988   0x0100cccc   0x00000034   Code   RO         1007    RAM_CODE            app_pwr_mgmt.o
    0x008149bc   0x0100cd00   0x00000078   Code   RO         1052    RAM_CODE            app_uart.o
    0x00814a34   0x0100cd78   0x00000014   Code   RO         1201    RAM_CODE            app_systick.o
    0x00814a48   0x0100cd8c   0x00000760   Code   RO         3608    RAM_CODE            ble_sdk_gr551x_d.lib(platform_sdk.o)
    0x008151a8   0x0100d4ec   0x00000024   Code   RO         4089    RAM_CODE            ble_sdk_gr551x_d.lib(platform_clock.o)
    0x008151cc   0x0100d510   0x00000134   Code   RO         4246    RAM_CODE            ble_sdk_gr551x_d.lib(platform_exflash.o)
    0x00815300   0x0100d644   0x00000064   Code   RO         4662    RAM_CODE            ble_sdk_gr551x_d.lib(fpb_patch_init.o)
    0x00815364   0x0100d6a8   0x00000244   Code   RO         4692    RAM_CODE            ble_sdk_gr551x_d.lib(rwble_patch.o)
    0x008155a8   0x0100d8ec   0x00000644   Code   RO         5025    RAM_CODE            ble_sdk_gr551x_d.lib(rwip_sleep_patch.o)
    0x00815bec   0x0100df30   0x00000576   Code   RO         5164    RAM_CODE            ble_sdk_gr551x_d.lib(gr55xx_hal_exflash_patch.o)
    0x00816162   0x0100e4a6   0x00000002   PAD
    0x00816164   0x0100e4a8   0x00000334   Code   RO         5252    RAM_CODE            ble_sdk_gr551x_d.lib(sch_prog_patch.o)
    0x00816498   0x0100e7dc   0x00000010   Code   RO         5332    RAM_CODE            ble_sdk_gr551x_d.lib(sch_arb_patch.o)
    0x008164a8   0x0100e7ec   0x0000004c   Code   RO         5505    RAM_CODE            ble_sdk_gr551x_d.lib(lld_scan_patch.o)
    0x008164f4   0x0100e838   0x00000012   Code   RO         5835    RAM_CODE            ble_sdk_gr551x_d.lib(lld_patch.o)
    0x00816506   0x0100e84a   0x00000002   PAD
    0x00816508   0x0100e84c   0x0000012c   Code   RO         5881    RAM_CODE            ble_sdk_gr551x_d.lib(hci_patch.o)
    0x00816634   0x0100e978   0x000003f4   Code   RO         5988    RAM_CODE            ble_sdk_gr551x_d.lib(lld_con_patch.o)
    0x00816a28   0x0100ed6c   0x0000003c   Code   RO         6175    RAM_CODE            ble_sdk_gr551x_d.lib(system_sdk_patch.o)
    0x00816a64   0x0100eda8   0x00000244   Code   RO         6470    RAM_CODE            ble_sdk_gr551x_d.lib(sdk_pwr_mgmt_patch.o)
    0x00816ca8   0x0100efec   0x0000016c   Code   RO         6532    RAM_CODE            ble_sdk_gr551x_d.lib(warm_boot_patch.o)
    0x00816e14   0x0100f158   0x00000004   Ven    RO         7365    Veneer$$Code        anon$$obj.o
    0x00816e18   0x0100f15c   0x00000004   Ven    RO         7366    Veneer$$Code        anon$$obj.o
    0x00816e1c   0x0100f160   0x00000004   Ven    RO         7367    Veneer$$Code        anon$$obj.o
    0x00816e20   0x0100f164   0x00000004   Ven    RO         7368    Veneer$$Code        anon$$obj.o
    0x00816e24   0x0100f168   0x00000004   Ven    RO         7369    Veneer$$Code        anon$$obj.o
    0x00816e28   0x0100f16c   0x00000004   Ven    RO         7370    Veneer$$Code        anon$$obj.o
    0x00816e2c   0x0100f170   0x00000004   Ven    RO         7371    Veneer$$Code        anon$$obj.o
    0x00816e30   0x0100f174   0x00000004   Ven    RO         7372    Veneer$$Code        anon$$obj.o
    0x00816e34   0x0100f178   0x00000004   Ven    RO         7373    Veneer$$Code        anon$$obj.o
    0x00816e38   0x0100f17c   0x00000004   Ven    RO         7374    Veneer$$Code        anon$$obj.o
    0x00816e3c   0x0100f180   0x00000004   Ven    RO         7375    Veneer$$Code        anon$$obj.o
    0x00816e40   0x0100f184   0x00000004   Ven    RO         7376    Veneer$$Code        anon$$obj.o
    0x00816e44   0x0100f188   0x00000004   Ven    RO         7377    Veneer$$Code        anon$$obj.o
    0x00816e48   0x0100f18c   0x00000004   Ven    RO         7378    Veneer$$Code        anon$$obj.o
    0x00816e4c   0x0100f190   0x00000004   Ven    RO         7379    Veneer$$Code        anon$$obj.o


    Execution Region ARM_LIB_STACKHEAP (Exec base: 0x00838000, Load base: 0x0100f194, Size: 0x00008000, Max: 0x00008000, ABSOLUTE)

    Exec Addr    Load Addr    Size         Type   Attr      Idx    E Section Name        Object

    0x00838000        -       0x00008000   Zero   RW            1    ARM_LIB_STACKHEAP.bss  anon$$obj.o


    Execution Region FLASH_CODE (Exec base: 0x01002000, Load base: 0x01002000, Size: 0x0000aa0c, Max: 0x00800000, ABSOLUTE)

    Exec Addr    Load Addr    Size         Type   Attr      Idx    E Section Name        Object

    0x01002000   0x01002000   0x000000c8   Data   RO            2    RESET               startup_gr55xx.o
    0x010020c8   0x010020c8   0x00000008   Code   RO         6992  * !!!main             c_w.l(__main.o)
    0x010020d0   0x010020d0   0x00000034   Code   RO         7359    !!!scatter          c_w.l(__scatter.o)
    0x01002104   0x01002104   0x0000005a   Code   RO         7357    !!dczerorl2         c_w.l(__dczerorl2.o)
    0x0100215e   0x0100215e   0x00000002   PAD
    0x01002160   0x01002160   0x0000001a   Code   RO         7361    !!handler_copy      c_w.l(__scatter_copy.o)
    0x0100217a   0x0100217a   0x00000002   PAD
    0x0100217c   0x0100217c   0x0000001c   Code   RO         7363    !!handler_zi        c_w.l(__scatter_zi.o)
    0x01002198   0x01002198   0x00000000   Code   RO         6972    .ARM.Collect$$_printf_percent$$00000000  c_w.l(_printf_percent.o)
    0x01002198   0x01002198   0x00000006   Code   RO         7081    .ARM.Collect$$_printf_percent$$00000001  c_w.l(_printf_n.o)
    0x0100219e   0x0100219e   0x00000006   Code   RO         7082    .ARM.Collect$$_printf_percent$$00000002  c_w.l(_printf_p.o)
    0x010021a4   0x010021a4   0x00000006   Code   RO         7086    .ARM.Collect$$_printf_percent$$00000003  c_w.l(_printf_f.o)
    0x010021aa   0x010021aa   0x00000006   Code   RO         7087    .ARM.Collect$$_printf_percent$$00000004  c_w.l(_printf_e.o)
    0x010021b0   0x010021b0   0x00000006   Code   RO         7088    .ARM.Collect$$_printf_percent$$00000005  c_w.l(_printf_g.o)
    0x010021b6   0x010021b6   0x00000006   Code   RO         7089    .ARM.Collect$$_printf_percent$$00000006  c_w.l(_printf_a.o)
    0x010021bc   0x010021bc   0x0000000a   Code   RO         7094    .ARM.Collect$$_printf_percent$$00000007  c_w.l(_printf_ll.o)
    0x010021c6   0x010021c6   0x00000006   Code   RO         7084    .ARM.Collect$$_printf_percent$$00000008  c_w.l(_printf_i.o)
    0x010021cc   0x010021cc   0x00000006   Code   RO         6971    .ARM.Collect$$_printf_percent$$00000009  c_w.l(_printf_d.o)
    0x010021d2   0x010021d2   0x00000006   Code   RO         7085    .ARM.Collect$$_printf_percent$$0000000A  c_w.l(_printf_u.o)
    0x010021d8   0x010021d8   0x00000006   Code   RO         7083    .ARM.Collect$$_printf_percent$$0000000B  c_w.l(_printf_o.o)
    0x010021de   0x010021de   0x00000006   Code   RO         6970    .ARM.Collect$$_printf_percent$$0000000C  c_w.l(_printf_x.o)
    0x010021e4   0x010021e4   0x00000006   Code   RO         7091    .ARM.Collect$$_printf_percent$$0000000D  c_w.l(_printf_lli.o)
    0x010021ea   0x010021ea   0x00000006   Code   RO         7092    .ARM.Collect$$_printf_percent$$0000000E  c_w.l(_printf_lld.o)
    0x010021f0   0x010021f0   0x00000006   Code   RO         7093    .ARM.Collect$$_printf_percent$$0000000F  c_w.l(_printf_llu.o)
    0x010021f6   0x010021f6   0x00000006   Code   RO         7098    .ARM.Collect$$_printf_percent$$00000010  c_w.l(_printf_llo.o)
    0x010021fc   0x010021fc   0x00000006   Code   RO         7099    .ARM.Collect$$_printf_percent$$00000011  c_w.l(_printf_llx.o)
    0x01002202   0x01002202   0x0000000a   Code   RO         7095    .ARM.Collect$$_printf_percent$$00000012  c_w.l(_printf_l.o)
    0x0100220c   0x0100220c   0x00000006   Code   RO         7080    .ARM.Collect$$_printf_percent$$00000013  c_w.l(_printf_c.o)
    0x01002212   0x01002212   0x00000006   Code   RO         6969    .ARM.Collect$$_printf_percent$$00000014  c_w.l(_printf_s.o)
    0x01002218   0x01002218   0x00000006   Code   RO         7096    .ARM.Collect$$_printf_percent$$00000015  c_w.l(_printf_lc.o)
    0x0100221e   0x0100221e   0x00000006   Code   RO         7097    .ARM.Collect$$_printf_percent$$00000016  c_w.l(_printf_ls.o)
    0x01002224   0x01002224   0x00000004   Code   RO         7090    .ARM.Collect$$_printf_percent$$00000017  c_w.l(_printf_percent_end.o)
    0x01002228   0x01002228   0x00000002   Code   RO         7263    .ARM.Collect$$libinit$$00000000  c_w.l(libinit.o)
    0x0100222a   0x0100222a   0x00000004   Code   RO         7100    .ARM.Collect$$libinit$$00000001  c_w.l(libinit2.o)
    0x0100222e   0x0100222e   0x00000000   Code   RO         7103    .ARM.Collect$$libinit$$00000004  c_w.l(libinit2.o)
    0x0100222e   0x0100222e   0x00000000   Code   RO         7106    .ARM.Collect$$libinit$$0000000A  c_w.l(libinit2.o)
    0x0100222e   0x0100222e   0x00000000   Code   RO         7108    .ARM.Collect$$libinit$$0000000C  c_w.l(libinit2.o)
    0x0100222e   0x0100222e   0x00000004   Code   RO         7109    .ARM.Collect$$libinit$$0000000D  c_w.l(libinit2.o)
    0x01002232   0x01002232   0x00000000   Code   RO         7110    .ARM.Collect$$libinit$$0000000E  c_w.l(libinit2.o)
    0x01002232   0x01002232   0x00000006   Code   RO         7111    .ARM.Collect$$libinit$$0000000F  c_w.l(libinit2.o)
    0x01002238   0x01002238   0x00000000   Code   RO         7113    .ARM.Collect$$libinit$$00000011  c_w.l(libinit2.o)
    0x01002238   0x01002238   0x0000000c   Code   RO         7114    .ARM.Collect$$libinit$$00000012  c_w.l(libinit2.o)
    0x01002244   0x01002244   0x00000000   Code   RO         7115    .ARM.Collect$$libinit$$00000013  c_w.l(libinit2.o)
    0x01002244   0x01002244   0x00000000   Code   RO         7117    .ARM.Collect$$libinit$$00000015  c_w.l(libinit2.o)
    0x01002244   0x01002244   0x0000000a   Code   RO         7118    .ARM.Collect$$libinit$$00000016  c_w.l(libinit2.o)
    0x0100224e   0x0100224e   0x00000000   Code   RO         7119    .ARM.Collect$$libinit$$00000017  c_w.l(libinit2.o)
    0x0100224e   0x0100224e   0x00000000   Code   RO         7121    .ARM.Collect$$libinit$$00000019  c_w.l(libinit2.o)
    0x0100224e   0x0100224e   0x00000000   Code   RO         7123    .ARM.Collect$$libinit$$0000001B  c_w.l(libinit2.o)
    0x0100224e   0x0100224e   0x00000000   Code   RO         7125    .ARM.Collect$$libinit$$0000001D  c_w.l(libinit2.o)
    0x0100224e   0x0100224e   0x00000000   Code   RO         7127    .ARM.Collect$$libinit$$0000001F  c_w.l(libinit2.o)
    0x0100224e   0x0100224e   0x00000000   Code   RO         7129    .ARM.Collect$$libinit$$00000021  c_w.l(libinit2.o)
    0x0100224e   0x0100224e   0x00000000   Code   RO         7131    .ARM.Collect$$libinit$$00000023  c_w.l(libinit2.o)
    0x0100224e   0x0100224e   0x00000000   Code   RO         7133    .ARM.Collect$$libinit$$00000025  c_w.l(libinit2.o)
    0x0100224e   0x0100224e   0x00000000   Code   RO         7137    .ARM.Collect$$libinit$$0000002C  c_w.l(libinit2.o)
    0x0100224e   0x0100224e   0x00000000   Code   RO         7139    .ARM.Collect$$libinit$$0000002E  c_w.l(libinit2.o)
    0x0100224e   0x0100224e   0x00000000   Code   RO         7141    .ARM.Collect$$libinit$$00000030  c_w.l(libinit2.o)
    0x0100224e   0x0100224e   0x00000000   Code   RO         7143    .ARM.Collect$$libinit$$00000032  c_w.l(libinit2.o)
    0x0100224e   0x0100224e   0x00000002   Code   RO         7144    .ARM.Collect$$libinit$$00000033  c_w.l(libinit2.o)
    0x01002250   0x01002250   0x00000002   Code   RO         7324    .ARM.Collect$$libshutdown$$00000000  c_w.l(libshutdown.o)
    0x01002252   0x01002252   0x00000000   Code   RO         7340    .ARM.Collect$$libshutdown$$00000002  c_w.l(libshutdown2.o)
    0x01002252   0x01002252   0x00000000   Code   RO         7342    .ARM.Collect$$libshutdown$$00000004  c_w.l(libshutdown2.o)
    0x01002252   0x01002252   0x00000000   Code   RO         7345    .ARM.Collect$$libshutdown$$00000007  c_w.l(libshutdown2.o)
    0x01002252   0x01002252   0x00000000   Code   RO         7348    .ARM.Collect$$libshutdown$$0000000A  c_w.l(libshutdown2.o)
    0x01002252   0x01002252   0x00000000   Code   RO         7350    .ARM.Collect$$libshutdown$$0000000C  c_w.l(libshutdown2.o)
    0x01002252   0x01002252   0x00000000   Code   RO         7353    .ARM.Collect$$libshutdown$$0000000F  c_w.l(libshutdown2.o)
    0x01002252   0x01002252   0x00000002   Code   RO         7354    .ARM.Collect$$libshutdown$$00000010  c_w.l(libshutdown2.o)
    0x01002254   0x01002254   0x00000000   Code   RO         7048    .ARM.Collect$$rtentry$$00000000  c_w.l(__rtentry.o)
    0x01002254   0x01002254   0x00000000   Code   RO         7165    .ARM.Collect$$rtentry$$00000002  c_w.l(__rtentry2.o)
    0x01002254   0x01002254   0x00000004   Code   RO         7179    .ARM.Collect$$rtentry$$00000006  c_w.l(__rtentry6.o)
    0x01002258   0x01002258   0x00000000   Code   RO         7167    .ARM.Collect$$rtentry$$00000009  c_w.l(__rtentry2.o)
    0x01002258   0x01002258   0x00000004   Code   RO         7168    .ARM.Collect$$rtentry$$0000000A  c_w.l(__rtentry2.o)
    0x0100225c   0x0100225c   0x00000000   Code   RO         7170    .ARM.Collect$$rtentry$$0000000C  c_w.l(__rtentry2.o)
    0x0100225c   0x0100225c   0x00000008   Code   RO         7171    .ARM.Collect$$rtentry$$0000000D  c_w.l(__rtentry2.o)
    0x01002264   0x01002264   0x00000004   Code   RO         7180    .ARM.Collect$$rtentry$$00002717  c_w.l(__rtentry6.o)
    0x01002268   0x01002268   0x00000002   Code   RO         7277    .ARM.Collect$$rtexit$$00000000  c_w.l(rtexit.o)
    0x0100226a   0x0100226a   0x00000000   Code   RO         7306    .ARM.Collect$$rtexit$$00000002  c_w.l(rtexit2.o)
    0x0100226a   0x0100226a   0x00000004   Code   RO         7307    .ARM.Collect$$rtexit$$00000003  c_w.l(rtexit2.o)
    0x0100226e   0x0100226e   0x00000006   Code   RO         7308    .ARM.Collect$$rtexit$$00000004  c_w.l(rtexit2.o)
    0x01002274   0x01002274   0x00000034   Code   RO           12    .emb_text           interrupt_gr55xx.o
    0x010022a8   0x010022a8   0x00000028   Code   RO            3    .text               startup_gr55xx.o
    0x010022d0   0x010022d0   0x000000ee   Code   RO         6904    .text               c_w.l(lludivv7m.o)
    0x010023be   0x010023be   0x00000002   PAD
    0x010023c0   0x010023c0   0x00000034   Code   RO         6906    .text               c_w.l(vsnprintf.o)
    0x010023f4   0x010023f4   0x0000002c   Code   RO         6910    .text               c_w.l(__2sprintf.o)
    0x01002420   0x01002420   0x00000038   Code   RO         6912    .text               c_w.l(__2snprintf.o)
    0x01002458   0x01002458   0x0000004e   Code   RO         6922    .text               c_w.l(_printf_pad.o)
    0x010024a6   0x010024a6   0x00000052   Code   RO         6924    .text               c_w.l(_printf_str.o)
    0x010024f8   0x010024f8   0x00000078   Code   RO         6926    .text               c_w.l(_printf_dec.o)
    0x01002570   0x01002570   0x00000094   Code   RO         6946    .text               c_w.l(_printf_hex_int_ll_ptr.o)
    0x01002604   0x01002604   0x00000188   Code   RO         6966    .text               c_w.l(__printf_flags_ss_wp.o)
    0x0100278c   0x0100278c   0x0000003c   Code   RO         6974    .text               c_w.l(rand.o)
    0x010027c8   0x010027c8   0x00000058   Code   RO         6978    .text               c_w.l(memcmp.o)
    0x01002820   0x01002820   0x0000003e   Code   RO         6982    .text               c_w.l(strlen.o)
    0x0100285e   0x0100285e   0x0000008a   Code   RO         6984    .text               c_w.l(rt_memcpy_v6.o)
    0x010028e8   0x010028e8   0x00000064   Code   RO         6986    .text               c_w.l(rt_memcpy_w.o)
    0x0100294c   0x0100294c   0x00000044   Code   RO         6988    .text               c_w.l(rt_memclr.o)
    0x01002990   0x01002990   0x0000004e   Code   RO         6990    .text               c_w.l(rt_memclr_w.o)
    0x010029de   0x010029de   0x00000024   Code   RO         7053    .text               c_w.l(_printf_truncate.o)
    0x01002a02   0x01002a02   0x000000b2   Code   RO         7055    .text               c_w.l(_printf_intcommon.o)
    0x01002ab4   0x01002ab4   0x00000028   Code   RO         7057    .text               c_w.l(_printf_charcount.o)
    0x01002adc   0x01002adc   0x00000030   Code   RO         7059    .text               c_w.l(_printf_char_common.o)
    0x01002b0c   0x01002b0c   0x0000000a   Code   RO         7061    .text               c_w.l(_sputc.o)
    0x01002b16   0x01002b16   0x00000010   Code   RO         7063    .text               c_w.l(_snputc.o)
    0x01002b26   0x01002b26   0x0000002c   Code   RO         7065    .text               c_w.l(_printf_char.o)
    0x01002b52   0x01002b52   0x00000002   PAD
    0x01002b54   0x01002b54   0x000000bc   Code   RO         7069    .text               c_w.l(_printf_wctomb.o)
    0x01002c10   0x01002c10   0x0000007c   Code   RO         7072    .text               c_w.l(_printf_longlong_dec.o)
    0x01002c8c   0x01002c8c   0x00000070   Code   RO         7078    .text               c_w.l(_printf_oct_int_ll.o)
    0x01002cfc   0x01002cfc   0x0000008a   Code   RO         7186    .text               c_w.l(lludiv10.o)
    0x01002d86   0x01002d86   0x0000041e   Code   RO         7188    .text               c_w.l(_printf_fp_dec.o)
    0x010031a4   0x010031a4   0x000002fc   Code   RO         7190    .text               c_w.l(_printf_fp_hex.o)
    0x010034a0   0x010034a0   0x0000002c   Code   RO         7195    .text               c_w.l(_printf_wchar.o)
    0x010034cc   0x010034cc   0x00000040   Code   RO         7201    .text               c_w.l(_wcrtomb.o)
    0x0100350c   0x0100350c   0x00000010   Code   RO         7211    .text               c_w.l(rt_ctype_table.o)
    0x0100351c   0x0100351c   0x00000008   Code   RO         7216    .text               c_w.l(rt_locale_intlibspace.o)
    0x01003524   0x01003524   0x00000080   Code   RO         7218    .text               c_w.l(_printf_fp_infnan.o)
    0x010035a4   0x010035a4   0x000000e4   Code   RO         7220    .text               c_w.l(bigflt0.o)
    0x01003688   0x01003688   0x00000012   Code   RO         7248    .text               c_w.l(exit.o)
    0x0100369a   0x0100369a   0x00000002   PAD
    0x0100369c   0x0100369c   0x00000080   Code   RO         7294    .text               c_w.l(strcmpv7m.o)
    0x0100371c   0x0100371c   0x0000000c   Code   RO         7300    .text               c_w.l(sys_exit.o)
    0x01003728   0x01003728   0x00000002   Code   RO         7302    .text               c_w.l(use_no_semi.o)
    0x0100372a   0x0100372a   0x00000000   Code   RO         7304    .text               c_w.l(indicate_semi.o)
    0x0100372a   0x0100372a   0x0000003e   Code   RO         7223    CL$$btod_d2e        c_w.l(btod.o)
    0x01003768   0x01003768   0x00000046   Code   RO         7225    CL$$btod_d2e_denorm_low  c_w.l(btod.o)
    0x010037ae   0x010037ae   0x00000060   Code   RO         7224    CL$$btod_d2e_norm_op1  c_w.l(btod.o)
    0x0100380e   0x0100380e   0x00000338   Code   RO         7233    CL$$btod_div_common  c_w.l(btod.o)
    0x01003b46   0x01003b46   0x000000dc   Code   RO         7230    CL$$btod_e2e        c_w.l(btod.o)
    0x01003c22   0x01003c22   0x0000002a   Code   RO         7227    CL$$btod_ediv       c_w.l(btod.o)
    0x01003c4c   0x01003c4c   0x0000002a   Code   RO         7226    CL$$btod_emul       c_w.l(btod.o)
    0x01003c76   0x01003c76   0x00000244   Code   RO         7232    CL$$btod_mult_common  c_w.l(btod.o)
    0x01003eba   0x01003eba   0x0000000e   Code   RO          416    i.$Sub$$main        platform_gr55xx.o
    0x01003ec8   0x01003ec8   0x00000002   Code   RO           13    i.BusFault_Handler  interrupt_gr55xx.o
    0x01003eca   0x01003eca   0x00000002   Code   RO           14    i.MemManage_Handler  interrupt_gr55xx.o
    0x01003ecc   0x01003ecc   0x00000004   Code   RO           15    i.SLPTIMER_IRQHandler  interrupt_gr55xx.o
    0x01003ed0   0x01003ed0   0x00000002   Code   RO           16    i.SysTick_Handler   interrupt_gr55xx.o
    0x01003ed2   0x01003ed2   0x00000002   PAD
    0x01003ed4   0x01003ed4   0x00000010   Code   RO          342    i.SystemCoreGetClock  system_gr55xx.o
    0x01003ee4   0x01003ee4   0x00000064   Code   RO          343    i.SystemCoreSetClock  system_gr55xx.o
    0x01003f48   0x01003f48   0x00000024   Code   RO          345    i.SystemInit        system_gr55xx.o
    0x01003f6c   0x01003f6c   0x00000002   Code   RO           17    i.UsageFault_Handler  interrupt_gr55xx.o
    0x01003f6e   0x01003f6e   0x00000030   Code   RO         7268    i.__ARM_fpclassify  m_wm.l(fpclassify.o)
    0x01003f9e   0x01003f9e   0x0000001c   Code   RO         1667    i.__NVIC_GetPriority  app_timer.o
    0x01003fba   0x01003fba   0x0000001c   Code   RO         1876    i.__NVIC_GetPriority  app_log.o
    0x01003fd6   0x01003fd6   0x00000002   PAD
    0x01003fd8   0x01003fd8   0x00000010   Code   RO         1668    i.__NVIC_GetPriorityGrouping  app_timer.o
    0x01003fe8   0x01003fe8   0x0000000e   Code   RO         6959    i._is_digit         c_w.l(__printf_wp.o)
    0x01003ff6   0x01003ff6   0x00000002   PAD
    0x01003ff8   0x01003ff8   0x0000017c   Code   RO         3609    i.adc_conversion    ble_sdk_gr551x_d.lib(platform_sdk.o)
    0x01004174   0x01004174   0x0000001c   Code   RO         2614    i.aon_gpio_read_flag_it_patch  ble_sdk_gr551x_d.lib(gr55xx_hal_aon_gpio_patch.o)
    0x01004190   0x01004190   0x00000090   Code   RO         3610    i.aon_voltage_set   ble_sdk_gr551x_d.lib(platform_sdk.o)
    0x01004220   0x01004220   0x0000000c   Code   RO         1771    i.app_assert_default_cb_register  app_assert.o
    0x0100422c   0x0100422c   0x0000007c   Code   RO         1772    i.app_assert_err_cb  app_assert.o
    0x010042a8   0x010042a8   0x000000d4   Code   RO         1774    i.app_assert_info_output  app_assert.o
    0x0100437c   0x0100437c   0x0000005c   Code   RO         1775    i.app_assert_param_cb  app_assert.o
    0x010043d8   0x010043d8   0x00000060   Code   RO         1776    i.app_assert_warn_cb  app_assert.o
    0x01004438   0x01004438   0x00000002   Code   RO         2461    i.app_connected_handler  user_app.o
    0x0100443a   0x0100443a   0x00000002   PAD
    0x0100443c   0x0100443c   0x00000038   Code   RO         2462    i.app_disconnected_handler  user_app.o
    0x01004474   0x01004474   0x00000020   Code   RO          796    i.app_dma_get_handle  app_dma.o
    0x01004494   0x01004494   0x000000f0   Code   RO          797    i.app_dma_init      app_dma.o
    0x01004584   0x01004584   0x000000ec   Code   RO         1835    i.app_error_fault_handler  app_error.o
    0x01004670   0x01004670   0x0000007c   Code   RO         2286    i.app_gap_adv_start_cb  user_gap_callback.o
    0x010046ec   0x010046ec   0x000000b4   Code   RO         2287    i.app_gap_connect_cb  user_gap_callback.o
    0x010047a0   0x010047a0   0x00000006   Code   RO         2288    i.app_gap_connection_update_req_cb  user_gap_callback.o
    0x010047a6   0x010047a6   0x00000002   PAD
    0x010047a8   0x010047a8   0x0000007c   Code   RO         2289    i.app_gap_disconnect_cb  user_gap_callback.o
    0x01004824   0x01004824   0x00000006   Code   RO         2331    i.app_gatt_mtu_exchange_cb  user_gatt_common_callback.o
    0x0100482a   0x0100482a   0x00000002   PAD
    0x0100482c   0x0100482c   0x000000f4   Code   RO          958    i.app_io_init       app_io.o
    0x01004920   0x01004920   0x00000038   Code   RO         2360    i.app_log_assert_init  user_periph_setup.o
    0x01004958   0x01004958   0x00000010   Code   RO         1877    i.app_log_flush     app_log.o
    0x01004968   0x01004968   0x00000044   Code   RO         1879    i.app_log_init      app_log.o
    0x010049ac   0x010049ac   0x00000018   Code   RO         1880    i.app_log_is_fmt_set  app_log.o
    0x010049c4   0x010049c4   0x000001b4   Code   RO         1881    i.app_log_output    app_log.o
    0x01004b78   0x01004b78   0x00000026   Code   RO         1883    i.app_log_strcpy    app_log.o
    0x01004b9e   0x01004b9e   0x00000002   PAD
    0x01004ba0   0x01004ba0   0x00000024   Code   RO         2361    i.app_periph_init   user_periph_setup.o
    0x01004bc4   0x01004bc4   0x00000038   Code   RO         1203    i.app_systick_init  app_systick.o
    0x01004bfc   0x01004bfc   0x00000070   Code   RO         1669    i.app_timer_create  app_timer.o
    0x01004c6c   0x01004c6c   0x00000084   Code   RO         1670    i.app_timer_delete  app_timer.o
    0x01004cf0   0x01004cf0   0x0000002c   Code   RO         1672    i.app_timer_get_valid_node  app_timer.o
    0x01004d1c   0x01004d1c   0x00000018   Code   RO         1673    i.app_timer_set_var  app_timer.o
    0x01004d34   0x01004d34   0x00000108   Code   RO         1674    i.app_timer_start   app_timer.o
    0x01004e3c   0x01004e3c   0x000000ec   Code   RO         1053    i.app_uart_config_dma  app_uart.o
    0x01004f28   0x01004f28   0x000000b8   Code   RO         1055    i.app_uart_event_call  app_uart.o
    0x01004fe0   0x01004fe0   0x00000134   Code   RO         1056    i.app_uart_flush    app_uart.o
    0x01005114   0x01005114   0x0000011c   Code   RO         1058    i.app_uart_init     app_uart.o
    0x01005230   0x01005230   0x00000050   Code   RO         1059    i.app_uart_receive_async  app_uart.o
    0x01005280   0x01005280   0x00000078   Code   RO         1061    i.app_uart_start_transmit_async  app_uart.o
    0x010052f8   0x010052f8   0x00000064   Code   RO         1062    i.app_uart_transmit_async  app_uart.o
    0x0100535c   0x0100535c   0x000000f8   Code   RO         2949    i.append_item_patch  ble_sdk_gr551x_d.lib(sdk_nvds_patch.o)
    0x01005454   0x01005454   0x000000e4   Code   RO         6800    i.atts_l2cc_pdu_recv_handler_patch  ble_sdk_gr551x_d.lib(atts_patch.o)
    0x01005538   0x01005538   0x00000014   Code   RO         6801    i.atts_pdu_handler_table_replace  ble_sdk_gr551x_d.lib(atts_patch.o)
    0x0100554c   0x0100554c   0x000001cc   Code   RO         6802    i.atts_read_mult_req_patch  ble_sdk_gr551x_d.lib(atts_patch.o)
    0x01005718   0x01005718   0x0000001e   Code   RO         3101    i.ble_gattc_indicate_cfm  ble_sdk_gr551x_d.lib(ble_sdk_gattc_patch.o)
    0x01005736   0x01005736   0x0000001c   Code   RO         3127    i.ble_gatts_noti_ind  ble_sdk_gr551x_d.lib(ble_sdk_gattc_patch.o)
    0x01005752   0x01005752   0x0000001e   Code   RO         3129    i.ble_gatts_read_cfm  ble_sdk_gr551x_d.lib(ble_sdk_gattc_patch.o)
    0x01005770   0x01005770   0x0000001c   Code   RO         3130    i.ble_gatts_write_cfm  ble_sdk_gr551x_d.lib(ble_sdk_gattc_patch.o)
    0x0100578c   0x0100578c   0x00000170   Code   RO         2463    i.ble_init_cmp_callback  user_app.o
    0x010058fc   0x010058fc   0x0000000c   Code   RO         2950    i.ble_nvds_put      ble_sdk_gr551x_d.lib(sdk_nvds_patch.o)
    0x01005908   0x01005908   0x0000000c   Code   RO         4694    i.ble_prestart_time_set  ble_sdk_gr551x_d.lib(rwble_patch.o)
    0x01005914   0x01005914   0x00000010   Code   RO         6395    i.ble_sdk_gapm_replace  ble_sdk_gr551x_d.lib(ble_sdk_gapm_patch.o)
    0x01005924   0x01005924   0x00000068   Code   RO         6629    i.ble_sdk_gattc_event_ind_handler_patch  ble_sdk_gr551x_d.lib(ble_sdk_gatt_task_patch.o)
    0x0100598c   0x0100598c   0x00000028   Code   RO         6350    i.ble_sdk_init_patch  ble_sdk_gr551x_d.lib(ble_sdk_patch.o)
    0x010059b4   0x010059b4   0x00000010   Code   RO         6351    i.ble_sdk_replace   ble_sdk_gr551x_d.lib(ble_sdk_patch.o)
    0x010059c4   0x010059c4   0x00000038   Code   RO         2523    i.ble_to_uart_push  transport_scheduler.o
    0x010059fc   0x010059fc   0x00000034   Code   RO         1677    i.clear_total_ticks  app_timer.o
    0x01005a30   0x01005a30   0x0000007c   Code   RO         3611    i.clk_period_1V_set  ble_sdk_gr551x_d.lib(platform_sdk.o)
    0x01005aac   0x01005aac   0x00000020   Code   RO         4560    i.cold_patch_apply  ble_sdk_gr551x_d.lib(cold_patch.o)
    0x01005acc   0x01005acc   0x00000240   Code   RO         2951    i.compact_nvds_patch  ble_sdk_gr551x_d.lib(sdk_nvds_patch.o)
    0x01005d0c   0x01005d0c   0x00000002   Code   RO           18    i.cortex_backtrace_fault_handler  interrupt_gr55xx.o
    0x01005d0e   0x01005d0e   0x00000002   PAD
    0x01005d10   0x01005d10   0x000000c4   Code   RO         3612    i.cpll_calibration_init  ble_sdk_gr551x_d.lib(platform_sdk.o)
    0x01005dd4   0x01005dd4   0x00000050   Code   RO         3613    i.current_shape_set  ble_sdk_gr551x_d.lib(platform_sdk.o)
    0x01005e24   0x01005e24   0x00000024   Code   RO         6108    i.dfu_program_end_replace  ble_sdk_gr551x_d.lib(dfu_cmd_handler_patch.o)
    0x01005e48   0x01005e48   0x00000040   Code   RO          799    i.dma_err_callback  app_dma.o
    0x01005e88   0x01005e88   0x0000003c   Code   RO          800    i.dma_prepare_for_sleep  app_dma.o
    0x01005ec4   0x01005ec4   0x00000002   Code   RO          801    i.dma_sleep_canceled  app_dma.o
    0x01005ec6   0x01005ec6   0x00000002   PAD
    0x01005ec8   0x01005ec8   0x00000040   Code   RO          802    i.dma_tfr_callback  app_dma.o
    0x01005f08   0x01005f08   0x00000034   Code   RO         6709    i.fpb_enable        ble_sdk_gr551x_d.lib(platform_patch.o)
    0x01005f3c   0x01005f3c   0x00000058   Code   RO         6710    i.fun_replace_by_svc  ble_sdk_gr551x_d.lib(platform_patch.o)
    0x01005f94   0x01005f94   0x0000017c   Code   RO         6563    i.gap_connection_req_ind_handler_patch  ble_sdk_gr551x_d.lib(ble_sdk_gapc_patch.o)
    0x01006110   0x01006110   0x000000fc   Code   RO         6396    i.gap_device_config_params_init_patch  ble_sdk_gr551x_d.lib(ble_sdk_gapm_patch.o)
    0x0100620c   0x0100620c   0x000000ac   Code   RO         6564    i.gap_disconnect_ind_handler_patch  ble_sdk_gr551x_d.lib(ble_sdk_gapc_patch.o)
    0x010062b8   0x010062b8   0x00000110   Code   RO         2464    i.gap_params_init   user_app.o
    0x010063c8   0x010063c8   0x00000048   Code   RO         6033    i.gapc_hci_handler_patch  ble_sdk_gr551x_d.lib(gapc_hci_patch.o)
    0x01006410   0x01006410   0x00000038   Code   RO         6034    i.gapc_msg_handler_tab_func_replace  ble_sdk_gr551x_d.lib(gapc_hci_patch.o)
    0x01006448   0x01006448   0x00000044   Code   RO         6035    i.gapc_msg_handler_tab_replace  ble_sdk_gr551x_d.lib(gapc_hci_patch.o)
    0x0100648c   0x0100648c   0x00000038   Code   RO         5758    i.gattc_msg_handler_tab_func_replace  ble_sdk_gr551x_d.lib(gattc_task_patch.o)
    0x010064c4   0x010064c4   0x00000030   Code   RO         5759    i.gattc_msg_handler_tab_replace  ble_sdk_gr551x_d.lib(gattc_task_patch.o)
    0x010064f4   0x010064f4   0x000000e0   Code   RO         3614    i.get_data_from_adc  ble_sdk_gr551x_d.lib(platform_sdk.o)
    0x010065d4   0x010065d4   0x00000050   Code   RO         6109    i.get_info          ble_sdk_gr551x_d.lib(dfu_cmd_handler_patch.o)
    0x01006624   0x01006624   0x0000004c   Code   RO         1678    i.get_next_timer    app_timer.o
    0x01006670   0x01006670   0x00000004   Code   RO         6711    i.get_ori_cmd       ble_sdk_gr551x_d.lib(platform_patch.o)
    0x01006674   0x01006674   0x00000022   Code   RO         4466    i.get_sram_size     ble_sdk_gr551x_d.lib(platform_sram.o)
    0x01006696   0x01006696   0x00000006   Code   RO         6713    i.get_svc_cmd       ble_sdk_gr551x_d.lib(platform_patch.o)
    0x0100669c   0x0100669c   0x0000007c   Code   RO         2044    i.gus_cccd_set_cb   gus.o
    0x01006718   0x01006718   0x00000074   Code   RO         2045    i.gus_init          gus.o
    0x0100678c   0x0100678c   0x00000028   Code   RO         2046    i.gus_ntf_ind_cb    gus.o
    0x010067b4   0x010067b4   0x00000068   Code   RO         2047    i.gus_read_att_cb   gus.o
    0x0100681c   0x0100681c   0x00000044   Code   RO         2048    i.gus_rx_flow_ctrl_set  gus.o
    0x01006860   0x01006860   0x0000001c   Code   RO         2049    i.gus_service_init  gus.o
    0x0100687c   0x0100687c   0x0000007c   Code   RO         2465    i.gus_service_process_event  user_app.o
    0x010068f8   0x010068f8   0x00000044   Code   RO         2050    i.gus_tx_data_send  gus.o
    0x0100693c   0x0100693c   0x000000c4   Code   RO         2051    i.gus_write_att_cb  gus.o
    0x01006a00   0x01006a00   0x00000060   Code   RO          889    i.hal_aon_gpio_callback  app_gpiote.o
    0x01006a60   0x01006a60   0x00000018   Code   RO          728    i.hal_aon_gpio_init  gr55xx_hal_aon_gpio.o
    0x01006a78   0x01006a78   0x00000028   Code   RO         2615    i.hal_aon_gpio_init_ext  ble_sdk_gr551x_d.lib(gr55xx_hal_aon_gpio_patch.o)
    0x01006aa0   0x01006aa0   0x00000050   Code   RO         2616    i.hal_aon_gpio_irq_handler  ble_sdk_gr551x_d.lib(gr55xx_hal_aon_gpio_patch.o)
    0x01006af0   0x01006af0   0x0000008c   Code   RO         2890    i.hal_dma_init      ble_sdk_gr551x_d.lib(gr55xx_hal_dma_patch.o)
    0x01006b7c   0x01006b7c   0x0000004c   Code   RO          890    i.hal_gpio_exti_callback  app_gpiote.o
    0x01006bc8   0x01006bc8   0x0000001c   Code   RO          602    i.hal_gpio_init     gr55xx_hal_gpio.o
    0x01006be4   0x01006be4   0x00000014   Code   RO          557    i.hal_init          gr55xx_hal.o
    0x01006bf8   0x01006bf8   0x00000002   Code   RO          558    i.hal_msp_deinit    gr55xx_hal.o
    0x01006bfa   0x01006bfa   0x00000002   Code   RO          559    i.hal_msp_init      gr55xx_hal.o
    0x01006bfc   0x01006bfc   0x0000001c   Code   RO          764    i.hal_pwr_config_timer_wakeup  gr55xx_hal_pwr.o
    0x01006c18   0x01006c18   0x00000090   Code   RO         1679    i.hal_pwr_sleep_timer_elapsed_callback  app_timer.o
    0x01006ca8   0x01006ca8   0x00000002   Code   RO          472    i.hal_uart_abort_cplt_callback  gr55xx_hal_uart.o
    0x01006caa   0x01006caa   0x00000006   Code   RO         1064    i.hal_uart_abort_rx_cplt_callback  app_uart.o
    0x01006cb0   0x01006cb0   0x00000006   Code   RO         1065    i.hal_uart_abort_tx_cplt_callback  app_uart.o
    0x01006cb6   0x01006cb6   0x00000002   PAD
    0x01006cb8   0x01006cb8   0x00000018   Code   RO          475    i.hal_uart_deinit   gr55xx_hal_uart.o
    0x01006cd0   0x01006cd0   0x00000006   Code   RO         1066    i.hal_uart_error_callback  app_uart.o
    0x01006cd6   0x01006cd6   0x00000002   PAD
    0x01006cd8   0x01006cd8   0x00000018   Code   RO          477    i.hal_uart_init     gr55xx_hal_uart.o
    0x01006cf0   0x01006cf0   0x00000002   Code   RO          478    i.hal_uart_msp_deinit  gr55xx_hal_uart.o
    0x01006cf2   0x01006cf2   0x00000002   Code   RO          479    i.hal_uart_msp_init  gr55xx_hal_uart.o
    0x01006cf4   0x01006cf4   0x00000006   Code   RO         1067    i.hal_uart_rx_cplt_callback  app_uart.o
    0x01006cfa   0x01006cfa   0x00000006   Code   RO         1068    i.hal_uart_tx_cplt_callback  app_uart.o
    0x01006d00   0x01006d00   0x00000020   Code   RO         6036    i.hci_cmd_handler_tab_info_replace  ble_sdk_gr551x_d.lib(gapc_hci_patch.o)
    0x01006d20   0x01006d20   0x000000a4   Code   RO         5383    i.hci_le_add_dev_to_wlst_cmd_handler_patch  ble_sdk_gr551x_d.lib(llm_hci_patch.o)
    0x01006dc4   0x01006dc4   0x0000005c   Code   RO         5384    i.hci_le_clear_wlst_cmd_handler_patch  ble_sdk_gr551x_d.lib(llm_hci_patch.o)
    0x01006e20   0x01006e20   0x00000034   Code   RO         6037    i.hci_le_event_handler_tab_func_replace  ble_sdk_gr551x_d.lib(gapc_hci_patch.o)
    0x01006e54   0x01006e54   0x00000384   Code   RO         5385    i.hci_le_ext_create_con_cmd_handler_patch  ble_sdk_gr551x_d.lib(llm_hci_patch.o)
    0x010071d8   0x010071d8   0x000000b8   Code   RO         6038    i.hci_le_ltk_request_evt_handler_patch  ble_sdk_gr551x_d.lib(gapc_hci_patch.o)
    0x01007290   0x01007290   0x0000006c   Code   RO         5386    i.hci_le_rmv_dev_from_wlst_cmd_handler_patch  ble_sdk_gr551x_d.lib(llm_hci_patch.o)
    0x010072fc   0x010072fc   0x00000224   Code   RO         6765    i.hci_le_set_ext_scan_en_cmd_handler_patch  ble_sdk_gr551x_d.lib(llm_scan_patch.o)
    0x01007520   0x01007520   0x000000ec   Code   RO         6766    i.hci_le_set_ext_scan_param_cmd_handler_patch  ble_sdk_gr551x_d.lib(llm_scan_patch.o)
    0x0100760c   0x0100760c   0x00000028   Code   RO         2952    i.is_item_same_patch  ble_sdk_gr551x_d.lib(sdk_nvds_patch.o)
    0x01007634   0x01007634   0x000000c8   Code   RO         5760    i.l2cc_pdu_recv_ind_handler_patch  ble_sdk_gr551x_d.lib(gattc_task_patch.o)
    0x010076fc   0x010076fc   0x00000064   Code   RO         3615    i.ldo_bypass_mode_set  ble_sdk_gr551x_d.lib(platform_sdk.o)
    0x01007760   0x01007760   0x00000108   Code   RO         3616    i.ldo_voltage_set   ble_sdk_gr551x_d.lib(platform_sdk.o)
    0x01007868   0x01007868   0x0000000a   Code   RO         1530    i.le16toh           utility.o
    0x01007872   0x01007872   0x00000002   PAD
    0x01007874   0x01007874   0x00000104   Code   RO         4940    i.ll_aon_gpio_init  ble_sdk_gr551x_d.lib(gr55xx_ll_aon_gpio_patch.o)
    0x01007978   0x01007978   0x00000014   Code   RO         3617    i.ll_aon_gpio_is_enabled_it  ble_sdk_gr551x_d.lib(platform_sdk.o)
    0x0100798c   0x0100798c   0x00000018   Code   RO         4941    i.ll_aon_gpio_set_pin_mode  ble_sdk_gr551x_d.lib(gr55xx_ll_aon_gpio_patch.o)
    0x010079a4   0x010079a4   0x00000018   Code   RO         3618    i.ll_calendar_get_counter  ble_sdk_gr551x_d.lib(platform_sdk.o)
    0x010079bc   0x010079bc   0x00000018   Code   RO         3619    i.ll_calendar_reload_counter  ble_sdk_gr551x_d.lib(platform_sdk.o)
    0x010079d4   0x010079d4   0x00000014   Code   RO         3620    i.ll_calendar_set_clock_div  ble_sdk_gr551x_d.lib(platform_sdk.o)
    0x010079e8   0x010079e8   0x00000094   Code   RO         5678    i.ll_channel_map_ind_handler_patch  ble_sdk_gr551x_d.lib(llc_llcp_patch.o)
    0x01007a7c   0x01007a7c   0x000000f4   Code   RO         4973    i.ll_dma_init       ble_sdk_gr551x_d.lib(gr55xx_ll_dma_patch.o)
    0x01007b70   0x01007b70   0x00000014   Code   RO         4974    i.ll_dma_is_empty_fifo  ble_sdk_gr551x_d.lib(gr55xx_ll_dma_patch.o)
    0x01007b84   0x01007b84   0x00000014   Code   RO         4975    i.ll_dma_is_enabled_channel  ble_sdk_gr551x_d.lib(gr55xx_ll_dma_patch.o)
    0x01007b98   0x01007b98   0x00000016   Code   RO         4976    i.ll_dma_resume_channel  ble_sdk_gr551x_d.lib(gr55xx_ll_dma_patch.o)
    0x01007bae   0x01007bae   0x00000016   Code   RO         4977    i.ll_dma_suspend_channel  ble_sdk_gr551x_d.lib(gr55xx_ll_dma_patch.o)
    0x01007bc4   0x01007bc4   0x00000010   Code   RO         5723    i.llc_con_upd_replace  ble_sdk_gr551x_d.lib(llc_con_upd_patch.o)
    0x01007bd4   0x01007bd4   0x00000010   Code   RO         5204    i.llc_encrypt_replace  ble_sdk_gr551x_d.lib(llc_encrypt_patch.o)
    0x01007be4   0x01007be4   0x0000001e   Code   RO         5924    i.llc_llcp_rsp_to   ble_sdk_gr551x_d.lib(llc_task_patch.o)
    0x01007c02   0x01007c02   0x0000000c   Code   RO         5925    i.llc_loc_llcp_rsp_to_handler_patch  ble_sdk_gr551x_d.lib(llc_task_patch.o)
    0x01007c0e   0x01007c0e   0x00000002   PAD
    0x01007c10   0x01007c10   0x00000030   Code   RO         5926    i.llc_msg_handler_replace  ble_sdk_gr551x_d.lib(llc_task_patch.o)
    0x01007c40   0x01007c40   0x0000008c   Code   RO         5927    i.llc_msg_handler_tab_replace  ble_sdk_gr551x_d.lib(llc_task_patch.o)
    0x01007ccc   0x01007ccc   0x000001f4   Code   RO         5724    i.llc_rem_con_upd_proc_continue_patch  ble_sdk_gr551x_d.lib(llc_con_upd_patch.o)
    0x01007ec0   0x01007ec0   0x00000338   Code   RO         5205    i.llc_rem_encrypt_proc_continue_patch  ble_sdk_gr551x_d.lib(llc_encrypt_patch.o)
    0x010081f8   0x010081f8   0x0000000c   Code   RO         5928    i.llc_rem_llcp_rsp_to_handler_patch  ble_sdk_gr551x_d.lib(llc_task_patch.o)
    0x01008204   0x01008204   0x00000028   Code   RO         5679    i.llcp_pdu_handler_tab_replace  ble_sdk_gr551x_d.lib(llc_llcp_patch.o)
    0x0100822c   0x0100822c   0x0000003c   Code   RO         5929    i.lld_ch_map_upd_cfm_handler_patch  ble_sdk_gr551x_d.lib(llc_task_patch.o)
    0x01008268   0x01008268   0x00000018   Code   RO         5989    i.lld_con_env_is_free  ble_sdk_gr551x_d.lib(lld_con_patch.o)
    0x01008280   0x01008280   0x0000003c   Code   RO         5930    i.lld_con_offset_upd_ind_handler_patch  ble_sdk_gr551x_d.lib(llc_task_patch.o)
    0x010082bc   0x010082bc   0x0000001c   Code   RO         5990    i.lld_con_replace   ble_sdk_gr551x_d.lib(lld_con_patch.o)
    0x010082d8   0x010082d8   0x00000010   Code   RO         5836    i.lld_init_replace  ble_sdk_gr551x_d.lib(lld_patch.o)
    0x010082e8   0x010082e8   0x0000003c   Code   RO         5931    i.lld_phy_upd_cfm_handler_patch  ble_sdk_gr551x_d.lib(llc_task_patch.o)
    0x01008324   0x01008324   0x0000008c   Code   RO         5506    i.lld_scan_frm_cbk_func_patch  ble_sdk_gr551x_d.lib(lld_scan_patch.o)
    0x010083b0   0x010083b0   0x00000010   Code   RO         5507    i.lld_scan_frm_cbk_replace  ble_sdk_gr551x_d.lib(lld_scan_patch.o)
    0x010083c0   0x010083c0   0x00000140   Code   RO         5508    i.lld_scan_frm_eof_isr_patch  ble_sdk_gr551x_d.lib(lld_scan_patch.o)
    0x01008500   0x01008500   0x00000074   Code   RO         5509    i.lld_scan_frm_rx_isr_patch  ble_sdk_gr551x_d.lib(lld_scan_patch.o)
    0x01008574   0x01008574   0x00000a78   Code   RO         5510    i.lld_scan_process_pkt_rx_patch  ble_sdk_gr551x_d.lib(lld_scan_patch.o)
    0x01008fec   0x01008fec   0x00000084   Code   RO         5387    i.llm_hci_apply_cmd_handler_patch  ble_sdk_gr551x_d.lib(llm_hci_patch.o)
    0x01009070   0x01009070   0x00000078   Code   RO         5388    i.llm_hci_command_handler_tab_replace  ble_sdk_gr551x_d.lib(llm_hci_patch.o)
    0x010090e8   0x010090e8   0x00000054   Code   RO         5389    i.llm_is_wl_accessible_patch  ble_sdk_gr551x_d.lib(llm_hci_patch.o)
    0x0100913c   0x0100913c   0x00000006   Code   RO         2362    i.log_flush         user_periph_setup.o
    0x01009142   0x01009142   0x00000002   PAD
    0x01009144   0x01009144   0x00000020   Code   RO         2417    i.main              main.o
    0x01009164   0x01009164   0x00000020   Code   RO          346    i.main_init         system_gr55xx.o
    0x01009184   0x01009184   0x00000016   Code   RO         4470    i.mem_pwr_mgmt_init  ble_sdk_gr551x_d.lib(platform_sram.o)
    0x0100919a   0x0100919a   0x00000002   PAD
    0x0100919c   0x0100919c   0x0000001c   Code   RO         4473    i.mem_pwr_mgmt_sleep_state_set  ble_sdk_gr551x_d.lib(platform_sram.o)
    0x010091b8   0x010091b8   0x00000048   Code   RO         4474    i.mem_pwr_mgmt_work_state_set  ble_sdk_gr551x_d.lib(platform_sram.o)
    0x01009200   0x01009200   0x00000134   Code   RO         2953    i.nvds_put          ble_sdk_gr551x_d.lib(sdk_nvds_patch.o)
    0x01009334   0x01009334   0x0000003c   Code   RO          417    i.nvds_setup        platform_gr55xx.o
    0x01009370   0x01009370   0x00000050   Code   RO         4090    i.platform_clock_init  ble_sdk_gr551x_d.lib(platform_clock.o)
    0x010093c0   0x010093c0   0x00000014   Code   RO         4091    i.platform_disable_sleep_timer  ble_sdk_gr551x_d.lib(platform_clock.o)
    0x010093d4   0x010093d4   0x0000001c   Code   RO         4247    i.platform_flash_enable_quad  ble_sdk_gr551x_d.lib(platform_exflash.o)
    0x010093f0   0x010093f0   0x0000000c   Code   RO         4248    i.platform_flash_protection  ble_sdk_gr551x_d.lib(platform_exflash.o)
    0x010093fc   0x010093fc   0x00000070   Code   RO          418    i.platform_init     platform_gr55xx.o
    0x0100946c   0x0100946c   0x0000001c   Code   RO         3621    i.platform_init_pop  ble_sdk_gr551x_d.lib(platform_sdk.o)
    0x01009488   0x01009488   0x00000048   Code   RO         3622    i.platform_init_push  ble_sdk_gr551x_d.lib(platform_sdk.o)
    0x010094d0   0x010094d0   0x0000005c   Code   RO         3623    i.platform_param_adjust  ble_sdk_gr551x_d.lib(platform_sdk.o)
    0x0100952c   0x0100952c   0x000000a0   Code   RO         4092    i.platform_rng2_calibration_get  ble_sdk_gr551x_d.lib(platform_clock.o)
    0x010095cc   0x010095cc   0x00000020   Code   RO         4093    i.platform_rng2_calibration_is_busy  ble_sdk_gr551x_d.lib(platform_clock.o)
    0x010095ec   0x010095ec   0x00000064   Code   RO         4094    i.platform_rng2_calibration_start  ble_sdk_gr551x_d.lib(platform_clock.o)
    0x01009650   0x01009650   0x000000b4   Code   RO         3624    i.platform_sdk_init  ble_sdk_gr551x_d.lib(platform_sdk.o)
    0x01009704   0x01009704   0x000000ac   Code   RO         4096    i.platform_set_ble_clk  ble_sdk_gr551x_d.lib(platform_clock.o)
    0x010097b0   0x010097b0   0x00000050   Code   RO         4097    i.platform_set_psc_clk  ble_sdk_gr551x_d.lib(platform_clock.o)
    0x01009800   0x01009800   0x00000134   Code   RO         3625    i.pmu_calibration_handler  ble_sdk_gr551x_d.lib(platform_sdk.o)
    0x01009934   0x01009934   0x0000005a   Code   RO         4561    i.pointer_function_replace  ble_sdk_gr551x_d.lib(cold_patch.o)
    0x0100998e   0x0100998e   0x00000036   Code   RO         1966    i.prf_find_handle_by_idx  ble_prf_utils.o
    0x010099c4   0x010099c4   0x00000034   Code   RO         1967    i.prf_find_idx_by_handle  ble_prf_utils.o
    0x010099f8   0x010099f8   0x00000014   Code   RO         1968    i.prf_is_cccd_value_valid  ble_prf_utils.o
    0x01009a0c   0x01009a0c   0x000000e4   Code   RO         6110    i.program_end       ble_sdk_gr551x_d.lib(dfu_cmd_handler_patch.o)
    0x01009af0   0x01009af0   0x00000048   Code   RO         1008    i.pwr_enter_sleep_check  app_pwr_mgmt.o
    0x01009b38   0x01009b38   0x00000010   Code   RO         6471    i.pwr_mgmt_shutdown_replace  ble_sdk_gr551x_d.lib(sdk_pwr_mgmt_patch.o)
    0x01009b48   0x01009b48   0x0000015c   Code   RO         5028    i.pwr_mgmt_update_wkup_param_for_rng2  ble_sdk_gr551x_d.lib(rwip_sleep_patch.o)
    0x01009ca4   0x01009ca4   0x00000070   Code   RO         1009    i.pwr_register_sleep_cb  app_pwr_mgmt.o
    0x01009d14   0x01009d14   0x00000016   Code   RO         6352    i.rand_seed_gen     ble_sdk_gr551x_d.lib(ble_sdk_patch.o)
    0x01009d2a   0x01009d2a   0x00000002   PAD
    0x01009d2c   0x01009d2c   0x000000d8   Code   RO         2954    i.replace_item_patch  ble_sdk_gr551x_d.lib(sdk_nvds_patch.o)
    0x01009e04   0x01009e04   0x00000094   Code   RO         3626    i.retention_mem_set  ble_sdk_gr551x_d.lib(platform_sdk.o)
    0x01009e98   0x01009e98   0x00000016   Code   RO         3627    i.rf_calibration_set  ble_sdk_gr551x_d.lib(platform_sdk.o)
    0x01009eae   0x01009eae   0x00000002   PAD
    0x01009eb0   0x01009eb0   0x00000010   Code   RO         6263    i.rf_gdx_replace    ble_sdk_gr551x_d.lib(rf_gdx_patch.o)
    0x01009ec0   0x01009ec0   0x0000001c   Code   RO         6264    i.rf_init_patch     ble_sdk_gr551x_d.lib(rf_gdx_patch.o)
    0x01009edc   0x01009edc   0x000000b4   Code   RO         6265    i.rf_txpwr_cs_get_patch  ble_sdk_gr551x_d.lib(rf_gdx_patch.o)
    0x01009f90   0x01009f90   0x000000b4   Code   RO         6266    i.rf_txpwr_dbm_get_patch  ble_sdk_gr551x_d.lib(rf_gdx_patch.o)
    0x0100a044   0x0100a044   0x00000060   Code   RO         4098    i.rf_xo_offset_init  ble_sdk_gr551x_d.lib(platform_clock.o)
    0x0100a0a4   0x0100a0a4   0x00000018   Code   RO         1453    i.ring_buffer_init  ring_buffer.o
    0x0100a0bc   0x0100a0bc   0x00000014   Code   RO         1454    i.ring_buffer_is_reach_left_threshold  ring_buffer.o
    0x0100a0d0   0x0100a0d0   0x00000014   Code   RO         1455    i.ring_buffer_items_count_get  ring_buffer.o
    0x0100a0e4   0x0100a0e4   0x00000088   Code   RO         1457    i.ring_buffer_read  ring_buffer.o
    0x0100a16c   0x0100a16c   0x00000034   Code   RO         1458    i.ring_buffer_surplus_space_get  ring_buffer.o
    0x0100a1a0   0x0100a1a0   0x0000007e   Code   RO         1459    i.ring_buffer_write  ring_buffer.o
    0x0100a21e   0x0100a21e   0x0000000e   Code   RO         3628    i.rng2_calibration  ble_sdk_gr551x_d.lib(platform_sdk.o)
    0x0100a22c   0x0100a22c   0x0000001c   Code   RO         4099    i.rng2_low_power_clk_sys_init  ble_sdk_gr551x_d.lib(platform_clock.o)
    0x0100a248   0x0100a248   0x00000022   Code   RO         4100    i.rng2_low_power_clk_update  ble_sdk_gr551x_d.lib(platform_clock.o)
    0x0100a26a   0x0100a26a   0x00000014   Code   RO         4101    i.rng2_low_power_clk_update_for_sleep  ble_sdk_gr551x_d.lib(platform_clock.o)
    0x0100a27e   0x0100a27e   0x00000002   PAD
    0x0100a280   0x0100a280   0x00000050   Code   RO         6353    i.rng_rand_get      ble_sdk_gr551x_d.lib(ble_sdk_patch.o)
    0x0100a2d0   0x0100a2d0   0x00000040   Code   RO         5029    i.rom_callback_replace  ble_sdk_gr551x_d.lib(rwip_sleep_patch.o)
    0x0100a310   0x0100a310   0x00000220   Code   RO         3629    i.rtc_calibration   ble_sdk_gr551x_d.lib(platform_sdk.o)
    0x0100a530   0x0100a530   0x00000010   Code   RO         4695    i.rwble_replace     ble_sdk_gr551x_d.lib(rwble_patch.o)
    0x0100a540   0x0100a540   0x0000000c   Code   RO         3630    i.rwip_clkn_lock_delay_set  ble_sdk_gr551x_d.lib(platform_sdk.o)
    0x0100a54c   0x0100a54c   0x00000020   Code   RO         5030    i.rwip_sleep_func_replace  ble_sdk_gr551x_d.lib(rwip_sleep_patch.o)
    0x0100a56c   0x0100a56c   0x0000001c   Code   RO         5333    i.sch_arb_replace   ble_sdk_gr551x_d.lib(sch_arb_patch.o)
    0x0100a588   0x0100a588   0x0000002c   Code   RO         5253    i.sch_prog_frm_cbk_replace  ble_sdk_gr551x_d.lib(sch_prog_patch.o)
    0x0100a5b4   0x0100a5b4   0x00000064   Code   RO         6565    i.sdk_gapc_msg_handler_tab_replace  ble_sdk_gr551x_d.lib(ble_sdk_gapc_patch.o)
    0x0100a618   0x0100a618   0x00000020   Code   RO         3131    i.sdk_gatt_check_conidx  ble_sdk_gr551x_d.lib(ble_sdk_gattc_patch.o)
    0x0100a638   0x0100a638   0x00000058   Code   RO         6630    i.sdk_gatt_msg_handler_tab_replace  ble_sdk_gr551x_d.lib(ble_sdk_gatt_task_patch.o)
    0x0100a690   0x0100a690   0x00000058   Code   RO         2931    i.sdk_init          ble_sdk_gr551x_d.lib(sdk_ram_init_patch.o)
    0x0100a6e8   0x0100a6e8   0x00000034   Code   RO         2466    i.services_init     user_app.o
    0x0100a71c   0x0100a71c   0x00000018   Code   RO          347    i.set_msp           system_gr55xx.o
    0x0100a734   0x0100a734   0x00000004   Code   RO         6176    i.sys_efuse_info_sync_patch  ble_sdk_gr551x_d.lib(system_sdk_patch.o)
    0x0100a738   0x0100a738   0x00000018   Code   RO         3631    i.sys_sdk_verison_get  ble_sdk_gr551x_d.lib(platform_sdk.o)
    0x0100a750   0x0100a750   0x00000038   Code   RO         4475    i.system_calculate_sram_size  ble_sdk_gr551x_d.lib(platform_sram.o)
    0x0100a788   0x0100a788   0x00000050   Code   RO         4102    i.system_clk_mgmt_init  ble_sdk_gr551x_d.lib(platform_clock.o)
    0x0100a7d8   0x0100a7d8   0x00000004   Code   RO         4562    i.system_conf_correction  ble_sdk_gr551x_d.lib(cold_patch.o)
    0x0100a7dc   0x0100a7dc   0x00000024   Code   RO         3632    i.system_io_leakage_protect  ble_sdk_gr551x_d.lib(platform_sdk.o)
    0x0100a800   0x0100a800   0x00000108   Code   RO         3633    i.system_low_power_set  ble_sdk_gr551x_d.lib(platform_sdk.o)
    0x0100a908   0x0100a908   0x00000018   Code   RO          348    i.system_platform_init  system_gr55xx.o
    0x0100a920   0x0100a920   0x00000034   Code   RO         1635    i.system_pmu_calibration_init  pmu_calibration.o
    0x0100a954   0x0100a954   0x00000006   Code   RO         3636    i.system_pmu_deinit  ble_sdk_gr551x_d.lib(platform_sdk.o)
    0x0100a95a   0x0100a95a   0x00000002   PAD
    0x0100a95c   0x0100a95c   0x00000090   Code   RO         3637    i.system_pmu_init   ble_sdk_gr551x_d.lib(platform_sdk.o)
    0x0100a9ec   0x0100a9ec   0x000000b0   Code   RO         3638    i.system_priority_init  ble_sdk_gr551x_d.lib(platform_sdk.o)
    0x0100aa9c   0x0100aa9c   0x00000010   Code   RO         6177    i.system_sdk_replace  ble_sdk_gr551x_d.lib(system_sdk_patch.o)
    0x0100aaac   0x0100aaac   0x00000004   Code   RO         1204    i.systick_prepare_for_sleep  app_systick.o
    0x0100aab0   0x0100aab0   0x00000002   Code   RO         1205    i.systick_sleep_canceled  app_systick.o
    0x0100aab2   0x0100aab2   0x00000002   PAD
    0x0100aab4   0x0100aab4   0x00000044   Code   RO         3639    i.temperature_calibrations  ble_sdk_gr551x_d.lib(platform_sdk.o)
    0x0100aaf8   0x0100aaf8   0x00000168   Code   RO         3640    i.ton_value_set     ble_sdk_gr551x_d.lib(platform_sdk.o)
    0x0100ac60   0x0100ac60   0x0000005c   Code   RO         2524    i.transport_ble_continue_send  transport_scheduler.o
    0x0100acbc   0x0100acbc   0x00000044   Code   RO         2525    i.transport_ble_data_send  transport_scheduler.o
    0x0100ad00   0x0100ad00   0x0000004c   Code   RO         2526    i.transport_ble_init  transport_scheduler.o
    0x0100ad4c   0x0100ad4c   0x0000000c   Code   RO         2527    i.transport_flag_cfm  transport_scheduler.o
    0x0100ad58   0x0100ad58   0x0000000c   Code   RO         2528    i.transport_flag_set  transport_scheduler.o
    0x0100ad64   0x0100ad64   0x00000038   Code   RO         2529    i.transport_schedule  transport_scheduler.o
    0x0100ad9c   0x0100ad9c   0x00000030   Code   RO         2530    i.transport_uart_data_send  transport_scheduler.o
    0x0100adcc   0x0100adcc   0x00000024   Code   RO         2531    i.transport_uart_init  transport_scheduler.o
    0x0100adf0   0x0100adf0   0x00000030   Code   RO         2363    i.uart_evt_handler  user_periph_setup.o
    0x0100ae20   0x0100ae20   0x000000a4   Code   RO         1069    i.uart_gpio_config  app_uart.o
    0x0100aec4   0x0100aec4   0x00000074   Code   RO         2364    i.uart_init         user_periph_setup.o
    0x0100af38   0x0100af38   0x00000060   Code   RO         1070    i.uart_prepare_for_sleep  app_uart.o
    0x0100af98   0x0100af98   0x00000002   Code   RO         1071    i.uart_sleep_canceled  app_uart.o
    0x0100af9a   0x0100af9a   0x00000002   PAD
    0x0100af9c   0x0100af9c   0x00000010   Code   RO         2532    i.uart_to_ble_push  transport_scheduler.o
    0x0100afac   0x0100afac   0x0000000a   Code   RO         2365    i.uart_tx_data_send  user_periph_setup.o
    0x0100afb6   0x0100afb6   0x00000002   PAD
    0x0100afb8   0x0100afb8   0x00000038   Code   RO         2533    i.update_ble_flow_ctrl_state  transport_scheduler.o
    0x0100aff0   0x0100aff0   0x0000000c   Code   RO         2534    i.update_mtu_size   transport_scheduler.o
    0x0100affc   0x0100affc   0x0000001a   Code   RO         3641    i.vbatt_calibrations  ble_sdk_gr551x_d.lib(platform_sdk.o)
    0x0100b016   0x0100b016   0x00000002   PAD
    0x0100b018   0x0100b018   0x00000020   Code   RO         6685    i.warm_boot_cfg_patch  ble_sdk_gr551x_d.lib(boot_patch.o)
    0x0100b038   0x0100b038   0x0000002c   Code   RO         7246    locale$$code        c_w.l(lc_numeric_c.o)
    0x0100b064   0x0100b064   0x0000002c   Code   RO         7284    locale$$code        c_w.l(lc_ctype_c.o)
    0x0100b090   0x0100b090   0x00000150   Code   RO         6994    x$fpl$dadd          fz_wm.l(daddsub_clz.o)
    0x0100b1e0   0x0100b1e0   0x00000010   Code   RO         7145    x$fpl$dcheck1       fz_wm.l(dcheck1.o)
    0x0100b1f0   0x0100b1f0   0x00000018   Code   RO         7147    x$fpl$dcmpinf       fz_wm.l(dcmpi.o)
    0x0100b208   0x0100b208   0x000002b0   Code   RO         7001    x$fpl$ddiv          fz_wm.l(ddiv.o)
    0x0100b4b8   0x0100b4b8   0x0000005e   Code   RO         7004    x$fpl$dfix          fz_wm.l(dfix.o)
    0x0100b516   0x0100b516   0x00000002   PAD
    0x0100b518   0x0100b518   0x0000005a   Code   RO         7008    x$fpl$dfixu         fz_wm.l(dfixu.o)
    0x0100b572   0x0100b572   0x00000026   Code   RO         7012    x$fpl$dfltu         fz_wm.l(dflt_clz.o)
    0x0100b598   0x0100b598   0x00000078   Code   RO         7018    x$fpl$dleqf         fz_wm.l(dleqf.o)
    0x0100b610   0x0100b610   0x00000154   Code   RO         7020    x$fpl$dmul          fz_wm.l(dmul.o)
    0x0100b764   0x0100b764   0x0000009c   Code   RO         7149    x$fpl$dnaninf       fz_wm.l(dnaninf.o)
    0x0100b800   0x0100b800   0x0000000c   Code   RO         7151    x$fpl$dretinf       fz_wm.l(dretinf.o)
    0x0100b80c   0x0100b80c   0x0000006c   Code   RO         7022    x$fpl$drleqf        fz_wm.l(drleqf.o)
    0x0100b878   0x0100b878   0x00000016   Code   RO         6995    x$fpl$drsb          fz_wm.l(daddsub_clz.o)
    0x0100b88e   0x0100b88e   0x00000002   PAD
    0x0100b890   0x0100b890   0x000001d4   Code   RO         6996    x$fpl$dsub          fz_wm.l(daddsub_clz.o)
    0x0100ba64   0x0100ba64   0x00000056   Code   RO         7024    x$fpl$f2d           fz_wm.l(f2d.o)
    0x0100baba   0x0100baba   0x00000012   Code   RO         7026    x$fpl$fadd          fz_wm.l(faddsub_clz.o)
    0x0100bacc   0x0100bacc   0x00000012   Code   RO         7032    x$fpl$fdiv          fz_wm.l(fdiv.o)
    0x0100bade   0x0100bade   0x0000000e   Code   RO         7036    x$fpl$ffixu         fz_wm.l(ffixu.o)
    0x0100baec   0x0100baec   0x0000000e   Code   RO         7040    x$fpl$ffltu         fz_wm.l(fflt_clz.o)
    0x0100bafa   0x0100bafa   0x00000012   Code   RO         7044    x$fpl$fmul          fz_wm.l(fmul.o)
    0x0100bb0c   0x0100bb0c   0x0000008c   Code   RO         7153    x$fpl$fnaninf       fz_wm.l(fnaninf.o)
    0x0100bb98   0x0100bb98   0x0000000a   Code   RO         7205    x$fpl$fpinit        fz_wm.l(fpinit.o)
    0x0100bba2   0x0100bba2   0x00000004   Code   RO         7155    x$fpl$printf1       fz_wm.l(printf1.o)
    0x0100bba6   0x0100bba6   0x00000004   Code   RO         7157    x$fpl$printf2       fz_wm.l(printf2.o)
    0x0100bbaa   0x0100bbaa   0x00000064   Code   RO         7207    x$fpl$retnan        fz_wm.l(retnan.o)
    0x0100bc0e   0x0100bc0e   0x0000005c   Code   RO         7046    x$fpl$scalbn        fz_wm.l(scalbn.o)
    0x0100bc6a   0x0100bc6a   0x00000030   Code   RO         7266    x$fpl$trapveneer    fz_wm.l(trapv.o)
    0x0100bc9a   0x0100bc9a   0x00000000   Code   RO         7163    x$fpl$usenofp       fz_wm.l(usenofp.o)
    0x0100bc9a   0x0100bc9a   0x00000002   PAD
    0x0100bc9c   0x0100bc9c   0x00000030   Data   RO          349    .constdata          system_gr55xx.o
    0x0100bccc   0x0100bccc   0x0000000c   Data   RO          804    .constdata          app_dma.o
    0x0100bcd8   0x0100bcd8   0x00000084   Data   RO          962    .constdata          app_io.o
    0x0100bd5c   0x0100bd5c   0x00000020   Data   RO         1073    .constdata          app_uart.o
    0x0100bd7c   0x0100bd7c   0x0000000c   Data   RO         1206    .constdata          app_systick.o
    0x0100bd88   0x0100bd88   0x000000d4   Data   RO         2053    .constdata          gus.o
    0x0100be5c   0x0100be5c   0x00000064   Data   RO         2290    .constdata          user_gap_callback.o
    0x0100bec0   0x0100bec0   0x0000003e   Data   RO         2291    .constdata          user_gap_callback.o
    0x0100befe   0x0100befe   0x00000002   PAD
    0x0100bf00   0x0100bf00   0x00000008   Data   RO         2332    .constdata          user_gatt_common_callback.o
    0x0100bf08   0x0100bf08   0x00000006   Data   RO         2367    .constdata          user_periph_setup.o
    0x0100bf0e   0x0100bf0e   0x00000002   PAD
    0x0100bf10   0x0100bf10   0x000000f4   Data   RO         2468    .constdata          user_app.o
    0x0100c004   0x0100c004   0x00000010   Data   RO         2469    .constdata          user_app.o
    0x0100c014   0x0100c014   0x0000000e   Data   RO         2470    .constdata          user_app.o
    0x0100c022   0x0100c022   0x00000019   Data   RO         2471    .constdata          user_app.o
    0x0100c03b   0x0100c03b   0x00000026   Data   RO         2956    .constdata          ble_sdk_gr551x_d.lib(sdk_nvds_patch.o)
    0x0100c061   0x0100c061   0x00000003   PAD
    0x0100c064   0x0100c064   0x00000010   Data   RO         3643    .constdata          ble_sdk_gr551x_d.lib(platform_sdk.o)
    0x0100c074   0x0100c074   0x00000020   Data   RO         5762    .constdata          ble_sdk_gr551x_d.lib(gattc_task_patch.o)
    0x0100c094   0x0100c094   0x00000008   Data   RO         6111    .constdata          ble_sdk_gr551x_d.lib(dfu_cmd_handler_patch.o)
    0x0100c09c   0x0100c09c   0x00000074   Data   RO         6267    .constdata          ble_sdk_gr551x_d.lib(rf_gdx_patch.o)
    0x0100c110   0x0100c110   0x00000010   Data   RO         6354    .constdata          ble_sdk_gr551x_d.lib(ble_sdk_patch.o)
    0x0100c120   0x0100c120   0x00000081   Data   RO         6803    .constdata          ble_sdk_gr551x_d.lib(atts_patch.o)
    0x0100c1a1   0x0100c1a1   0x00000028   Data   RO         6947    .constdata          c_w.l(_printf_hex_int_ll_ptr.o)
    0x0100c1c9   0x0100c1c9   0x00000011   Data   RO         6967    .constdata          c_w.l(__printf_flags_ss_wp.o)
    0x0100c1da   0x0100c1da   0x00000002   PAD
    0x0100c1dc   0x0100c1dc   0x00000008   Data   RO         7070    .constdata          c_w.l(_printf_wctomb.o)
    0x0100c1e4   0x0100c1e4   0x00000026   Data   RO         7191    .constdata          c_w.l(_printf_fp_hex.o)
    0x0100c20a   0x0100c20a   0x00000002   PAD
    0x0100c20c   0x0100c20c   0x00000094   Data   RO         7221    .constdata          c_w.l(bigflt0.o)
    0x0100c2a0   0x0100c2a0   0x00000584   Data   RO         1837    .conststring        app_error.o
    0x0100c824   0x0100c824   0x00000020   Data   RO         1886    .conststring        app_log.o
    0x0100c844   0x0100c844   0x00000017   Data   RO         2472    .conststring        user_app.o
    0x0100c85b   0x0100c85b   0x00000001   PAD
    0x0100c85c   0x0100c85c   0x00000041   Data   RO         5511    .conststring        ble_sdk_gr551x_d.lib(lld_scan_patch.o)
    0x0100c89d   0x0100c89d   0x00000003   PAD
    0x0100c8a0   0x0100c8a0   0x00000040   Data   RO         7355    Region$$Table       anon$$obj.o
    0x0100c8e0   0x0100c8e0   0x0000001c   Data   RO         7245    locale$$data        c_w.l(lc_numeric_c.o)
    0x0100c8fc   0x0100c8fc   0x00000110   Data   RO         7283    locale$$data        c_w.l(lc_ctype_c.o)


    Execution Region FPB_TABLE (Exec base: 0x30004000, Load base: 0x0100ca0c, Size: 0x00000020, Max: 0x00000020, ABSOLUTE)

    Exec Addr    Load Addr    Size         Type   Attr      Idx    E Section Name        Object

    0x30004000   0x0100ca0c   0x00000020   Data   RW         6714    FPB                 ble_sdk_gr551x_d.lib(platform_patch.o)


==============================================================================

Image component sizes


      Code (inc. data)   RO Data    RW Data    ZI Data      Debug   Object Name

       536        118          0         12        156       5869   app_assert.o
       562         46         12          4        768      15995   app_dma.o
       236        120       1412        344       1024       3214   app_error.o
       272         28          0          0        516       7859   app_gpiote.o
       244         14        132          0          0       2010   app_io.o
       610         64         32         16        292      44869   app_log.o
       236         22          0          0         84       3570   app_pwr_mgmt.o
        82         16         12          2          0       3407   app_systick.o
       892         48          0          0        420      46894   app_timer.o
      1724         78         32          4        488      24963   app_uart.o
       126          0          0          0          0       4660   ble_prf_utils.o
        24          4          0          8          0       2003   gr55xx_hal.o
        24          4          0          4          0       1388   gr55xx_hal_aon_gpio.o
        28          4          0          4          0       1408   gr55xx_hal_gpio.o
        28          4          0          0          0        754   gr55xx_hal_pwr.o
        54          8          0         32          0       4751   gr55xx_hal_uart.o
       744         84        212         32         48       9777   gus.o
        66          0          0          0          0     282141   interrupt_gr55xx.o
        32          4          0         68      36388       2134   main.o
       186          8          0         24          0       4025   platform_gr55xx.o
        52         10          0          4          0       1098   pmu_calibration.o
       378          0          0          0          0       7550   ring_buffer.o
        40         12        200          0          0        912   startup_gr55xx.o
       232         52         48          8          0      12619   system_gr55xx.o
       540         90          0          9      10760       9145   transport_scheduler.o
       874        210        322          4         18       7683   user_app.o
       434        290        162          0          0       3736   user_gap_callback.o
         6          0          8          0          0       2075   user_gatt_common_callback.o
       272         34          6          8       8516       5002   user_periph_setup.o
        10          0          0          0          0       1202   utility.o

    ----------------------------------------------------------------------
      9634       1372       2659        589      92316     522713   Object Totals
        60          0         64          0      32768          0   (incl. Generated)
        30          0          5          2         70          0   (incl. Padding)

    ----------------------------------------------------------------------

      Code (inc. data)   RO Data    RW Data    ZI Data      Debug   Library Member Name

       708        164        129          0          0      13485   atts_patch.o
       652        144          0          0        184       5543   ble_sdk_gapc_patch.o
       268         12          0          0          0      56608   ble_sdk_gapm_patch.o
       192         20          0          0         88       3465   ble_sdk_gatt_task_patch.o
       148          6          0          0          0     123313   ble_sdk_gattc_patch.o
       158         22         16          0          0       4520   ble_sdk_patch.o
        32          6          0          0          0        614   boot_patch.o
       126          4          0          1          0       3327   cold_patch.o
       344         42          8          0          0       9260   dfu_cmd_handler_patch.o
       100          6          0         28          0       1998   fpb_patch_init.o
       464         50          0          0        504       6754   gapc_hci_patch.o
       304         74         32          0        224      15855   gattc_task_patch.o
       148         20          0          1          0     239134   gr55xx_hal_aon_gpio_patch.o
         0          0          0          1          0        742   gr55xx_hal_comp_patch.o
       140         10          0          0          0      27191   gr55xx_hal_dma_patch.o
      1398          8          0          4          0      56042   gr55xx_hal_exflash_patch.o
       284         16          0          0          0       7391   gr55xx_ll_aon_gpio_patch.o
       328          6          0          0          0      19422   gr55xx_ll_dma_patch.o
       300         42          0          1          0       6134   hci_patch.o
       516         48          0          0          0       8974   llc_con_upd_patch.o
       840         56          0          0          0      10277   llc_encrypt_patch.o
       188         22          0          0        420       8066   llc_llcp_patch.o
       422         78          0          0        640       8940   llc_task_patch.o
      1064         50          0          0          0       8406   lld_con_patch.o
        34          8          0          0          0       1164   lld_patch.o
      3348        208         65          0          0      32874   lld_scan_patch.o
      1600        172          0          0        640      12928   llm_hci_patch.o
       784         26          0          0          0       4060   llm_scan_patch.o
       938         94          0          1         36      17854   platform_clock.o
       348         28          0          0          0     262420   platform_exflash.o
       150         24          0         32          0       3427   platform_patch.o
      6012        550         16        296         52     305536   platform_sdk.o
       212         12          0          0          0       4423   platform_sram.o
       404         76        116          0          0      27413   rf_gdx_patch.o
       608         64          0          8          0     165846   rwble_patch.o
      2048        244          0         32          0      65066   rwip_sleep_patch.o
        44         14          0          0          0       5817   sch_arb_patch.o
       864        104          0         12          0      11438   sch_prog_patch.o
      1400        374         38          0       4096      38938   sdk_nvds_patch.o
       596         46          0          4          0      46706   sdk_pwr_mgmt_patch.o
        88          8          0          0          0       1151   sdk_ram_init_patch.o
        80         18          0          0          0      31780   system_sdk_patch.o
       364         28          0          0          0      19605   warm_boot_patch.o
        56          6          0          0          0         88   __2snprintf.o
        44          6          0          0          0         84   __2sprintf.o
        90          0          0          0          0          0   __dczerorl2.o
         8          0          0          0          0         68   __main.o
       392          4         17          0          0         92   __printf_flags_ss_wp.o
        14          0          0          0          0         68   __printf_wp.o
         0          0          0          0          0          0   __rtentry.o
        12          0          0          0          0          0   __rtentry2.o
         8          4          0          0          0          0   __rtentry6.o
        52          8          0          0          0          0   __scatter.o
        26          0          0          0          0          0   __scatter_copy.o
        28          0          0          0          0          0   __scatter_zi.o
         6          0          0          0          0          0   _printf_a.o
         6          0          0          0          0          0   _printf_c.o
        44          0          0          0          0        108   _printf_char.o
        48          6          0          0          0         96   _printf_char_common.o
        40          0          0          0          0         68   _printf_charcount.o
         6          0          0          0          0          0   _printf_d.o
       120         16          0          0          0         92   _printf_dec.o
         6          0          0          0          0          0   _printf_e.o
         6          0          0          0          0          0   _printf_f.o
      1054          0          0          0          0        216   _printf_fp_dec.o
       764          8         38          0          0        100   _printf_fp_hex.o
       128         16          0          0          0         84   _printf_fp_infnan.o
         6          0          0          0          0          0   _printf_g.o
       148          4         40          0          0        160   _printf_hex_int_ll_ptr.o
         6          0          0          0          0          0   _printf_i.o
       178          0          0          0          0         88   _printf_intcommon.o
        10          0          0          0          0          0   _printf_l.o
         6          0          0          0          0          0   _printf_lc.o
        10          0          0          0          0          0   _printf_ll.o
         6          0          0          0          0          0   _printf_lld.o
         6          0          0          0          0          0   _printf_lli.o
         6          0          0          0          0          0   _printf_llo.o
         6          0          0          0          0          0   _printf_llu.o
         6          0          0          0          0          0   _printf_llx.o
       124         16          0          0          0         92   _printf_longlong_dec.o
         6          0          0          0          0          0   _printf_ls.o
         6          0          0          0          0          0   _printf_n.o
         6          0          0          0          0          0   _printf_o.o
       112         10          0          0          0        124   _printf_oct_int_ll.o
         6          0          0          0          0          0   _printf_p.o
        78          0          0          0          0        108   _printf_pad.o
         0          0          0          0          0          0   _printf_percent.o
         4          0          0          0          0          0   _printf_percent_end.o
         6          0          0          0          0          0   _printf_s.o
        82          0          0          0          0         80   _printf_str.o
        36          0          0          0          0         84   _printf_truncate.o
         6          0          0          0          0          0   _printf_u.o
        44          0          0          0          0        108   _printf_wchar.o
       188          6          8          0          0         92   _printf_wctomb.o
         6          0          0          0          0          0   _printf_x.o
        16          0          0          0          0         68   _snputc.o
        10          0          0          0          0         68   _sputc.o
        64          0          0          0          0         92   _wcrtomb.o
       228          4        148          0          0         96   bigflt0.o
      1936        128          0          0          0        672   btod.o
        18          0          0          0          0         80   exit.o
         0          0          0          0          0          0   indicate_semi.o
        44         10        272          0          0         76   lc_ctype_c.o
        44         10         28          0          0         76   lc_numeric_c.o
         2          0          0          0          0          0   libinit.o
        38          0          0          0          0          0   libinit2.o
         2          0          0          0          0          0   libshutdown.o
         2          0          0          0          0          0   libshutdown2.o
         0          0          0          0         96          0   libspace.o
       138          0          0          0          0         80   lludiv10.o
       238          0          0          0          0        100   lludivv7m.o
        88          0          0          0          0         76   memcmp.o
        60         14          0          0        228         92   rand.o
        16          4          0          0          0         76   rt_ctype_table.o
         8          4          0          0          0         68   rt_locale_intlibspace.o
        68          0          0          0          0         68   rt_memclr.o
        78          0          0          0          0         80   rt_memclr_w.o
       138          0          0          0          0         68   rt_memcpy_v6.o
       100          0          0          0          0         80   rt_memcpy_w.o
         2          0          0          0          0          0   rtexit.o
        10          0          0          0          0          0   rtexit2.o
       128          0          0          0          0         68   strcmpv7m.o
        62          0          0          0          0         76   strlen.o
        12          4          0          0          0         68   sys_exit.o
         2          0          0          0          0         68   use_no_semi.o
        52          4          0          0          0         80   vsnprintf.o
       826         16          0          0          0        492   daddsub_clz.o
        16          4          0          0          0        116   dcheck1.o
        24          0          0          0          0        116   dcmpi.o
       688        140          0          0          0        256   ddiv.o
        94          4          0          0          0        140   dfix.o
        90          4          0          0          0        140   dfixu.o
        38          0          0          0          0        116   dflt_clz.o
       120          4          0          0          0        140   dleqf.o
       340         12          0          0          0        152   dmul.o
       156          4          0          0          0        140   dnaninf.o
        12          0          0          0          0        116   dretinf.o
       108          0          0          0          0        128   drleqf.o
        86          4          0          0          0        132   f2d.o
        18          0          0          0          0        116   faddsub_clz.o
        18          0          0          0          0        116   fdiv.o
        14          0          0          0          0        116   ffixu.o
        14          0          0          0          0        116   fflt_clz.o
        18          0          0          0          0        116   fmul.o
       140          4          0          0          0        132   fnaninf.o
        10          0          0          0          0        116   fpinit.o
         4          0          0          0          0        116   printf1.o
         4          0          0          0          0        116   printf2.o
       100          0          0          0          0        116   retnan.o
        92          0          0          0          0        116   scalbn.o
        48          0          0          0          0        116   trapv.o
         0          0          0          0          0          0   usenofp.o
        48          0          0          0          0        124   fpclassify.o

    ----------------------------------------------------------------------
     39874       3492        981        431       7208    1712099   Library Totals
        36          0         10         10          0          0   (incl. Padding)

    ----------------------------------------------------------------------

      Code (inc. data)   RO Data    RW Data    ZI Data      Debug   Library Name

     29046       3004        420        421       6884    1703907   ble_sdk_gr551x_d.lib
      7666        292        551          0        324       4476   c_w.l
      3078        196          0          0          0       3592   fz_wm.l
        48          0          0          0          0        124   m_wm.l

    ----------------------------------------------------------------------
     39874       3492        981        431       7208    1712099   Library Totals

    ----------------------------------------------------------------------

==============================================================================


      Code (inc. data)   RO Data    RW Data    ZI Data      Debug   

     49508       4864       3640       1020      99524    2208348   Grand Totals
     49508       4864       3640        504      99524    2208348   ELF Image Totals (compressed)
     49508       4864       3640        504          0          0   ROM Totals

==============================================================================

    Total RO  Size (Code + RO Data)                53148 (  51.90kB)
    Total RW  Size (RW Data + ZI Data)            100544 (  98.19kB)
    Total ROM Size (Code + RO Data + RW Data)      53652 (  52.39kB)

==============================================================================

